Component: Arm Compiler for Embedded 6.18 Tool: armlink [5e4cc100]

==============================================================================

Section Cross References

    startup_stm32h723xx.o(STACK) refers (Special) to heapauxi.o(.text) for __use_two_region_memory
    startup_stm32h723xx.o(HEAP) refers (Special) to heapauxi.o(.text) for __use_two_region_memory
    startup_stm32h723xx.o(RESET) refers (Special) to heapauxi.o(.text) for __use_two_region_memory
    startup_stm32h723xx.o(RESET) refers to startup_stm32h723xx.o(STACK) for __initial_sp
    startup_stm32h723xx.o(RESET) refers to startup_stm32h723xx.o(.text) for Reset_Handler
    startup_stm32h723xx.o(RESET) refers to stm32h7xx_it.o(.text.NMI_Handler) for NMI_Handler
    startup_stm32h723xx.o(RESET) refers to stm32h7xx_it.o(.text.HardFault_Handler) for HardFault_Handler
    startup_stm32h723xx.o(RESET) refers to stm32h7xx_it.o(.text.MemManage_Handler) for MemManage_Handler
    startup_stm32h723xx.o(RESET) refers to stm32h7xx_it.o(.text.BusFault_Handler) for BusFault_Handler
    startup_stm32h723xx.o(RESET) refers to stm32h7xx_it.o(.text.UsageFault_Handler) for UsageFault_Handler
    startup_stm32h723xx.o(RESET) refers to port.o(.text.SVC_Handler) for SVC_Handler
    startup_stm32h723xx.o(RESET) refers to stm32h7xx_it.o(.text.DebugMon_Handler) for DebugMon_Handler
    startup_stm32h723xx.o(RESET) refers to port.o(.text.PendSV_Handler) for PendSV_Handler
    startup_stm32h723xx.o(RESET) refers to cmsis_os2.o(.text.SysTick_Handler) for SysTick_Handler
    startup_stm32h723xx.o(RESET) refers to stm32h7xx_it.o(.text.DMA1_Stream0_IRQHandler) for DMA1_Stream0_IRQHandler
    startup_stm32h723xx.o(RESET) refers to stm32h7xx_it.o(.text.DMA1_Stream1_IRQHandler) for DMA1_Stream1_IRQHandler
    startup_stm32h723xx.o(RESET) refers to stm32h7xx_it.o(.text.DMA1_Stream2_IRQHandler) for DMA1_Stream2_IRQHandler
    startup_stm32h723xx.o(RESET) refers to stm32h7xx_it.o(.text.DMA1_Stream3_IRQHandler) for DMA1_Stream3_IRQHandler
    startup_stm32h723xx.o(RESET) refers to stm32h7xx_it.o(.text.DMA1_Stream4_IRQHandler) for DMA1_Stream4_IRQHandler
    startup_stm32h723xx.o(RESET) refers to stm32h7xx_it.o(.text.DMA1_Stream5_IRQHandler) for DMA1_Stream5_IRQHandler
    startup_stm32h723xx.o(RESET) refers to stm32h7xx_it.o(.text.FDCAN1_IT0_IRQHandler) for FDCAN1_IT0_IRQHandler
    startup_stm32h723xx.o(RESET) refers to stm32h7xx_it.o(.text.TIM4_IRQHandler) for TIM4_IRQHandler
    startup_stm32h723xx.o(RESET) refers to stm32h7xx_it.o(.text.USART1_IRQHandler) for USART1_IRQHandler
    startup_stm32h723xx.o(RESET) refers to stm32h7xx_it.o(.text.USART2_IRQHandler) for USART2_IRQHandler
    startup_stm32h723xx.o(RESET) refers to stm32h7xx_it.o(.text.UART7_IRQHandler) for UART7_IRQHandler
    startup_stm32h723xx.o(.text) refers (Special) to heapauxi.o(.text) for __use_two_region_memory
    startup_stm32h723xx.o(.text) refers to system_stm32h7xx.o(.text.ExitRun0Mode) for ExitRun0Mode
    startup_stm32h723xx.o(.text) refers to system_stm32h7xx.o(.text.SystemInit) for SystemInit
    startup_stm32h723xx.o(.text) refers to __main.o(!!!main) for __main
    startup_stm32h723xx.o(.text) refers to startup_stm32h723xx.o(HEAP) for Heap_Mem
    startup_stm32h723xx.o(.text) refers to startup_stm32h723xx.o(STACK) for Stack_Mem
    main.o(.text.main) refers to main.o(.text.MPU_Config) for MPU_Config
    main.o(.text.main) refers to stm32h7xx_hal.o(.text.HAL_Init) for HAL_Init
    main.o(.text.main) refers to main.o(.text.SystemClock_Config) for SystemClock_Config
    main.o(.text.main) refers to gpio.o(.text.MX_GPIO_Init) for MX_GPIO_Init
    main.o(.text.main) refers to dma.o(.text.MX_DMA_Init) for MX_DMA_Init
    main.o(.text.main) refers to fdcan.o(.text.MX_FDCAN1_Init) for MX_FDCAN1_Init
    main.o(.text.main) refers to usart.o(.text.MX_UART7_Init) for MX_UART7_Init
    main.o(.text.main) refers to usart.o(.text.MX_USART1_UART_Init) for MX_USART1_UART_Init
    main.o(.text.main) refers to usart.o(.text.MX_USART2_UART_Init) for MX_USART2_UART_Init
    main.o(.text.main) refers to cmsis_os2.o(.text.osKernelInitialize) for osKernelInitialize
    main.o(.text.main) refers to freertos.o(.text.MX_FREERTOS_Init) for MX_FREERTOS_Init
    main.o(.text.main) refers to cmsis_os2.o(.text.osKernelStart) for osKernelStart
    main.o(.ARM.exidx.text.main) refers to main.o(.text.main) for [Anonymous Symbol]
    main.o(.text.MPU_Config) refers to stm32h7xx_hal_cortex.o(.text.HAL_MPU_Disable) for HAL_MPU_Disable
    main.o(.text.MPU_Config) refers to stm32h7xx_hal_cortex.o(.text.HAL_MPU_ConfigRegion) for HAL_MPU_ConfigRegion
    main.o(.text.MPU_Config) refers to stm32h7xx_hal_cortex.o(.text.HAL_MPU_Enable) for HAL_MPU_Enable
    main.o(.ARM.exidx.text.MPU_Config) refers to main.o(.text.MPU_Config) for [Anonymous Symbol]
    main.o(.text.SystemClock_Config) refers to rt_memclr_w.o(.text) for __aeabi_memclr4
[...]
    DMA1_Stream4_IRQHandler                  0x08000c69   Thumb Code    16  stm32h7xx_it.o(.text.DMA1_Stream4_IRQHandler)
    DMA1_Stream5_IRQHandler                  0x08000c79   Thumb Code    16  stm32h7xx_it.o(.text.DMA1_Stream5_IRQHandler)
    DT35_Analysis                            0x08001709   Thumb Code   212  dt35.o(.text.DT35_Analysis)
    DebugMon_Handler                         0x080017e1   Thumb Code     2  stm32h7xx_it.o(.text.DebugMon_Handler)
    Error_Handler                            0x080017e9   Thumb Code     6  main.o(.text.Error_Handler)
    ExitRun0Mode                             0x080017f1   Thumb Code    40  system_stm32h7xx.o(.text.ExitRun0Mode)
    FDCAN1_IT0_IRQHandler                    0x08001819   Thumb Code    16  stm32h7xx_it.o(.text.FDCAN1_IT0_IRQHandler)
    HAL_DMA_Abort                            0x08001be1   Thumb Code  2424  stm32h7xx_hal_dma.o(.text.HAL_DMA_Abort)
    HAL_DMA_Abort_IT                         0x08002559   Thumb Code  1706  stm32h7xx_hal_dma.o(.text.HAL_DMA_Abort_IT)
    HAL_DMA_IRQHandler                       0x08002c09   Thumb Code  4544  stm32h7xx_hal_dma.o(.text.HAL_DMA_IRQHandler)
    HAL_DMA_Init                             0x08003dc9   Thumb Code  2402  stm32h7xx_hal_dma.o(.text.HAL_DMA_Init)
    HAL_DMA_Start_IT                         0x08004731   Thumb Code  1794  stm32h7xx_hal_dma.o(.text.HAL_DMA_Start_IT)
    HAL_FDCAN_ActivateNotification           0x08004e39   Thumb Code   254  stm32h7xx_hal_fdcan.o(.text.HAL_FDCAN_ActivateNotification)
    HAL_FDCAN_AddMessageToTxFifoQ            0x08004f39   Thumb Code   202  stm32h7xx_hal_fdcan.o(.text.HAL_FDCAN_AddMessageToTxFifoQ)
    HAL_FDCAN_ClockCalibrationCallback       0x08005009   Thumb Code    10  stm32h7xx_hal_fdcan.o(.text.HAL_FDCAN_ClockCalibrationCallback)
    HAL_FDCAN_ConfigGlobalFilter             0x08005019   Thumb Code    92  stm32h7xx_hal_fdcan.o(.text.HAL_FDCAN_ConfigGlobalFilter)
    HAL_FDCAN_ErrorCallback                  0x08005079   Thumb Code     8  stm32h7xx_hal_fdcan.o(.text.HAL_FDCAN_ErrorCallback)
    HAL_FDCAN_ErrorStatusCallback            0x08005081   Thumb Code    10  stm32h7xx_hal_fdcan.o(.text.HAL_FDCAN_ErrorStatusCallback)
    HAL_FDCAN_GetRxMessage                   0x08005091   Thumb Code   784  stm32h7xx_hal_fdcan.o(.text.HAL_FDCAN_GetRxMessage)
    HAL_FDCAN_HighPriorityMessageCallback    0x080053a1   Thumb Code     8  stm32h7xx_hal_fdcan.o(.text.HAL_FDCAN_HighPriorityMessageCallback)
    HAL_FDCAN_IRQHandler                     0x080053a9   Thumb Code  1506  stm32h7xx_hal_fdcan.o(.text.HAL_FDCAN_IRQHandler)
    HAL_FDCAN_Init                           0x08005991   Thumb Code   992  stm32h7xx_hal_fdcan.o(.text.HAL_FDCAN_Init)
    HAL_FDCAN_MspInit                        0x08005d71   Thumb Code   216  fdcan.o(.text.HAL_FDCAN_MspInit)
    HAL_FDCAN_RxBufferNewMessageCallback     0x08005e49   Thumb Code     8  stm32h7xx_hal_fdcan.o(.text.HAL_FDCAN_RxBufferNewMessageCallback)
    HAL_FDCAN_RxFifo0Callback                0x08005e51   Thumb Code   154  mymain.o(.text.HAL_FDCAN_RxFifo0Callback)
    HAL_FDCAN_RxFifo1Callback                0x08005ef1   Thumb Code    10  stm32h7xx_hal_fdcan.o(.text.HAL_FDCAN_RxFifo1Callback)
    HAL_FDCAN_Start                          0x08005f01   Thumb Code    80  stm32h7xx_hal_fdcan.o(.text.HAL_FDCAN_Start)
    HAL_FDCAN_TT_GlobalTimeCallback          0x08005f51   Thumb Code    10  stm32h7xx_hal_fdcan.o(.text.HAL_FDCAN_TT_GlobalTimeCallback)
    HAL_FDCAN_TT_ScheduleSyncCallback        0x08005f61   Thumb Code    10  stm32h7xx_hal_fdcan.o(.text.HAL_FDCAN_TT_ScheduleSyncCallback)
    HAL_FDCAN_TT_StopWatchCallback           0x08005f71   Thumb Code    12  stm32h7xx_hal_fdcan.o(.text.HAL_FDCAN_TT_StopWatchCallback)
    HAL_FDCAN_TT_TimeMarkCallback            0x08005f81   Thumb Code    10  stm32h7xx_hal_fdcan.o(.text.HAL_FDCAN_TT_TimeMarkCallback)
    HAL_FDCAN_TimeoutOccurredCallback        0x08005f91   Thumb Code     8  stm32h7xx_hal_fdcan.o(.text.HAL_FDCAN_TimeoutOccurredCallback)
    HAL_FDCAN_TimestampWraparoundCallback    0x08005f99   Thumb Code     8  stm32h7xx_hal_fdcan.o(.text.HAL_FDCAN_TimestampWraparoundCallback)
    HAL_FDCAN_TxBufferAbortCallback          0x08005fa1   Thumb Code    10  stm32h7xx_hal_fdcan.o(.text.HAL_FDCAN_TxBufferAbortCallback)
    HAL_FDCAN_TxBufferCompleteCallback       0x08005fb1   Thumb Code    10  stm32h7xx_hal_fdcan.o(.text.HAL_FDCAN_TxBufferCompleteCallback)
    HAL_FDCAN_TxEventFifoCallback            0x08005fc1   Thumb Code    10  stm32h7xx_hal_fdcan.o(.text.HAL_FDCAN_TxEventFifoCallback)
    HAL_FDCAN_TxFifoEmptyCallback            0x08005fd1   Thumb Code     8  stm32h7xx_hal_fdcan.o(.text.HAL_FDCAN_TxFifoEmptyCallback)
    HAL_GPIO_Init                            0x08005fd9   Thumb Code   960  stm32h7xx_hal_gpio.o(.text.HAL_GPIO_Init)
    HAL_GPIO_ReadPin                         0x08006399   Thumb Code    46  stm32h7xx_hal_gpio.o(.text.HAL_GPIO_ReadPin)
    HAL_GetTick                              0x080063c9   Thumb Code    12  stm32h7xx_hal.o(.text.HAL_GetTick)
    HAL_IncTick                              0x080063d9   Thumb Code    26  stm32h7xx_hal.o(.text.HAL_IncTick)
    HAL_Init                                 0x080063f9   Thumb Code   122  stm32h7xx_hal.o(.text.HAL_Init)
    HAL_InitTick                             0x08006479   Thumb Code   220  stm32h7xx_hal_timebase_tim.o(.text.HAL_InitTick)
    HAL_MPU_ConfigRegion                     0x08006559   Thumb Code   128  stm32h7xx_hal_cortex.o(.text.HAL_MPU_ConfigRegion)
    HAL_MPU_Disable                          0x080065d9   Thumb Code    34  stm32h7xx_hal_cortex.o(.text.HAL_MPU_Disable)
    HAL_MPU_Enable                           0x08006601   Thumb Code    48  stm32h7xx_hal_cortex.o(.text.HAL_MPU_Enable)
    HAL_MspInit                              0x08006631   Thumb Code    50  stm32h7xx_hal_msp.o(.text.HAL_MspInit)
    HAL_NVIC_EnableIRQ                       0x08006669   Thumb Code    20  stm32h7xx_hal_cortex.o(.text.HAL_NVIC_EnableIRQ)
    HAL_NVIC_SetPriority                     0x08006681   Thumb Code    46  stm32h7xx_hal_cortex.o(.text.HAL_NVIC_SetPriority)
    HAL_NVIC_SetPriorityGrouping             0x080066b1   Thumb Code    16  stm32h7xx_hal_cortex.o(.text.HAL_NVIC_SetPriorityGrouping)
    HAL_PWREx_ConfigSupply                   0x080066c1   Thumb Code   162  stm32h7xx_hal_pwr_ex.o(.text.HAL_PWREx_ConfigSupply)
    HAL_RCCEx_GetD3PCLK1Freq                 0x08006769   Thumb Code    38  stm32h7xx_hal_rcc_ex.o(.text.HAL_RCCEx_GetD3PCLK1Freq)
    HAL_RCCEx_GetPLL2ClockFreq               0x08006791   Thumb Code   684  stm32h7xx_hal_rcc_ex.o(.text.HAL_RCCEx_GetPLL2ClockFreq)
    HAL_RCCEx_GetPLL3ClockFreq               0x08006a41   Thumb Code   684  stm32h7xx_hal_rcc_ex.o(.text.HAL_RCCEx_GetPLL3ClockFreq)
    HAL_RCCEx_PeriphCLKConfig                0x08006cf1   Thumb Code  4076  stm32h7xx_hal_rcc_ex.o(.text.HAL_RCCEx_PeriphCLKConfig)
    HAL_RCC_ClockConfig                      0x08007ce1   Thumb Code  1176  stm32h7xx_hal_rcc.o(.text.HAL_RCC_ClockConfig)
    HAL_RCC_GetClockConfig                   0x08008179   Thumb Code   136  stm32h7xx_hal_rcc.o(.text.HAL_RCC_GetClockConfig)
    HAL_RCC_GetHCLKFreq                      0x08008201   Thumb Code    86  stm32h7xx_hal_rcc.o(.text.HAL_RCC_GetHCLKFreq)
    HAL_RCC_GetPCLK1Freq                     0x08008259   Thumb Code    38  stm32h7xx_hal_rcc.o(.text.HAL_RCC_GetPCLK1Freq)
    HAL_RCC_GetPCLK2Freq                     0x08008281   Thumb Code    38  stm32h7xx_hal_rcc.o(.text.HAL_RCC_GetPCLK2Freq)
    HAL_RCC_GetSysClockFreq                  0x080082a9   Thumb Code   784  stm32h7xx_hal_rcc.o(.text.HAL_RCC_GetSysClockFreq)
    HAL_RCC_OscConfig                        0x080085b9   Thumb Code  2592  stm32h7xx_hal_rcc.o(.text.HAL_RCC_OscConfig)
    HAL_TIMEx_Break2Callback                 0x08008fd9   Thumb Code     8  stm32h7xx_hal_tim_ex.o(.text.HAL_TIMEx_Break2Callback)
    HAL_TIMEx_BreakCallback                  0x08008fe1   Thumb Code     8  stm32h7xx_hal_tim_ex.o(.text.HAL_TIMEx_BreakCallback)
    HAL_TIMEx_CommutCallback                 0x08008fe9   Thumb Code     8  stm32h7xx_hal_tim_ex.o(.text.HAL_TIMEx_CommutCallback)
    HAL_TIM_Base_Init                        0x08008ff1   Thumb Code   168  stm32h7xx_hal_tim.o(.text.HAL_TIM_Base_Init)
    HAL_TIM_Base_MspInit                     0x08009099   Thumb Code     8  stm32h7xx_hal_tim.o(.text.HAL_TIM_Base_MspInit)
    HAL_TIM_Base_Start_IT                    0x080090a1   Thumb Code   296  stm32h7xx_hal_tim.o(.text.HAL_TIM_Base_Start_IT)
    HAL_TIM_IC_CaptureCallback               0x080091c9   Thumb Code     8  stm32h7xx_hal_tim.o(.text.HAL_TIM_IC_CaptureCallback)
    HAL_TIM_IRQHandler                       0x080091d1   Thumb Code   592  stm32h7xx_hal_tim.o(.text.HAL_TIM_IRQHandler)
    HAL_TIM_OC_DelayElapsedCallback          0x08009421   Thumb Code     8  stm32h7xx_hal_tim.o(.text.HAL_TIM_OC_DelayElapsedCallback)
    HAL_TIM_PWM_PulseFinishedCallback        0x08009429   Thumb Code     8  stm32h7xx_hal_tim.o(.text.HAL_TIM_PWM_PulseFinishedCallback)
    HAL_TIM_PeriodElapsedCallback            0x08009431   Thumb Code    34  main.o(.text.HAL_TIM_PeriodElapsedCallback)
    HAL_TIM_TriggerCallback                  0x08009459   Thumb Code     8  stm32h7xx_hal_tim.o(.text.HAL_TIM_TriggerCallback)
    HAL_UARTEx_DisableFifoMode               0x08009461   Thumb Code   124  stm32h7xx_hal_uart_ex.o(.text.HAL_UARTEx_DisableFifoMode)
    HAL_UARTEx_ReceiveToIdle_DMA             0x080094e1   Thumb Code   176  stm32h7xx_hal_uart_ex.o(.text.HAL_UARTEx_ReceiveToIdle_DMA)
    HAL_UARTEx_RxEventCallback               0x08009591   Thumb Code  1724  mymain.o(.text.HAL_UARTEx_RxEventCallback)
    HAL_UARTEx_RxFifoFullCallback            0x08009c51   Thumb Code     8  stm32h7xx_hal_uart_ex.o(.text.HAL_UARTEx_RxFifoFullCallback)
    HAL_UARTEx_SetRxFifoThreshold            0x08009c59   Thumb Code   140  stm32h7xx_hal_uart_ex.o(.text.HAL_UARTEx_SetRxFifoThreshold)
    HAL_UARTEx_SetTxFifoThreshold            0x08009ce9   Thumb Code   140  stm32h7xx_hal_uart_ex.o(.text.HAL_UARTEx_SetTxFifoThreshold)
    HAL_UARTEx_TxFifoEmptyCallback           0x08009d79   Thumb Code     8  stm32h7xx_hal_uart_ex.o(.text.HAL_UARTEx_TxFifoEmptyCallback)
    HAL_UARTEx_WakeupCallback                0x08009d81   Thumb Code     8  stm32h7xx_hal_uart_ex.o(.text.HAL_UARTEx_WakeupCallback)
    HAL_UART_ErrorCallback                   0x08009d89   Thumb Code  1606  mymain.o(.text.HAL_UART_ErrorCallback)
    HAL_UART_IRQHandler                      0x0800a3d1   Thumb Code  1790  stm32h7xx_hal_uart.o(.text.HAL_UART_IRQHandler)
    HAL_UART_Init                            0x0800aad1   Thumb Code   170  stm32h7xx_hal_uart.o(.text.HAL_UART_Init)
    HAL_UART_MspInit                         0x0800ab81   Thumb Code   998  usart.o(.text.HAL_UART_MspInit)
    HAL_UART_RxCpltCallback                  0x0800af69   Thumb Code     8  stm32h7xx_hal_uart.o(.text.HAL_UART_RxCpltCallback)
    HAL_UART_RxHalfCpltCallback              0x0800af71   Thumb Code     8  stm32h7xx_hal_uart.o(.text.HAL_UART_RxHalfCpltCallback)
    HAL_UART_TxCpltCallback                  0x0800af79   Thumb Code     8  stm32h7xx_hal_uart.o(.text.HAL_UART_TxCpltCallback)
    Handle_Analysis                          0x0800af81   Thumb Code   208  mymain.o(.text.Handle_Analysis)
    HardFault_Handler                        0x0800b051   Thumb Code     4  stm32h7xx_it.o(.text.HardFault_Handler)
    Imu_Analysis                             0x0800b0a9   Thumb Code   174  imu_100a.o(.text.Imu_Analysis)
    MX_DMA_Init                              0x0800b1b1   Thumb Code   150  dma.o(.text.MX_DMA_Init)
    MX_FDCAN1_Init                           0x0800b249   Thumb Code   112  fdcan.o(.text.MX_FDCAN1_Init)
    MX_FREERTOS_Init                         0x0800b2b9   Thumb Code   160  freertos.o(.text.MX_FREERTOS_Init)
    MX_GPIO_Init                             0x0800b359   Thumb Code   194  gpio.o(.text.MX_GPIO_Init)
    MX_UART7_Init                            0x0800b421   Thumb Code   142  usart.o(.text.MX_UART7_Init)
    MX_USART1_UART_Init                      0x0800b4b1   Thumb Code   142  usart.o(.text.MX_USART1_UART_Init)
    MX_USART2_UART_Init                      0x0800b541   Thumb Code   142  usart.o(.text.MX_USART2_UART_Init)
    MemManage_Handler                        0x0800b5d1   Thumb Code     4  stm32h7xx_it.o(.text.MemManage_Handler)
    My_init                                  0x0800b5d9   Thumb Code  1658  mymain.o(.text.My_init)
    NMI_Handler                              0x0800bc59   Thumb Code     4  stm32h7xx_it.o(.text.NMI_Handler)
    PendSV_Handler                           0x0800bcd1   Thumb Code   100  port.o(.text.PendSV_Handler)
    SVC_Handler                              0x0800c0e1   Thumb Code    36  port.o(.text.SVC_Handler)
    StartchassisTask                         0x0800c119   Thumb Code   276  mymain.o(.text.StartchassisTask)
    Startchassis_can                         0x0800c231   Thumb Code   194  mymain.o(.text.Startchassis_can)
    SysTick_Handler                          0x0800c2f9   Thumb Code    30  cmsis_os2.o(.text.SysTick_Handler)
    SystemClock_Config                       0x0800c319   Thumb Code   204  main.o(.text.SystemClock_Config)
    SystemInit                               0x0800c3e9   Thumb Code   358  system_stm32h7xx.o(.text.SystemInit)
    TIM4_IRQHandler                          0x0800c551   Thumb Code    16  stm32h7xx_it.o(.text.TIM4_IRQHandler)
    TIM_Base_SetConfig                       0x0800c561   Thumb Code   452  stm32h7xx_hal_tim.o(.text.TIM_Base_SetConfig)
    UART7_IRQHandler                         0x0800c729   Thumb Code    16  stm32h7xx_it.o(.text.UART7_IRQHandler)
    UART_AdvFeatureConfig                    0x0800c7c1   Thumb Code   328  stm32h7xx_hal_uart.o(.text.UART_AdvFeatureConfig)
    UART_CheckIdleState                      0x0800c909   Thumb Code   326  stm32h7xx_hal_uart.o(.text.UART_CheckIdleState)
    UART_SetConfig                           0x0800d009   Thumb Code  2638  stm32h7xx_hal_uart.o(.text.UART_SetConfig)
    UART_Start_Receive_DMA                   0x0800da59   Thumb Code   302  stm32h7xx_hal_uart.o(.text.UART_Start_Receive_DMA)
    UART_WaitOnFlagUntilTimeout              0x0800db89   Thumb Code   268  stm32h7xx_hal_uart.o(.text.UART_WaitOnFlagUntilTimeout)
    USART1_IRQHandler                        0x0800dc99   Thumb Code    16  stm32h7xx_it.o(.text.USART1_IRQHandler)
    USART2_IRQHandler                        0x0800dca9   Thumb Code    16  stm32h7xx_it.o(.text.USART2_IRQHandler)
    UsageFault_Handler                       0x0800dcb9   Thumb Code     4  stm32h7xx_it.o(.text.UsageFault_Handler)
    VESC_Analysisdata                        0x0800dcc1   Thumb Code   364  vesc.o(.text.VESC_Analysisdata)
    Vesc_Init                                0x0800de31   Thumb Code    48  vesc.o(.text.Vesc_Init)
    buffer_int32                             0x0800df71   Thumb Code    98  vesc.o(.text.buffer_int32)
    configureTimerForRunTimeStats            0x0800dff9   Thumb Code     2  freertos.o(.text.configureTimerForRunTimeStats)
    getRunTimeCounterValue                   0x0800e001   Thumb Code     4  freertos.o(.text.getRunTimeCounterValue)
    helm_calculate                           0x0800e009   Thumb Code  1456  helm_chassis.o(.text.helm_calculate)
    helm_chassis_ready                       0x0800e5b9   Thumb Code   204  helm_chassis.o(.text.helm_chassis_ready)
    main                                     0x0800e689   Thumb Code    60  main.o(.text.main)
    osDelay                                  0x0800e6c9   Thumb Code    48  cmsis_os2.o(.text.osDelay)
    osKernelInitialize                       0x0800e6f9   Thumb Code    82  cmsis_os2.o(.text.osKernelInitialize)
    osKernelStart                            0x0800e751   Thumb Code    92  cmsis_os2.o(.text.osKernelStart)
    osMessageQueueGet                        0x0800e7b1   Thumb Code   192  cmsis_os2.o(.text.osMessageQueueGet)
    osMessageQueueNew                        0x0800e871   Thumb Code   248  cmsis_os2.o(.text.osMessageQueueNew)
    osMessageQueuePut                        0x0800e969   Thumb Code   196  cmsis_os2.o(.text.osMessageQueuePut)
    osThreadNew                              0x0800ea31   Thumb Code   342  cmsis_os2.o(.text.osThreadNew)
    pvPortMalloc                             0x0800fa29   Thumb Code   508  heap_4.o(.text.pvPortMalloc)
    pxPortInitialiseStack                    0x0800fc29   Thumb Code    94  port.o(.text.pxPortInitialiseStack)
    uxListRemove                             0x0800fc89   Thumb Code    72  list.o(.text.uxListRemove)
    uxTaskGetNumberOfTasks                   0x0800fcd1   Thumb Code    12  tasks.o(.text.uxTaskGetNumberOfTasks)
    vApplicationGetIdleTaskMemory            0x0800fce1   Thumb Code    42  cmsis_os2.o(.text.vApplicationGetIdleTaskMemory)
    vApplicationGetTimerTaskMemory           0x0800fd11   Thumb Code    44  cmsis_os2.o(.text.vApplicationGetTimerTaskMemory)
    vApplicationMallocFailedHook             0x0800fd41   Thumb Code     2  freertos.o(.text.vApplicationMallocFailedHook)
    vApplicationStackOverflowHook            0x0800fd49   Thumb Code    10  freertos.o(.text.vApplicationStackOverflowHook)
    vListInitialise                          0x0800fd59   Thumb Code    46  list.o(.text.vListInitialise)
    vListInitialiseItem                      0x0800fd89   Thumb Code    14  list.o(.text.vListInitialiseItem)
    vListInsert                              0x0800fd99   Thumb Code   106  list.o(.text.vListInsert)
    vPortEnterCritical                       0x0800fe21   Thumb Code    86  port.o(.text.vPortEnterCritical)
    vPortExitCritical                        0x0800fe79   Thumb Code    74  port.o(.text.vPortExitCritical)
    vPortFree                                0x0800fec9   Thumb Code   186  heap_4.o(.text.vPortFree)
    vPortSetupTimerInterrupt                 0x0800ff89   Thumb Code    68  port.o(.text.vPortSetupTimerInterrupt)
    vPortValidateInterruptPriority           0x0800ffd1   Thumb Code   132  port.o(.text.vPortValidateInterruptPriority)
    vQueueAddToRegistry                      0x08010059   Thumb Code   182  queue.o(.text.vQueueAddToRegistry)
    vQueueWaitForMessageRestricted           0x08010111   Thumb Code   100  queue.o(.text.vQueueWaitForMessageRestricted)
    vTaskDelay                               0x08010179   Thumb Code   110  tasks.o(.text.vTaskDelay)
    vTaskInternalSetTimeOutState             0x080101e9   Thumb Code    36  tasks.o(.text.vTaskInternalSetTimeOutState)
    vTaskMissedYield                         0x08010211   Thumb Code    14  tasks.o(.text.vTaskMissedYield)
    vTaskPlaceOnEventList                    0x08010221   Thumb Code    66  tasks.o(.text.vTaskPlaceOnEventList)
    vTaskPlaceOnEventListRestricted          0x08010269   Thumb Code   128  tasks.o(.text.vTaskPlaceOnEventListRestricted)
    vTaskStartScheduler                      0x080102e9   Thumb Code   230  tasks.o(.text.vTaskStartScheduler)
    vTaskSuspendAll                          0x080103d1   Thumb Code    16  tasks.o(.text.vTaskSuspendAll)
    vTaskSwitchContext                       0x080103e1   Thumb Code   394  tasks.o(.text.vTaskSwitchContext)
    vesc_set_rpm                             0x08010571   Thumb Code   140  vesc.o(.text.vesc_set_rpm)
    xPortStartScheduler                      0x08010671   Thumb Code   396  port.o(.text.xPortStartScheduler)
    xPortSysTickHandler                      0x08010801   Thumb Code    60  port.o(.text.xPortSysTickHandler)
    xQueueGenericCreate                      0x08010841   Thumb Code   162  queue.o(.text.xQueueGenericCreate)
    xQueueGenericCreateStatic                0x080108e9   Thumb Code   200  queue.o(.text.xQueueGenericCreateStatic)
    xQueueGenericReset                       0x080109b1   Thumb Code   264  queue.o(.text.xQueueGenericReset)
    xQueueGenericSend                        0x08010ab9   Thumb Code   556  queue.o(.text.xQueueGenericSend)
    xQueueGenericSendFromISR                 0x08010ce9   Thumb Code   388  queue.o(.text.xQueueGenericSendFromISR)
    xQueueReceive                            0x08010e71   Thumb Code   476  queue.o(.text.xQueueReceive)
    xQueueReceiveFromISR                     0x08011051   Thumb Code   322  queue.o(.text.xQueueReceiveFromISR)
    xTaskCheckForTimeOut                     0x08011199   Thumb Code   210  tasks.o(.text.xTaskCheckForTimeOut)
    xTaskCreate                              0x08011271   Thumb Code   166  tasks.o(.text.xTaskCreate)
    xTaskCreateStatic                        0x08011319   Thumb Code   214  tasks.o(.text.xTaskCreateStatic)
    xTaskGetSchedulerState                   0x080113f1   Thumb Code    56  tasks.o(.text.xTaskGetSchedulerState)
    xTaskGetTickCount                        0x08011429   Thumb Code    20  tasks.o(.text.xTaskGetTickCount)
    xTaskIncrementTick                       0x08011441   Thumb Code   644  tasks.o(.text.xTaskIncrementTick)
    xTaskPriorityDisinherit                  0x080116c9   Thumb Code   314  tasks.o(.text.xTaskPriorityDisinherit)
    xTaskRemoveFromEventList                 0x08011809   Thumb Code   432  tasks.o(.text.xTaskRemoveFromEventList)
    xTaskResumeAll                           0x080119b9   Thumb Code   578  tasks.o(.text.xTaskResumeAll)
    xTimerCreateTimerTask                    0x08011c01   Thumb Code   148  timers.o(.text.xTimerCreateTimerTask)
    __ARM_fpclassifyf                        0x08011c95   Thumb Code    38  fpclassifyf.o(i.__ARM_fpclassifyf)
    __hardfp_atan2f                          0x08011cbd   Thumb Code   594  atan2f.o(i.__hardfp_atan2f)
    __hardfp_powf                            0x08011f69   Thumb Code  1606  powf.o(i.__hardfp_powf)
    __mathlib_powf                           0x08011f69   Thumb Code     0  powf.o(i.__hardfp_powf)
    __hardfp_sqrtf                           0x080125cd   Thumb Code    58  sqrtf.o(i.__hardfp_sqrtf)
    __mathlib_flt_divzero                    0x08012609   Thumb Code    14  funder.o(i.__mathlib_flt_divzero)
    __mathlib_flt_infnan2                    0x0801261d   Thumb Code     6  funder.o(i.__mathlib_flt_infnan2)
    __mathlib_flt_invalid                    0x08012625   Thumb Code    10  funder.o(i.__mathlib_flt_invalid)
    __mathlib_flt_overflow                   0x08012635   Thumb Code    10  funder.o(i.__mathlib_flt_overflow)
    __mathlib_flt_underflow                  0x08012645   Thumb Code    10  funder.o(i.__mathlib_flt_underflow)
    _fp_init                                 0x08012655   Thumb Code    26  fpinit.o(x$fpl$fpinit)
    __fplib_config_fpu_vfp                   0x0801266d   Thumb Code     0  fpinit.o(x$fpl$fpinit)
    __fplib_config_pureend_doubles           0x0801266d   Thumb Code     0  fpinit.o(x$fpl$fpinit)
    __I$use$fp                               0x0801266e   Number         0  usenofp.o(x$fpl$usenofp)
    D1CorePrescTable                         0x080127fc   Data          16  system_stm32h7xx.o(.rodata.D1CorePrescTable)
    UARTPrescTable                           0x08012834   Data          24  stm32h7xx_hal_uart.o(.rodata.UARTPrescTable)
    chassisTask_attributes                   0x0801284c   Data          36  freertos.o(.rodata.chassisTask_attributes)
    chassis_can_attributes                   0x08012870   Data          36  freertos.o(.rodata.chassis_can_attributes)
    dt35Queue_attributes                     0x08012894   Data          24  freertos.o(.rodata.dt35Queue_attributes)
    handleQueue_attributes                   0x080128ac   Data          24  freertos.o(.rodata.handleQueue_attributes)
    imuQueue_attributes                      0x080128c4   Data          24  freertos.o(.rodata.imuQueue_attributes)
    uxTopUsedPriority                        0x08012928   Data           4  tasks.o(.rodata.uxTopUsedPriority)
    Region$$Table$$Base                      0x0801292c   Number         0  anon$$obj.o(Region$$Table)
    Region$$Table$$Limit                     0x0801294c   Number         0  anon$$obj.o(Region$$Table)
    SystemCoreClock                          0x24000000   Data           4  system_stm32h7xx.o(.data.SystemCoreClock)
    SystemD2Clock                            0x24000004   Data           4  system_stm32h7xx.o(.data.SystemD2Clock)
    uwTickFreq                               0x24000008   Data           1  stm32h7xx_hal.o(.data.uwTickFreq)
    uwTickPrio                               0x2400000c   Data           4  stm32h7xx_hal.o(.data.uwTickPrio)
    __libspace_start                         0x24000018   Data          96  libspace.o(.bss)
    Imu_angle                                0x24000078   Data           4  imu_100a.o(.bss.Imu_angle)
    __temporary_stack_top$libspace           0x24000078   Data           0  libspace.o(.bss)
    body_speed                               0x24000080   Data          24  mymain.o(.bss.body_speed)
    car_angle                                0x24000098   Data          16  helm_chassis.o(.bss.car_angle)
    chassisTaskHandle                        0x240000a8   Data           4  freertos.o(.bss.chassisTaskHandle)
    chassis_canHandle                        0x240000ac   Data           4  freertos.o(.bss.chassis_canHandle)
    distance                                 0x240000b0   Data          16  dt35.o(.bss.distance)
    dji_motor                                0x240000c0   Data         112  mymain.o(.bss.dji_motor)
    dt35QueueHandle                          0x24000130   Data           4  freertos.o(.bss.dt35QueueHandle)
    dt35_back                                0x24000134   Data           8  dt35.o(.bss.dt35_back)
    dt35_front                               0x2400013c   Data           8  dt35.o(.bss.dt35_front)
    dt35_left                                0x24000144   Data           8  dt35.o(.bss.dt35_left)
    dt35_right                               0x2400014c   Data           8  dt35.o(.bss.dt35_right)
    handleQueueHandle                        0x24000154   Data           4  freertos.o(.bss.handleQueueHandle)
    handle_data                              0x24000158   Data          16  mymain.o(.bss.handle_data)
    hdma_uart7_rx                            0x24000168   Data         120  usart.o(.bss.hdma_uart7_rx)
    hdma_uart7_tx                            0x240001e0   Data         120  usart.o(.bss.hdma_uart7_tx)
    hdma_usart1_rx                           0x24000258   Data         120  usart.o(.bss.hdma_usart1_rx)
    hdma_usart1_tx                           0x240002d0   Data         120  usart.o(.bss.hdma_usart1_tx)
    hdma_usart2_rx                           0x24000348   Data         120  usart.o(.bss.hdma_usart2_rx)
    hdma_usart2_tx                           0x240003c0   Data         120  usart.o(.bss.hdma_usart2_tx)
    helm_calibration_data                    0x24000438   Data           5  helm_chassis.o(.bss.helm_calibration_data)
    helm_chassis                             0x24000440   Data          80  mymain.o(.bss.helm_chassis)
    helm_states                              0x24000490   Data           1  helm_chassis.o(.bss.helm_states)
    hfdcan1                                  0x24000494   Data         160  fdcan.o(.bss.hfdcan1)
    htim4                                    0x24000534   Data          76  stm32h7xx_hal_timebase_tim.o(.bss.htim4)
    huart1                                   0x24000580   Data         148  usart.o(.bss.huart1)
    huart2                                   0x24000614   Data         148  usart.o(.bss.huart2)
    huart7                                   0x240006a8   Data         148  usart.o(.bss.huart7)
    imuQueueHandle                           0x2400073c   Data           4  freertos.o(.bss.imuQueueHandle)
    imu_data                                 0x24000740   Data           4  imu_100a.o(.bss.imu_data)
    packet_data                              0x24000744   Data           4  dji_2006.o(.bss.packet_data)
    pxCurrentTCB                             0x2400083c   Data           4  tasks.o(.bss.pxCurrentTCB)
    ready_target_initialized                 0x24000cb4   Data           1  helm_chassis.o(.bss.ready_target_initialized)
    receive_dt35                             0x24000cb5   Data          19  mymain.o(.bss.receive_dt35)
    receive_handle                           0x24000cc8   Data          19  mymain.o(.bss.receive_handle)
    receive_imu                              0x24000cdb   Data           7  mymain.o(.bss.receive_imu)
    test                                     0x24000ce2   Data           4  mymain.o(.bss.test)
    uwTick                                   0x240048f4   Data           4  stm32h7xx_hal.o(.bss.uwTick)
    vesc_motor                               0x24004fd4   Data         224  mymain.o(.bss.vesc_motor)
    xQueueRegistry                           0x24005138   Data          64  queue.o(.bss.xQueueRegistry)



==============================================================================

Memory Map of the image

  Image Entry point : 0x080002cd

  Load Region LR_IROM1 (Base: 0x08000000, Size: 0x00012968, Max: 0x00100000, ABSOLUTE)

    Execution Region ER_IROM1 (Exec base: 0x08000000, Load base: 0x08000000, Size: 0x0001294c, Max: 0x00100000, ABSOLUTE)

    Exec Addr    Load Addr    Size         Type   Attr      Idx    E Section Name        Object

    0x08000000   0x08000000   0x000002cc   Data   RO            3    RESET               startup_stm32h723xx.o
    0x080002cc   0x080002cc   0x00000008   Code   RO         2737  * !!!main             c_w.l(__main.o)
    0x080002d4   0x080002d4   0x00000034   Code   RO         2972    !!!scatter          c_w.l(__scatter.o)
    0x08000308   0x08000308   0x0000001a   Code   RO         2974    !!handler_copy      c_w.l(__scatter_copy.o)
    0x08000322   0x08000322   0x00000002   PAD
    0x08000324   0x08000324   0x0000001c   Code   RO         2976    !!handler_zi        c_w.l(__scatter_zi.o)
    0x08000340   0x08000340   0x00000002   Code   RO         2837    .ARM.Collect$$libinit$$00000000  c_w.l(libinit.o)
    0x08000342   0x08000342   0x00000004   Code   RO         2846    .ARM.Collect$$libinit$$00000001  c_w.l(libinit2.o)
    0x08000346   0x08000346   0x00000000   Code   RO         2849    .ARM.Collect$$libinit$$00000004  c_w.l(libinit2.o)
    0x08000346   0x08000346   0x00000000   Code   RO         2851    .ARM.Collect$$libinit$$00000006  c_w.l(libinit2.o)
    0x08000346   0x08000346   0x00000000   Code   RO         2854    .ARM.Collect$$libinit$$0000000C  c_w.l(libinit2.o)
    0x08000346   0x08000346   0x00000000   Code   RO         2856    .ARM.Collect$$libinit$$0000000E  c_w.l(libinit2.o)
    0x08000346   0x08000346   0x00000000   Code   RO         2858    .ARM.Collect$$libinit$$00000010  c_w.l(libinit2.o)
    0x08000346   0x08000346   0x00000000   Code   RO         2861    .ARM.Collect$$libinit$$00000013  c_w.l(libinit2.o)
    0x08000346   0x08000346   0x00000000   Code   RO         2863    .ARM.Collect$$libinit$$00000015  c_w.l(libinit2.o)
    0x08000346   0x08000346   0x00000000   Code   RO         2865    .ARM.Collect$$libinit$$00000017  c_w.l(libinit2.o)
    0x08000346   0x08000346   0x00000000   Code   RO         2867    .ARM.Collect$$libinit$$00000019  c_w.l(libinit2.o)
    0x08000346   0x08000346   0x00000000   Code   RO         2869    .ARM.Collect$$libinit$$0000001B  c_w.l(libinit2.o)
    0x08000346   0x08000346   0x00000000   Code   RO         2871    .ARM.Collect$$libinit$$0000001D  c_w.l(libinit2.o)
    0x08000346   0x08000346   0x00000000   Code   RO         2873    .ARM.Collect$$libinit$$0000001F  c_w.l(libinit2.o)
    0x08000346   0x08000346   0x00000000   Code   RO         2875    .ARM.Collect$$libinit$$00000021  c_w.l(libinit2.o)
    0x08000346   0x08000346   0x00000000   Code   RO         2877    .ARM.Collect$$libinit$$00000023  c_w.l(libinit2.o)
    0x08000346   0x08000346   0x00000000   Code   RO         2879    .ARM.Collect$$libinit$$00000025  c_w.l(libinit2.o)
    0x08000346   0x08000346   0x00000000   Code   RO         2881    .ARM.Collect$$libinit$$00000027  c_w.l(libinit2.o)
    0x08000346   0x08000346   0x00000000   Code   RO         2885    .ARM.Collect$$libinit$$0000002E  c_w.l(libinit2.o)
    0x08000346   0x08000346   0x00000000   Code   RO         2887    .ARM.Collect$$libinit$$00000030  c_w.l(libinit2.o)
    0x08000346   0x08000346   0x00000000   Code   RO         2889    .ARM.Collect$$libinit$$00000032  c_w.l(libinit2.o)
    0x08000346   0x08000346   0x00000000   Code   RO         2891    .ARM.Collect$$libinit$$00000034  c_w.l(libinit2.o)
    0x08000346   0x08000346   0x00000002   Code   RO         2892    .ARM.Collect$$libinit$$00000035  c_w.l(libinit2.o)
    0x08000348   0x08000348   0x00000002   Code   RO         2927    .ARM.Collect$$libshutdown$$00000000  c_w.l(libshutdown.o)
    0x0800034a   0x0800034a   0x00000000   Code   RO         2955    .ARM.Collect$$libshutdown$$00000002  c_w.l(libshutdown2.o)
    0x0800034a   0x0800034a   0x00000000   Code   RO         2957    .ARM.Collect$$libshutdown$$00000004  c_w.l(libshutdown2.o)
    0x0800034a   0x0800034a   0x00000000   Code   RO         2960    .ARM.Collect$$libshutdown$$00000007  c_w.l(libshutdown2.o)
    0x0800034a   0x0800034a   0x00000000   Code   RO         2963    .ARM.Collect$$libshutdown$$0000000A  c_w.l(libshutdown2.o)
    0x0800034a   0x0800034a   0x00000000   Code   RO         2965    .ARM.Collect$$libshutdown$$0000000C  c_w.l(libshutdown2.o)
    0x0800034a   0x0800034a   0x00000000   Code   RO         2968    .ARM.Collect$$libshutdown$$0000000F  c_w.l(libshutdown2.o)
    0x0800034a   0x0800034a   0x00000002   Code   RO         2969    .ARM.Collect$$libshutdown$$00000010  c_w.l(libshutdown2.o)
    0x0800034c   0x0800034c   0x00000000   Code   RO         2770    .ARM.Collect$$rtentry$$00000000  c_w.l(__rtentry.o)
    0x0800034c   0x0800034c   0x00000000   Code   RO         2800    .ARM.Collect$$rtentry$$00000002  c_w.l(__rtentry2.o)
    0x0800034c   0x0800034c   0x00000006   Code   RO         2812    .ARM.Collect$$rtentry$$00000004  c_w.l(__rtentry4.o)
    0x08000352   0x08000352   0x00000000   Code   RO         2802    .ARM.Collect$$rtentry$$00000009  c_w.l(__rtentry2.o)
    0x08000352   0x08000352   0x00000004   Code   RO         2803    .ARM.Collect$$rtentry$$0000000A  c_w.l(__rtentry2.o)
    0x08000356   0x08000356   0x00000000   Code   RO         2805    .ARM.Collect$$rtentry$$0000000C  c_w.l(__rtentry2.o)
    0x08000356   0x08000356   0x00000008   Code   RO         2806    .ARM.Collect$$rtentry$$0000000D  c_w.l(__rtentry2.o)
    0x0800035e   0x0800035e   0x00000002   Code   RO         2838    .ARM.Collect$$rtexit$$00000000  c_w.l(rtexit.o)
    0x08000360   0x08000360   0x00000000   Code   RO         2898    .ARM.Collect$$rtexit$$00000002  c_w.l(rtexit2.o)
    0x08000360   0x08000360   0x00000004   Code   RO         2899    .ARM.Collect$$rtexit$$00000003  c_w.l(rtexit2.o)
    0x08000364   0x08000364   0x00000006   Code   RO         2900    .ARM.Collect$$rtexit$$00000004  c_w.l(rtexit2.o)
    0x0800036a   0x0800036a   0x00000002   PAD
    0x0800036c   0x0800036c   0x00000048   Code   RO            4    .text               startup_stm32h723xx.o
    0x080003b4   0x080003b4   0x000000f0   Code   RO         2721    .text               c_w.l(lludivv7m.o)
    0x080004a4   0x080004a4   0x0000008a   Code   RO         2723    .text               c_w.l(rt_memcpy_v6.o)
    0x0800052e   0x0800052e   0x00000064   Code   RO         2725    .text               c_w.l(rt_memcpy_w.o)
    0x08000592   0x08000592   0x00000010   Code   RO         2729    .text               c_w.l(aeabi_memset4.o)
    0x080005a2   0x080005a2   0x00000044   Code   RO         2731    .text               c_w.l(rt_memclr.o)
    0x080005e6   0x080005e6   0x0000004e   Code   RO         2733    .text               c_w.l(rt_memclr_w.o)
    0x08000634   0x08000634   0x00000006   Code   RO         2735    .text               c_w.l(heapauxi.o)
    0x0800063a   0x0800063a   0x00000016   Code   RO         2775    .text               c_w.l(_rserrno.o)
    0x08000650   0x08000650   0x00000008   Code   RO         2819    .text               c_w.l(rt_errno_addr_intlibspace.o)
    0x08000658   0x08000658   0x00000008   Code   RO         2821    .text               c_w.l(libspace.o)
    0x08000660   0x08000660   0x0000004a   Code   RO         2824    .text               c_w.l(sys_stackheap_outer.o)
    0x080006aa   0x080006aa   0x00000012   Code   RO         2826    .text               c_w.l(exit.o)
    0x080006bc   0x080006bc   0x0000000c   Code   RO         2893    .text               c_w.l(sys_exit.o)
    0x080006c8   0x080006c8   0x00000002   Code   RO         2916    .text               c_w.l(use_no_semi.o)
    0x080006ca   0x080006ca   0x00000000   Code   RO         2918    .text               c_w.l(indicate_semi.o)
    0x080006ca   0x080006ca   0x00000006   PAD
    0x080006d0   0x080006d0   0x00000004   Code   RO          123    .text.BusFault_Handler  stm32h7xx_it.o
    0x080006d4   0x080006d4   0x00000004   PAD
    0x080006d8   0x080006d8   0x000000e2   Code   RO         2650    .text.CAN_Transmit  vesc.o
    0x080007ba   0x080007ba   0x00000006   PAD
    0x080007c0   0x080007c0   0x00000066   Code   RO         2695    .text.DJI2006_Analysisdata  dji_2006.o
    0x08000826   0x08000826   0x00000002   PAD
    0x08000828   0x08000828   0x0000002e   Code   RO         2681    .text.DJI2006_Init  dji_2006.o
    0x08000856   0x08000856   0x00000002   PAD
    0x08000858   0x08000858   0x00000078   Code   RO         2687    .text.DJI2006_position  dji_2006.o
    0x080008d0   0x080008d0   0x00000036   Code   RO         2693    .text.DJI2006_sign_zero  dji_2006.o
    0x08000906   0x08000906   0x00000002   PAD
    0x08000908   0x08000908   0x00000078   Code   RO         2683    .text.DJI2006_speed  dji_2006.o
    0x08000980   0x08000980   0x00000034   Code   RO         2691    .text.DJI2006_to_zero  dji_2006.o
    0x080009b4   0x080009b4   0x00000004   PAD
    0x080009b8   0x080009b8   0x0000026c   Code   RO         2595    .text.DJI_calibration  helm_chassis.o
    0x08000c24   0x08000c24   0x00000004   PAD
    0x08000c28   0x08000c28   0x00000010   Code   RO          129    .text.DMA1_Stream0_IRQHandler  stm32h7xx_it.o
    0x08000c38   0x08000c38   0x00000010   Code   RO          131    .text.DMA1_Stream1_IRQHandler  stm32h7xx_it.o
    0x08000c48   0x08000c48   0x00000010   Code   RO          133    .text.DMA1_Stream2_IRQHandler  stm32h7xx_it.o
    0x08000c58   0x08000c58   0x00000010   Code   RO          135    .text.DMA1_Stream3_IRQHandler  stm32h7xx_it.o
    0x08000c68   0x08000c68   0x00000010   Code   RO          137    .text.DMA1_Stream4_IRQHandler  stm32h7xx_it.o
    0x08000c78   0x08000c78   0x00000010   Code   RO          139    .text.DMA1_Stream5_IRQHandler  stm32h7xx_it.o
    0x08000c88   0x08000c88   0x000001ca   Code   RO          866    .text.DMA_CalcBaseAndBitshift  stm32h7xx_hal_dma.o
    0x08000e52   0x08000e52   0x00000006   PAD
    0x08000e58   0x08000e58   0x00000178   Code   RO          868    .text.DMA_CalcDMAMUXChannelBaseAndMask  stm32h7xx_hal_dma.o
    0x08000fd0   0x08000fd0   0x0000012a   Code   RO          870    .text.DMA_CalcDMAMUXRequestGenBaseAndMask  stm32h7xx_hal_dma.o
    0x080010fa   0x080010fa   0x00000006   PAD
    0x08001100   0x08001100   0x000000f0   Code   RO          864    .text.DMA_CheckFifoParam  stm32h7xx_hal_dma.o
    0x080011f0   0x080011f0   0x00000514   Code   RO          876    .text.DMA_SetConfig  stm32h7xx_hal_dma.o
    0x08001704   0x08001704   0x00000004   PAD
    0x08001708   0x08001708   0x000000d4   Code   RO         2625    .text.DT35_Analysis  dt35.o
    0x080017dc   0x080017dc   0x00000004   PAD
    0x080017e0   0x080017e0   0x00000002   Code   RO          127    .text.DebugMon_Handler  stm32h7xx_it.o
    0x080017e2   0x080017e2   0x00000006   PAD
    0x080017e8   0x080017e8   0x00000006   Code   RO           17    .text.Error_Handler  main.o
    0x080017ee   0x080017ee   0x00000002   PAD
    0x080017f0   0x080017f0   0x00000028   Code   RO         1839    .text.ExitRun0Mode  system_stm32h7xx.o
    0x08001818   0x08001818   0x00000010   Code   RO          141    .text.FDCAN1_IT0_IRQHandler  stm32h7xx_it.o
    0x08001828   0x08001828   0x00000032   Code   RO         2566    .text.FDCAN1_Init   mymain.o
    0x0800185a   0x0800185a   0x00000006   PAD
    0x08001860   0x08001860   0x000002c2   Code   RO         1437    .text.FDCAN_CalculateRamBlockAddresses  stm32h7xx_hal_fdcan.o
    0x08001b22   0x08001b22   0x00000006   PAD
    0x08001b28   0x08001b28   0x000000b8   Code   RO         1507    .text.FDCAN_CopyMessageToRAM  stm32h7xx_hal_fdcan.o
    0x08001be0   0x08001be0   0x00000978   Code   RO          880    .text.HAL_DMA_Abort  stm32h7xx_hal_dma.o
    0x08002558   0x08002558   0x000006aa   Code   RO          882    .text.HAL_DMA_Abort_IT  stm32h7xx_hal_dma.o
    0x08002c02   0x08002c02   0x00000006   PAD
    0x08002c08   0x08002c08   0x000011c0   Code   RO          886    .text.HAL_DMA_IRQHandler  stm32h7xx_hal_dma.o
    0x08003dc8   0x08003dc8   0x00000962   Code   RO          862    .text.HAL_DMA_Init  stm32h7xx_hal_dma.o
    0x0800472a   0x0800472a   0x00000006   PAD
    0x08004730   0x08004730   0x00000702   Code   RO          878    .text.HAL_DMA_Start_IT  stm32h7xx_hal_dma.o
    0x08004e32   0x08004e32   0x00000006   PAD
    0x08004e38   0x08004e38   0x000000fe   Code   RO         1585    .text.HAL_FDCAN_ActivateNotification  stm32h7xx_hal_fdcan.o
    0x08004f36   0x08004f36   0x00000002   PAD
    0x08004f38   0x08004f38   0x000000ca   Code   RO         1505    .text.HAL_FDCAN_AddMessageToTxFifoQ  stm32h7xx_hal_fdcan.o
    0x08005002   0x08005002   0x00000006   PAD
    0x08005008   0x08005008   0x0000000a   Code   RO         1599    .text.HAL_FDCAN_ClockCalibrationCallback  stm32h7xx_hal_fdcan.o
    0x08005012   0x08005012   0x00000006   PAD
    0x08005018   0x08005018   0x0000005c   Code   RO         1459    .text.HAL_FDCAN_ConfigGlobalFilter  stm32h7xx_hal_fdcan.o
    0x08005074   0x08005074   0x00000004   PAD
    0x08005078   0x08005078   0x00000008   Code   RO         1627    .text.HAL_FDCAN_ErrorCallback  stm32h7xx_hal_fdcan.o
    0x08005080   0x08005080   0x0000000a   Code   RO         1617    .text.HAL_FDCAN_ErrorStatusCallback  stm32h7xx_hal_fdcan.o
    0x0800508a   0x0800508a   0x00000006   PAD
    0x08005090   0x08005090   0x00000310   Code   RO         1517    .text.HAL_FDCAN_GetRxMessage  stm32h7xx_hal_fdcan.o
    0x080053a0   0x080053a0   0x00000008   Code   RO         1595    .text.HAL_FDCAN_HighPriorityMessageCallback  stm32h7xx_hal_fdcan.o
    0x080053a8   0x080053a8   0x000005e2   Code   RO         1593    .text.HAL_FDCAN_IRQHandler  stm32h7xx_hal_fdcan.o
    0x0800598a   0x0800598a   0x00000006   PAD
    0x08005990   0x08005990   0x000003e0   Code   RO         1433    .text.HAL_FDCAN_Init  stm32h7xx_hal_fdcan.o
    0x08005d70   0x08005d70   0x000000d8   Code   RO           79    .text.HAL_FDCAN_MspInit  fdcan.o
    0x08005e48   0x08005e48   0x00000008   Code   RO         1611    .text.HAL_FDCAN_RxBufferNewMessageCallback  stm32h7xx_hal_fdcan.o
    0x08005e50   0x08005e50   0x0000009a   Code   RO         2572    .text.HAL_FDCAN_RxFifo0Callback  mymain.o
    0x08005eea   0x08005eea   0x00000006   PAD
    0x08005ef0   0x08005ef0   0x0000000a   Code   RO         1605    .text.HAL_FDCAN_RxFifo1Callback  stm32h7xx_hal_fdcan.o
    0x08005efa   0x08005efa   0x00000006   PAD
    0x08005f00   0x08005f00   0x00000050   Code   RO         1503    .text.HAL_FDCAN_Start  stm32h7xx_hal_fdcan.o
    0x08005f50   0x08005f50   0x0000000a   Code   RO         1625    .text.HAL_FDCAN_TT_GlobalTimeCallback  stm32h7xx_hal_fdcan.o
    0x08005f5a   0x08005f5a   0x00000006   PAD
    0x08005f60   0x08005f60   0x0000000a   Code   RO         1619    .text.HAL_FDCAN_TT_ScheduleSyncCallback  stm32h7xx_hal_fdcan.o
    0x08005f6a   0x08005f6a   0x00000006   PAD
    0x08005f70   0x08005f70   0x0000000c   Code   RO         1623    .text.HAL_FDCAN_TT_StopWatchCallback  stm32h7xx_hal_fdcan.o
    0x08005f7c   0x08005f7c   0x00000004   PAD
    0x08005f80   0x08005f80   0x0000000a   Code   RO         1621    .text.HAL_FDCAN_TT_TimeMarkCallback  stm32h7xx_hal_fdcan.o
    0x08005f8a   0x08005f8a   0x00000006   PAD
    0x08005f90   0x08005f90   0x00000008   Code   RO         1615    .text.HAL_FDCAN_TimeoutOccurredCallback  stm32h7xx_hal_fdcan.o
    0x08005f98   0x08005f98   0x00000008   Code   RO         1613    .text.HAL_FDCAN_TimestampWraparoundCallback  stm32h7xx_hal_fdcan.o
    0x08005fa0   0x08005fa0   0x0000000a   Code   RO         1597    .text.HAL_FDCAN_TxBufferAbortCallback  stm32h7xx_hal_fdcan.o
    0x08005faa   0x08005faa   0x00000006   PAD
    0x08005fb0   0x08005fb0   0x0000000a   Code   RO         1609    .text.HAL_FDCAN_TxBufferCompleteCallback  stm32h7xx_hal_fdcan.o
    0x08005fba   0x08005fba   0x00000006   PAD
    0x08005fc0   0x08005fc0   0x0000000a   Code   RO         1601    .text.HAL_FDCAN_TxEventFifoCallback  stm32h7xx_hal_fdcan.o
    0x08005fca   0x08005fca   0x00000006   PAD
    0x08005fd0   0x08005fd0   0x00000008   Code   RO         1607    .text.HAL_FDCAN_TxFifoEmptyCallback  stm32h7xx_hal_fdcan.o
    0x08005fd8   0x08005fd8   0x000003c0   Code   RO          810    .text.HAL_GPIO_Init  stm32h7xx_hal_gpio.o
    0x08006398   0x08006398   0x0000002e   Code   RO          814    .text.HAL_GPIO_ReadPin  stm32h7xx_hal_gpio.o
    0x080063c6   0x080063c6   0x00000002   PAD
    0x080063c8   0x080063c8   0x0000000c   Code   RO         1114    .text.HAL_GetTick   stm32h7xx_hal.o
    0x080063d4   0x080063d4   0x00000004   PAD
    0x080063d8   0x080063d8   0x0000001a   Code   RO         1112    .text.HAL_IncTick   stm32h7xx_hal.o
    0x080063f2   0x080063f2   0x00000006   PAD
    0x080063f8   0x080063f8   0x0000007a   Code   RO         1102    .text.HAL_Init      stm32h7xx_hal.o
    0x08006472   0x08006472   0x00000006   PAD
    0x08006478   0x08006478   0x000000dc   Code   RO          166    .text.HAL_InitTick  stm32h7xx_hal_timebase_tim.o
    0x08006554   0x08006554   0x00000004   PAD
    0x08006558   0x08006558   0x00000080   Code   RO          568    .text.HAL_MPU_ConfigRegion  stm32h7xx_hal_cortex.o
    0x080065d8   0x080065d8   0x00000022   Code   RO          560    .text.HAL_MPU_Disable  stm32h7xx_hal_cortex.o
    0x080065fa   0x080065fa   0x00000006   PAD
    0x08006600   0x08006600   0x00000030   Code   RO          562    .text.HAL_MPU_Enable  stm32h7xx_hal_cortex.o
    0x08006630   0x08006630   0x00000032   Code   RO          158    .text.HAL_MspInit   stm32h7xx_hal_msp.o
    0x08006662   0x08006662   0x00000006   PAD
    0x08006668   0x08006668   0x00000014   Code   RO          544    .text.HAL_NVIC_EnableIRQ  stm32h7xx_hal_cortex.o
    0x0800667c   0x0800667c   0x00000004   PAD
    0x08006680   0x08006680   0x0000002e   Code   RO          536    .text.HAL_NVIC_SetPriority  stm32h7xx_hal_cortex.o
    0x080066ae   0x080066ae   0x00000002   PAD
    0x080066b0   0x080066b0   0x00000010   Code   RO          532    .text.HAL_NVIC_SetPriorityGrouping  stm32h7xx_hal_cortex.o
    0x080066c0   0x080066c0   0x000000a2   Code   RO         1019    .text.HAL_PWREx_ConfigSupply  stm32h7xx_hal_pwr_ex.o
    0x08006762   0x08006762   0x00000006   PAD
    0x08006768   0x08006768   0x00000026   Code   RO          660    .text.HAL_RCCEx_GetD3PCLK1Freq  stm32h7xx_hal_rcc_ex.o
    0x0800678e   0x0800678e   0x00000002   PAD
    0x08006790   0x08006790   0x000002ac   Code   RO          656    .text.HAL_RCCEx_GetPLL2ClockFreq  stm32h7xx_hal_rcc_ex.o
    0x08006a3c   0x08006a3c   0x00000004   PAD
    0x08006a40   0x08006a40   0x000002ac   Code   RO          658    .text.HAL_RCCEx_GetPLL3ClockFreq  stm32h7xx_hal_rcc_ex.o
    0x08006cec   0x08006cec   0x00000004   PAD
    0x08006cf0   0x08006cf0   0x00000fec   Code   RO          644    .text.HAL_RCCEx_PeriphCLKConfig  stm32h7xx_hal_rcc_ex.o
    0x08007cdc   0x08007cdc   0x00000004   PAD
    0x08007ce0   0x08007ce0   0x00000498   Code   RO          613    .text.HAL_RCC_ClockConfig  stm32h7xx_hal_rcc.o
    0x08008178   0x08008178   0x00000088   Code   RO          631    .text.HAL_RCC_GetClockConfig  stm32h7xx_hal_rcc.o
    0x08008200   0x08008200   0x00000056   Code   RO          623    .text.HAL_RCC_GetHCLKFreq  stm32h7xx_hal_rcc.o
    0x08008256   0x08008256   0x00000002   PAD
    0x08008258   0x08008258   0x00000026   Code   RO          625    .text.HAL_RCC_GetPCLK1Freq  stm32h7xx_hal_rcc.o
    0x0800827e   0x0800827e   0x00000002   PAD
    0x08008280   0x08008280   0x00000026   Code   RO          627    .text.HAL_RCC_GetPCLK2Freq  stm32h7xx_hal_rcc.o
    0x080082a6   0x080082a6   0x00000002   PAD
    0x080082a8   0x080082a8   0x00000310   Code   RO          615    .text.HAL_RCC_GetSysClockFreq  stm32h7xx_hal_rcc.o
    0x080085b8   0x080085b8   0x00000a20   Code   RO          611    .text.HAL_RCC_OscConfig  stm32h7xx_hal_rcc.o
    0x08008fd8   0x08008fd8   0x00000008   Code   RO          519    .text.HAL_TIMEx_Break2Callback  stm32h7xx_hal_tim_ex.o
    0x08008fe0   0x08008fe0   0x00000008   Code   RO          517    .text.HAL_TIMEx_BreakCallback  stm32h7xx_hal_tim_ex.o
    0x08008fe8   0x08008fe8   0x00000008   Code   RO          513    .text.HAL_TIMEx_CommutCallback  stm32h7xx_hal_tim_ex.o
    0x08008ff0   0x08008ff0   0x000000a8   Code   RO          180    .text.HAL_TIM_Base_Init  stm32h7xx_hal_tim.o
    0x08009098   0x08009098   0x00000008   Code   RO          182    .text.HAL_TIM_Base_MspInit  stm32h7xx_hal_tim.o
    0x080090a0   0x080090a0   0x00000128   Code   RO          194    .text.HAL_TIM_Base_Start_IT  stm32h7xx_hal_tim.o
    0x080091c8   0x080091c8   0x00000008   Code   RO          316    .text.HAL_TIM_IC_CaptureCallback  stm32h7xx_hal_tim.o
    0x080091d0   0x080091d0   0x00000250   Code   RO          314    .text.HAL_TIM_IRQHandler  stm32h7xx_hal_tim.o
    0x08009420   0x08009420   0x00000008   Code   RO          318    .text.HAL_TIM_OC_DelayElapsedCallback  stm32h7xx_hal_tim.o
    0x08009428   0x08009428   0x00000008   Code   RO          320    .text.HAL_TIM_PWM_PulseFinishedCallback  stm32h7xx_hal_tim.o
    0x08009430   0x08009430   0x00000022   Code   RO           19    .text.HAL_TIM_PeriodElapsedCallback  main.o
    0x08009452   0x08009452   0x00000006   PAD
    0x08009458   0x08009458   0x00000008   Code   RO          324    .text.HAL_TIM_TriggerCallback  stm32h7xx_hal_tim.o
    0x08009460   0x08009460   0x0000007c   Code   RO         1812    .text.HAL_UARTEx_DisableFifoMode  stm32h7xx_hal_uart_ex.o
    0x080094dc   0x080094dc   0x00000004   PAD
    0x080094e0   0x080094e0   0x000000b0   Code   RO         1822    .text.HAL_UARTEx_ReceiveToIdle_DMA  stm32h7xx_hal_uart_ex.o
    0x08009590   0x08009590   0x000006bc   Code   RO         2568    .text.HAL_UARTEx_RxEventCallback  mymain.o
    0x08009c4c   0x08009c4c   0x00000004   PAD
    0x08009c50   0x08009c50   0x00000008   Code   RO         1794    .text.HAL_UARTEx_RxFifoFullCallback  stm32h7xx_hal_uart_ex.o
    0x08009c58   0x08009c58   0x0000008c   Code   RO         1816    .text.HAL_UARTEx_SetRxFifoThreshold  stm32h7xx_hal_uart_ex.o
    0x08009ce4   0x08009ce4   0x00000004   PAD
    0x08009ce8   0x08009ce8   0x0000008c   Code   RO         1814    .text.HAL_UARTEx_SetTxFifoThreshold  stm32h7xx_hal_uart_ex.o
    0x08009d74   0x08009d74   0x00000004   PAD
    0x08009d78   0x08009d78   0x00000008   Code   RO         1796    .text.HAL_UARTEx_TxFifoEmptyCallback  stm32h7xx_hal_uart_ex.o
    0x08009d80   0x08009d80   0x00000008   Code   RO         1792    .text.HAL_UARTEx_WakeupCallback  stm32h7xx_hal_uart_ex.o
    0x08009d88   0x08009d88   0x00000646   Code   RO         2570    .text.HAL_UART_ErrorCallback  mymain.o
    0x0800a3ce   0x0800a3ce   0x00000002   PAD
    0x0800a3d0   0x0800a3d0   0x000006fe   Code   RO         1730    .text.HAL_UART_IRQHandler  stm32h7xx_hal_uart.o
    0x0800aace   0x0800aace   0x00000002   PAD
    0x0800aad0   0x0800aad0   0x000000aa   Code   RO         1642    .text.HAL_UART_Init  stm32h7xx_hal_uart.o
    0x0800ab7a   0x0800ab7a   0x00000006   PAD
    0x0800ab80   0x0800ab80   0x000003e6   Code   RO           97    .text.HAL_UART_MspInit  usart.o
    0x0800af66   0x0800af66   0x00000002   PAD
    0x0800af68   0x0800af68   0x00000008   Code   RO         1744    .text.HAL_UART_RxCpltCallback  stm32h7xx_hal_uart.o
    0x0800af70   0x0800af70   0x00000008   Code   RO         1746    .text.HAL_UART_RxHalfCpltCallback  stm32h7xx_hal_uart.o
    0x0800af78   0x0800af78   0x00000008   Code   RO         1740    .text.HAL_UART_TxCpltCallback  stm32h7xx_hal_uart.o
    0x0800af80   0x0800af80   0x000000d0   Code   RO         2562    .text.Handle_Analysis  mymain.o
    0x0800b050   0x0800b050   0x00000004   Code   RO          119    .text.HardFault_Handler  stm32h7xx_it.o
    0x0800b054   0x0800b054   0x00000004   PAD
    0x0800b058   0x0800b058   0x00000050   Code   RO         2309    .text.IRQ_Context   cmsis_os2.o
    0x0800b0a8   0x0800b0a8   0x000000ae   Code   RO         2615    .text.Imu_Analysis  imu_100a.o
    0x0800b156   0x0800b156   0x00000002   PAD
    0x0800b158   0x0800b158   0x00000056   Code   RO           13    .text.MPU_Config    main.o
    0x0800b1ae   0x0800b1ae   0x00000002   PAD
    0x0800b1b0   0x0800b1b0   0x00000096   Code   RO           69    .text.MX_DMA_Init   dma.o
    0x0800b246   0x0800b246   0x00000002   PAD
    0x0800b248   0x0800b248   0x00000070   Code   RO           77    .text.MX_FDCAN1_Init  fdcan.o
    0x0800b2b8   0x0800b2b8   0x000000a0   Code   RO           45    .text.MX_FREERTOS_Init  freertos.o
    0x0800b358   0x0800b358   0x000000c2   Code   RO           29    .text.MX_GPIO_Init  gpio.o
    0x0800b41a   0x0800b41a   0x00000006   PAD
    0x0800b420   0x0800b420   0x0000008e   Code   RO           91    .text.MX_UART7_Init  usart.o
    0x0800b4ae   0x0800b4ae   0x00000002   PAD
    0x0800b4b0   0x0800b4b0   0x0000008e   Code   RO           93    .text.MX_USART1_UART_Init  usart.o
    0x0800b53e   0x0800b53e   0x00000002   PAD
    0x0800b540   0x0800b540   0x0000008e   Code   RO           95    .text.MX_USART2_UART_Init  usart.o
    0x0800b5ce   0x0800b5ce   0x00000002   PAD
    0x0800b5d0   0x0800b5d0   0x00000004   Code   RO          121    .text.MemManage_Handler  stm32h7xx_it.o
    0x0800b5d4   0x0800b5d4   0x00000004   PAD
    0x0800b5d8   0x0800b5d8   0x0000067a   Code   RO         2560    .text.My_init       mymain.o
    0x0800bc52   0x0800bc52   0x00000006   PAD
    0x0800bc58   0x0800bc58   0x00000004   Code   RO          117    .text.NMI_Handler   stm32h7xx_it.o
    0x0800bc5c   0x0800bc5c   0x00000004   PAD
    0x0800bc60   0x0800bc60   0x0000006c   Code   RO          542    .text.NVIC_EncodePriority  stm32h7xx_hal_cortex.o
    0x0800bccc   0x0800bccc   0x00000004   PAD
    0x0800bcd0   0x0800bcd0   0x00000064   Code   RO         2542    .text.PendSV_Handler  port.o
    0x0800bd34   0x0800bd34   0x00000004   PAD
    0x0800bd38   0x0800bd38   0x000001ca   Code   RO          646    .text.RCCEx_PLL2_Config  stm32h7xx_hal_rcc_ex.o
    0x0800bf02   0x0800bf02   0x00000006   PAD
    0x0800bf08   0x0800bf08   0x000001ca   Code   RO          648    .text.RCCEx_PLL3_Config  stm32h7xx_hal_rcc_ex.o
    0x0800c0d2   0x0800c0d2   0x0000000e   PAD
    0x0800c0e0   0x0800c0e0   0x00000024   Code   RO         2526    .text.SVC_Handler   port.o
    0x0800c104   0x0800c104   0x00000004   PAD
    0x0800c108   0x0800c108   0x0000000e   Code   RO         2317    .text.SVC_Setup     cmsis_os2.o
    0x0800c116   0x0800c116   0x00000002   PAD
    0x0800c118   0x0800c118   0x00000114   Code   RO         2558    .text.StartchassisTask  mymain.o
    0x0800c22c   0x0800c22c   0x00000004   PAD
    0x0800c230   0x0800c230   0x000000c2   Code   RO         2564    .text.Startchassis_can  mymain.o
    0x0800c2f2   0x0800c2f2   0x00000006   PAD
    0x0800c2f8   0x0800c2f8   0x0000001e   Code   RO         2305    .text.SysTick_Handler  cmsis_os2.o
    0x0800c316   0x0800c316   0x00000002   PAD
    0x0800c318   0x0800c318   0x000000cc   Code   RO           15    .text.SystemClock_Config  main.o
    0x0800c3e4   0x0800c3e4   0x00000004   PAD
    0x0800c3e8   0x0800c3e8   0x00000166   Code   RO         1835    .text.SystemInit    system_stm32h7xx.o
    0x0800c54e   0x0800c54e   0x00000002   PAD
    0x0800c550   0x0800c550   0x00000010   Code   RO          143    .text.TIM4_IRQHandler  stm32h7xx_it.o
    0x0800c560   0x0800c560   0x000001c4   Code   RO          184    .text.TIM_Base_SetConfig  stm32h7xx_hal_tim.o
    0x0800c724   0x0800c724   0x00000004   PAD
    0x0800c728   0x0800c728   0x00000010   Code   RO          149    .text.UART7_IRQHandler  stm32h7xx_it.o
    0x0800c738   0x0800c738   0x00000086   Code   RO         1810    .text.UARTEx_SetNbDataToProcess  stm32h7xx_hal_uart_ex.o
    0x0800c7be   0x0800c7be   0x00000002   PAD
    0x0800c7c0   0x0800c7c0   0x00000148   Code   RO         1646    .text.UART_AdvFeatureConfig  stm32h7xx_hal_uart.o
    0x0800c908   0x0800c908   0x00000146   Code   RO         1650    .text.UART_CheckIdleState  stm32h7xx_hal_uart.o
    0x0800ca4e   0x0800ca4e   0x00000002   PAD
    0x0800ca50   0x0800ca50   0x00000016   Code   RO         1732    .text.UART_DMAAbortOnError  stm32h7xx_hal_uart.o
    0x0800ca66   0x0800ca66   0x00000002   PAD
    0x0800ca68   0x0800ca68   0x00000070   Code   RO         1688    .text.UART_DMAError  stm32h7xx_hal_uart.o
    0x0800cad8   0x0800cad8   0x00000250   Code   RO         1778    .text.UART_DMAReceiveCplt  stm32h7xx_hal_uart.o
    0x0800cd28   0x0800cd28   0x00000192   Code   RO         1780    .text.UART_DMARxHalfCplt  stm32h7xx_hal_uart.o
    0x0800ceba   0x0800ceba   0x00000006   PAD
    0x0800cec0   0x0800cec0   0x0000009e   Code   RO         1702    .text.UART_EndRxTransfer  stm32h7xx_hal_uart.o
    0x0800cf5e   0x0800cf5e   0x00000002   PAD
    0x0800cf60   0x0800cf60   0x00000044   Code   RO         1738    .text.UART_EndTransmit_IT  stm32h7xx_hal_uart.o
    0x0800cfa4   0x0800cfa4   0x00000004   PAD
    0x0800cfa8   0x0800cfa8   0x0000005c   Code   RO         1700    .text.UART_EndTxTransfer  stm32h7xx_hal_uart.o
    0x0800d004   0x0800d004   0x00000004   PAD
    0x0800d008   0x0800d008   0x00000a4e   Code   RO         1648    .text.UART_SetConfig  stm32h7xx_hal_uart.o
    0x0800da56   0x0800da56   0x00000002   PAD
    0x0800da58   0x0800da58   0x0000012e   Code   RO         1692    .text.UART_Start_Receive_DMA  stm32h7xx_hal_uart.o
    0x0800db86   0x0800db86   0x00000002   PAD
    0x0800db88   0x0800db88   0x0000010c   Code   RO         1664    .text.UART_WaitOnFlagUntilTimeout  stm32h7xx_hal_uart.o
    0x0800dc94   0x0800dc94   0x00000004   PAD
    0x0800dc98   0x0800dc98   0x00000010   Code   RO          145    .text.USART1_IRQHandler  stm32h7xx_it.o
    0x0800dca8   0x0800dca8   0x00000010   Code   RO          147    .text.USART2_IRQHandler  stm32h7xx_it.o
    0x0800dcb8   0x0800dcb8   0x00000004   Code   RO          125    .text.UsageFault_Handler  stm32h7xx_it.o
    0x0800dcbc   0x0800dcbc   0x00000004   PAD
    0x0800dcc0   0x0800dcc0   0x0000016c   Code   RO         2672    .text.VESC_Analysisdata  vesc.o
    0x0800de2c   0x0800de2c   0x00000004   PAD
    0x0800de30   0x0800de30   0x00000030   Code   RO         2638    .text.Vesc_Init     vesc.o
    0x0800de60   0x0800de60   0x00000030   Code   RO          546    .text.__NVIC_EnableIRQ  stm32h7xx_hal_cortex.o
    0x0800de90   0x0800de90   0x00000010   Code   RO          538    .text.__NVIC_GetPriorityGrouping  stm32h7xx_hal_cortex.o
    0x0800dea0   0x0800dea0   0x00000042   Code   RO          540    .text.__NVIC_SetPriority  stm32h7xx_hal_cortex.o
    0x0800dee2   0x0800dee2   0x00000006   PAD
    0x0800dee8   0x0800dee8   0x00000042   Code   RO         2475    .text.__NVIC_SetPriority  cmsis_os2.o
    0x0800df2a   0x0800df2a   0x00000006   PAD
    0x0800df30   0x0800df30   0x0000003c   Code   RO          534    .text.__NVIC_SetPriorityGrouping  stm32h7xx_hal_cortex.o
    0x0800df6c   0x0800df6c   0x00000004   PAD
    0x0800df70   0x0800df70   0x00000062   Code   RO         2642    .text.buffer_int32  vesc.o
    0x0800dfd2   0x0800dfd2   0x00000006   PAD
    0x0800dfd8   0x0800dfd8   0x0000001c   Code   RO         2685    .text.command_id    dji_2006.o
    0x0800dff4   0x0800dff4   0x00000004   PAD
    0x0800dff8   0x0800dff8   0x00000002   Code   RO           37    .text.configureTimerForRunTimeStats  freertos.o
    0x0800dffa   0x0800dffa   0x00000006   PAD
    0x0800e000   0x0800e000   0x00000004   Code   RO           39    .text.getRunTimeCounterValue  freertos.o
    0x0800e004   0x0800e004   0x00000004   PAD
    0x0800e008   0x0800e008   0x000005b0   Code   RO         2591    .text.helm_calculate  helm_chassis.o
    0x0800e5b8   0x0800e5b8   0x000000cc   Code   RO         2597    .text.helm_chassis_ready  helm_chassis.o
    0x0800e684   0x0800e684   0x00000004   PAD
    0x0800e688   0x0800e688   0x0000003c   Code   RO           11    .text.main          main.o
    0x0800e6c4   0x0800e6c4   0x00000004   PAD
    0x0800e6c8   0x0800e6c8   0x00000030   Code   RO         2375    .text.osDelay       cmsis_os2.o
    0x0800e6f8   0x0800e6f8   0x00000052   Code   RO         2307    .text.osKernelInitialize  cmsis_os2.o
    0x0800e74a   0x0800e74a   0x00000006   PAD
    0x0800e750   0x0800e750   0x0000005c   Code   RO         2315    .text.osKernelStart  cmsis_os2.o
    0x0800e7ac   0x0800e7ac   0x00000004   PAD
    0x0800e7b0   0x0800e7b0   0x000000c0   Code   RO         2429    .text.osMessageQueueGet  cmsis_os2.o
    0x0800e870   0x0800e870   0x000000f8   Code   RO         2425    .text.osMessageQueueNew  cmsis_os2.o
    0x0800e968   0x0800e968   0x000000c4   Code   RO         2427    .text.osMessageQueuePut  cmsis_os2.o
    0x0800ea2c   0x0800ea2c   0x00000004   PAD
    0x0800ea30   0x0800ea30   0x00000156   Code   RO         2339    .text.osThreadNew   cmsis_os2.o
    0x0800eb86   0x0800eb86   0x00000002   PAD
    0x0800eb88   0x0800eb88   0x000000fe   Code   RO         2080    .text.prvAddCurrentTaskToDelayedList  tasks.o
    0x0800ec86   0x0800ec86   0x00000002   PAD
    0x0800ec88   0x0800ec88   0x0000016c   Code   RO         2066    .text.prvAddNewTaskToReadyList  tasks.o
    0x0800edf4   0x0800edf4   0x00000004   PAD
    0x0800edf8   0x0800edf8   0x000000a2   Code   RO         2230    .text.prvCheckForValidListAndQueue  timers.o
    0x0800ee9a   0x0800ee9a   0x00000006   PAD
    0x0800eea0   0x0800eea0   0x0000005a   Code   RO         2194    .text.prvCheckTasksWaitingTermination  tasks.o
    0x0800eefa   0x0800eefa   0x00000006   PAD
    0x0800ef00   0x0800ef00   0x00000042   Code   RO         1953    .text.prvCopyDataFromQueue  queue.o
    0x0800ef42   0x0800ef42   0x00000006   PAD
    0x0800ef48   0x0800ef48   0x000000cc   Code   RO         1941    .text.prvCopyDataToQueue  queue.o
    0x0800f014   0x0800f014   0x00000004   PAD
    0x0800f018   0x0800f018   0x0000005e   Code   RO         2074    .text.prvDeleteTCB  tasks.o
    0x0800f076   0x0800f076   0x00000002   PAD
    0x0800f078   0x0800f078   0x00000040   Code   RO         2272    .text.prvGetNextExpireTime  timers.o
    0x0800f0b8   0x0800f0b8   0x000000ae   Code   RO         2492    .text.prvHeapInit   heap_4.o
    0x0800f166   0x0800f166   0x00000002   PAD
    0x0800f168   0x0800f168   0x00000038   Code   RO         2106    .text.prvIdleTask   tasks.o
    0x0800f1a0   0x0800f1a0   0x00000048   Code   RO         1913    .text.prvInitialiseNewQueue  queue.o
    0x0800f1e8   0x0800f1e8   0x0000012a   Code   RO         2064    .text.prvInitialiseNewTask  tasks.o
    0x0800f312   0x0800f312   0x00000006   PAD
    0x0800f318   0x0800f318   0x0000008e   Code   RO         2192    .text.prvInitialiseTaskLists  tasks.o
    0x0800f3a6   0x0800f3a6   0x00000002   PAD
    0x0800f3a8   0x0800f3a8   0x000000c6   Code   RO         2494    .text.prvInsertBlockIntoFreeList  heap_4.o
    0x0800f46e   0x0800f46e   0x00000002   PAD
    0x0800f470   0x0800f470   0x00000086   Code   RO         2286    .text.prvInsertTimerInActiveList  timers.o
    0x0800f4f6   0x0800f4f6   0x00000002   PAD
    0x0800f4f8   0x0800f4f8   0x00000028   Code   RO         1955    .text.prvIsQueueEmpty  queue.o
    0x0800f520   0x0800f520   0x0000002e   Code   RO         1943    .text.prvIsQueueFull  queue.o
    0x0800f54e   0x0800f54e   0x00000002   PAD
    0x0800f550   0x0800f550   0x00000028   Code   RO         2534    .text.prvPortStartFirstTask  port.o
    0x0800f578   0x0800f578   0x00000054   Code   RO         2280    .text.prvProcessExpiredTimer  timers.o
    0x0800f5cc   0x0800f5cc   0x00000004   PAD
    0x0800f5d0   0x0800f5d0   0x00000180   Code   RO         2276    .text.prvProcessReceivedCommands  timers.o
    0x0800f750   0x0800f750   0x0000009a   Code   RO         2274    .text.prvProcessTimerOrBlockTask  timers.o
    0x0800f7ea   0x0800f7ea   0x00000006   PAD
    0x0800f7f0   0x0800f7f0   0x00000034   Code   RO         2284    .text.prvReloadTimer  timers.o
    0x0800f824   0x0800f824   0x00000004   PAD
    0x0800f828   0x0800f828   0x0000003c   Code   RO         2072    .text.prvResetNextTaskUnblockTime  tasks.o
    0x0800f864   0x0800f864   0x00000004   PAD
    0x0800f868   0x0800f868   0x00000044   Code   RO         2278    .text.prvSampleTimeNow  timers.o
    0x0800f8ac   0x0800f8ac   0x00000004   PAD
    0x0800f8b0   0x0800f8b0   0x00000052   Code   RO         2282    .text.prvSwitchTimerLists  timers.o
    0x0800f902   0x0800f902   0x00000006   PAD
    0x0800f908   0x0800f908   0x0000004c   Code   RO         2524    .text.prvTaskExitError  port.o
    0x0800f954   0x0800f954   0x00000004   PAD
    0x0800f958   0x0800f958   0x0000001e   Code   RO         2232    .text.prvTimerTask  timers.o
    0x0800f976   0x0800f976   0x00000002   PAD
    0x0800f978   0x0800f978   0x000000ae   Code   RO         1945    .text.prvUnlockQueue  queue.o
    0x0800fa26   0x0800fa26   0x00000002   PAD
    0x0800fa28   0x0800fa28   0x000001fc   Code   RO         2490    .text.pvPortMalloc  heap_4.o
    0x0800fc24   0x0800fc24   0x00000004   PAD
    0x0800fc28   0x0800fc28   0x0000005e   Code   RO         2522    .text.pxPortInitialiseStack  port.o
    0x0800fc86   0x0800fc86   0x00000002   PAD
    0x0800fc88   0x0800fc88   0x00000048   Code   RO         1900    .text.uxListRemove  list.o
    0x0800fcd0   0x0800fcd0   0x0000000c   Code   RO         2116    .text.uxTaskGetNumberOfTasks  tasks.o
    0x0800fcdc   0x0800fcdc   0x00000004   PAD
    0x0800fce0   0x0800fce0   0x0000002a   Code   RO         2471    .text.vApplicationGetIdleTaskMemory  cmsis_os2.o
    0x0800fd0a   0x0800fd0a   0x00000006   PAD
    0x0800fd10   0x0800fd10   0x0000002c   Code   RO         2473    .text.vApplicationGetTimerTaskMemory  cmsis_os2.o
    0x0800fd3c   0x0800fd3c   0x00000004   PAD
    0x0800fd40   0x0800fd40   0x00000002   Code   RO           43    .text.vApplicationMallocFailedHook  freertos.o
    0x0800fd42   0x0800fd42   0x00000006   PAD
    0x0800fd48   0x0800fd48   0x0000000a   Code   RO           41    .text.vApplicationStackOverflowHook  freertos.o
    0x0800fd52   0x0800fd52   0x00000006   PAD
    0x0800fd58   0x0800fd58   0x0000002e   Code   RO         1892    .text.vListInitialise  list.o
    0x0800fd86   0x0800fd86   0x00000002   PAD
    0x0800fd88   0x0800fd88   0x0000000e   Code   RO         1894    .text.vListInitialiseItem  list.o
    0x0800fd96   0x0800fd96   0x00000002   PAD
    0x0800fd98   0x0800fd98   0x0000006a   Code   RO         1898    .text.vListInsert   list.o
    0x0800fe02   0x0800fe02   0x00000006   PAD
    0x0800fe08   0x0800fe08   0x00000014   Code   RO         2532    .text.vPortEnableVFP  port.o
    0x0800fe1c   0x0800fe1c   0x00000004   PAD
    0x0800fe20   0x0800fe20   0x00000056   Code   RO         2538    .text.vPortEnterCritical  port.o
    0x0800fe76   0x0800fe76   0x00000002   PAD
    0x0800fe78   0x0800fe78   0x0000004a   Code   RO         2540    .text.vPortExitCritical  port.o
    0x0800fec2   0x0800fec2   0x00000006   PAD
    0x0800fec8   0x0800fec8   0x000000ba   Code   RO         2496    .text.vPortFree     heap_4.o
    0x0800ff82   0x0800ff82   0x00000006   PAD
    0x0800ff88   0x0800ff88   0x00000044   Code   RO         2530    .text.vPortSetupTimerInterrupt  port.o
    0x0800ffcc   0x0800ffcc   0x00000004   PAD
    0x0800ffd0   0x0800ffd0   0x00000084   Code   RO         2546    .text.vPortValidateInterruptPriority  port.o
    0x08010054   0x08010054   0x00000004   PAD
    0x08010058   0x08010058   0x000000b6   Code   RO         1989    .text.vQueueAddToRegistry  queue.o
    0x0801010e   0x0801010e   0x00000002   PAD
    0x08010110   0x08010110   0x00000064   Code   RO         1993    .text.vQueueWaitForMessageRestricted  queue.o
    0x08010174   0x08010174   0x00000004   PAD
    0x08010178   0x08010178   0x0000006e   Code   RO         2084    .text.vTaskDelay    tasks.o
    0x080101e6   0x080101e6   0x00000002   PAD
    0x080101e8   0x080101e8   0x00000024   Code   RO         2140    .text.vTaskInternalSetTimeOutState  tasks.o
    0x0801020c   0x0801020c   0x00000004   PAD
    0x08010210   0x08010210   0x0000000e   Code   RO         2144    .text.vTaskMissedYield  tasks.o
    0x0801021e   0x0801021e   0x00000002   PAD
    0x08010220   0x08010220   0x00000042   Code   RO         2128    .text.vTaskPlaceOnEventList  tasks.o
    0x08010262   0x08010262   0x00000006   PAD
    0x08010268   0x08010268   0x00000080   Code   RO         2132    .text.vTaskPlaceOnEventListRestricted  tasks.o
    0x080102e8   0x080102e8   0x000000e6   Code   RO         2104    .text.vTaskStartScheduler  tasks.o
    0x080103ce   0x080103ce   0x00000002   PAD
    0x080103d0   0x080103d0   0x00000010   Code   RO         2078    .text.vTaskSuspendAll  tasks.o
    0x080103e0   0x080103e0   0x0000018a   Code   RO         2096    .text.vTaskSwitchContext  tasks.o
    0x0801056a   0x0801056a   0x00000006   PAD
    0x08010570   0x08010570   0x0000008c   Code   RO         2658    .text.vesc_set_rpm  vesc.o
    0x080105fc   0x080105fc   0x00000004   PAD
    0x08010600   0x08010600   0x00000070   Code   RO         2593    .text.wrap_pi       helm_chassis.o
    0x08010670   0x08010670   0x0000018c   Code   RO         2528    .text.xPortStartScheduler  port.o
    0x080107fc   0x080107fc   0x00000004   PAD
    0x08010800   0x08010800   0x0000003c   Code   RO         2544    .text.xPortSysTickHandler  port.o
    0x0801083c   0x0801083c   0x00000004   PAD
    0x08010840   0x08010840   0x000000a2   Code   RO         1917    .text.xQueueGenericCreate  queue.o
    0x080108e2   0x080108e2   0x00000006   PAD
    0x080108e8   0x080108e8   0x000000c8   Code   RO         1911    .text.xQueueGenericCreateStatic  queue.o
    0x080109b0   0x080109b0   0x00000108   Code   RO         1909    .text.xQueueGenericReset  queue.o
    0x08010ab8   0x08010ab8   0x0000022c   Code   RO         1931    .text.xQueueGenericSend  queue.o
    0x08010ce4   0x08010ce4   0x00000004   PAD
    0x08010ce8   0x08010ce8   0x00000184   Code   RO         1947    .text.xQueueGenericSendFromISR  queue.o
    0x08010e6c   0x08010e6c   0x00000004   PAD
    0x08010e70   0x08010e70   0x000001dc   Code   RO         1951    .text.xQueueReceive  queue.o
    0x0801104c   0x0801104c   0x00000004   PAD
    0x08011050   0x08011050   0x00000142   Code   RO         1961    .text.xQueueReceiveFromISR  queue.o
    0x08011192   0x08011192   0x00000006   PAD
    0x08011198   0x08011198   0x000000d2   Code   RO         2142    .text.xTaskCheckForTimeOut  tasks.o
    0x0801126a   0x0801126a   0x00000006   PAD
    0x08011270   0x08011270   0x000000a6   Code   RO         2068    .text.xTaskCreate   tasks.o
    0x08011316   0x08011316   0x00000002   PAD
    0x08011318   0x08011318   0x000000d6   Code   RO         2062    .text.xTaskCreateStatic  tasks.o
    0x080113ee   0x080113ee   0x00000002   PAD
    0x080113f0   0x080113f0   0x00000038   Code   RO         2158    .text.xTaskGetSchedulerState  tasks.o
    0x08011428   0x08011428   0x00000014   Code   RO         2112    .text.xTaskGetTickCount  tasks.o
    0x0801143c   0x0801143c   0x00000004   PAD
    0x08011440   0x08011440   0x00000284   Code   RO         2110    .text.xTaskIncrementTick  tasks.o
    0x080116c4   0x080116c4   0x00000004   PAD
    0x080116c8   0x080116c8   0x0000013a   Code   RO         2162    .text.xTaskPriorityDisinherit  tasks.o
    0x08011802   0x08011802   0x00000006   PAD
    0x08011808   0x08011808   0x000001b0   Code   RO         2134    .text.xTaskRemoveFromEventList  tasks.o
    0x080119b8   0x080119b8   0x00000242   Code   RO         2082    .text.xTaskResumeAll  tasks.o
    0x08011bfa   0x08011bfa   0x00000006   PAD
    0x08011c00   0x08011c00   0x00000094   Code   RO         2228    .text.xTimerCreateTimerTask  timers.o
    0x08011c94   0x08011c94   0x00000026   Code   RO         2780    i.__ARM_fpclassifyf  m_wv.l(fpclassifyf.o)
    0x08011cba   0x08011cba   0x00000002   PAD
    0x08011cbc   0x08011cbc   0x000002ac   Code   RO         2739    i.__hardfp_atan2f   m_wv.l(atan2f.o)
    0x08011f68   0x08011f68   0x00000664   Code   RO         2751    i.__hardfp_powf     m_wv.l(powf.o)
    0x080125cc   0x080125cc   0x0000003a   Code   RO         2764    i.__hardfp_sqrtf    m_wv.l(sqrtf.o)
    0x08012606   0x08012606   0x00000002   PAD
    0x08012608   0x08012608   0x00000014   Code   RO         2782    i.__mathlib_flt_divzero  m_wv.l(funder.o)
    0x0801261c   0x0801261c   0x00000006   Code   RO         2784    i.__mathlib_flt_infnan2  m_wv.l(funder.o)
    0x08012622   0x08012622   0x00000002   PAD
    0x08012624   0x08012624   0x00000010   Code   RO         2785    i.__mathlib_flt_invalid  m_wv.l(funder.o)
    0x08012634   0x08012634   0x00000010   Code   RO         2786    i.__mathlib_flt_overflow  m_wv.l(funder.o)
    0x08012644   0x08012644   0x00000010   Code   RO         2788    i.__mathlib_flt_underflow  m_wv.l(funder.o)
    0x08012654   0x08012654   0x0000001a   Code   RO         2910    x$fpl$fpinit        fz_wv.l(fpinit.o)
    0x0801266e   0x0801266e   0x00000000   Code   RO         2779    x$fpl$usenofp       fz_wv.l(usenofp.o)
    0x0801266e   0x0801266e   0x00000002   PAD
    0x08012670   0x08012670   0x00000140   Data   RO         2754    .constdata          m_wv.l(powf.o)
    0x080127b0   0x080127b0   0x0000004c   Data   RO         1633    .rodata..L__const.HAL_FDCAN_Init.CvtEltSize  stm32h7xx_hal_fdcan.o
    0x080127fc   0x080127fc   0x00000010   Data   RO         1843    .rodata.D1CorePrescTable  system_stm32h7xx.o
    0x0801280c   0x0801280c   0x00000010   Data   RO         1634    .rodata.DLCtoBytes  stm32h7xx_hal_fdcan.o
    0x0801281c   0x0801281c   0x00000008   Data   RO          896    .rodata.DMA_CalcBaseAndBitshift.flagBitshiftOffset  stm32h7xx_hal_dma.o
    0x08012824   0x08012824   0x00000008   Data   RO         1827    .rodata.UARTEx_SetNbDataToProcess.denominator  stm32h7xx_hal_uart_ex.o
    0x0801282c   0x0801282c   0x00000008   Data   RO         1826    .rodata.UARTEx_SetNbDataToProcess.numerator  stm32h7xx_hal_uart_ex.o
    0x08012834   0x08012834   0x00000018   Data   RO         1782    .rodata.UARTPrescTable  stm32h7xx_hal_uart.o
    0x0801284c   0x0801284c   0x00000024   Data   RO           52    .rodata.chassisTask_attributes  freertos.o
    0x08012870   0x08012870   0x00000024   Data   RO           53    .rodata.chassis_can_attributes  freertos.o
    0x08012894   0x08012894   0x00000018   Data   RO           56    .rodata.dt35Queue_attributes  freertos.o
    0x080128ac   0x080128ac   0x00000018   Data   RO           54    .rodata.handleQueue_attributes  freertos.o
    0x080128c4   0x080128c4   0x00000018   Data   RO           55    .rodata.imuQueue_attributes  freertos.o
    0x080128dc   0x080128dc   0x00000037   Data   RO           51    .rodata.str1.1      freertos.o
    0x08012913   0x08012913   0x00000005   Data   RO         2212    .rodata.str1.1      tasks.o
    0x08012918   0x08012918   0x0000000d   Data   RO         2289    .rodata.str1.1      timers.o
    0x08012925   0x08012925   0x00000003   PAD
    0x08012928   0x08012928   0x00000004   Data   RO         2197    .rodata.uxTopUsedPriority  tasks.o
    0x0801292c   0x0801292c   0x00000020   Data   RO         2971    Region$$Table       anon$$obj.o


    Execution Region RW_IRAM1 (Exec base: 0x20000000, Load base: 0x0801294c, Size: 0x00000000, Max: 0x00020000, ABSOLUTE)

    **** No section assigned to this execution region ****


    Execution Region RW_IRAM2 (Exec base: 0x24000000, Load base: 0x08012950, Size: 0x000057c0, Max: 0x00050000, ABSOLUTE)

    Exec Addr    Load Addr    Size         Type   Attr      Idx    E Section Name        Object

    0x24000000   0x08012950   0x00000004   Data   RW         1841    .data.SystemCoreClock  system_stm32h7xx.o
    0x24000004   0x08012954   0x00000004   Data   RW         1842    .data.SystemD2Clock  system_stm32h7xx.o
    0x24000008   0x08012958   0x00000001   Data   RW         1211    .data.uwTickFreq    stm32h7xx_hal.o
    0x24000009   0x08012959   0x00000003   PAD
    0x2400000c   0x0801295c   0x00000004   Data   RW         1210    .data.uwTickPrio    stm32h7xx_hal.o
    0x24000010   0x08012960   0x00000004   Data   RW         2550    .data.uxCriticalNesting  port.o
    0x24000014   0x08012964   0x00000004   PAD
    0x24000018        -       0x00000060   Zero   RW         2822    .bss                c_w.l(libspace.o)
    0x24000078        -       0x00000004   Zero   RW         2618    .bss.Imu_angle      imu_100a.o
    0x2400007c        -       0x00000004   Zero   RW         2477    .bss.KernelState    cmsis_os2.o
    0x24000080        -       0x00000018   Zero   RW         2578    .bss.body_speed     mymain.o
    0x24000098        -       0x00000010   Zero   RW         2607    .bss.car_angle      helm_chassis.o
    0x240000a8        -       0x00000004   Zero   RW           60    .bss.chassisTaskHandle  freertos.o
    0x240000ac        -       0x00000004   Zero   RW           61    .bss.chassis_canHandle  freertos.o
    0x240000b0        -       0x00000010   Zero   RW         2627    .bss.distance       dt35.o
    0x240000c0        -       0x00000070   Zero   RW         2580    .bss.dji_motor      mymain.o
    0x24000130        -       0x00000004   Zero   RW           59    .bss.dt35QueueHandle  freertos.o
    0x24000134        -       0x00000008   Zero   RW         2629    .bss.dt35_back      dt35.o
    0x2400013c        -       0x00000008   Zero   RW         2628    .bss.dt35_front     dt35.o
    0x24000144        -       0x00000008   Zero   RW         2630    .bss.dt35_left      dt35.o
    0x2400014c        -       0x00000008   Zero   RW         2631    .bss.dt35_right     dt35.o
    0x24000154        -       0x00000004   Zero   RW           57    .bss.handleQueueHandle  freertos.o
    0x24000158        -       0x00000010   Zero   RW         2582    .bss.handle_data    mymain.o
    0x24000168        -       0x00000078   Zero   RW          105    .bss.hdma_uart7_rx  usart.o
    0x240001e0        -       0x00000078   Zero   RW          104    .bss.hdma_uart7_tx  usart.o
    0x24000258        -       0x00000078   Zero   RW          107    .bss.hdma_usart1_rx  usart.o
    0x240002d0        -       0x00000078   Zero   RW          106    .bss.hdma_usart1_tx  usart.o
    0x24000348        -       0x00000078   Zero   RW          108    .bss.hdma_usart2_rx  usart.o
    0x240003c0        -       0x00000078   Zero   RW          109    .bss.hdma_usart2_tx  usart.o
    0x24000438        -       0x00000005   Zero   RW         2604    .bss.helm_calibration_data  helm_chassis.o
    0x2400043d   0x08012964   0x00000003   PAD
    0x24000440        -       0x00000050   Zero   RW         2579    .bss.helm_chassis   mymain.o
    0x24000490        -       0x00000001   Zero   RW         2603    .bss.helm_states    helm_chassis.o
    0x24000491   0x08012964   0x00000003   PAD
    0x24000494        -       0x000000a0   Zero   RW           83    .bss.hfdcan1        fdcan.o
    0x24000534        -       0x0000004c   Zero   RW          172    .bss.htim4          stm32h7xx_hal_timebase_tim.o
    0x24000580        -       0x00000094   Zero   RW          102    .bss.huart1         usart.o
    0x24000614        -       0x00000094   Zero   RW          103    .bss.huart2         usart.o
    0x240006a8        -       0x00000094   Zero   RW          101    .bss.huart7         usart.o
    0x2400073c        -       0x00000004   Zero   RW           58    .bss.imuQueueHandle  freertos.o
    0x24000740        -       0x00000004   Zero   RW         2617    .bss.imu_data       imu_100a.o
    0x24000744        -       0x00000004   Zero   RW         2697    .bss.packet_data    dji_2006.o
    0x24000748        -       0x000000a0   Zero   RW         2297    .bss.prvCheckForValidListAndQueue.ucStaticTimerQueueStorage  timers.o
    0x240007e8        -       0x00000050   Zero   RW         2296    .bss.prvCheckForValidListAndQueue.xStaticTimerQueue  timers.o
    0x24000838        -       0x00000004   Zero   RW         2293    .bss.prvSampleTimeNow.xLastTime  timers.o
    0x2400083c        -       0x00000004   Zero   RW         2196    .bss.pxCurrentTCB   tasks.o
    0x24000840        -       0x00000004   Zero   RW         2291    .bss.pxCurrentTimerList  timers.o
    0x24000844        -       0x00000004   Zero   RW         2205    .bss.pxDelayedTaskList  tasks.o
    0x24000848        -       0x00000004   Zero   RW         2508    .bss.pxEnd          heap_4.o
    0x2400084c        -       0x00000004   Zero   RW         2206    .bss.pxOverflowDelayedTaskList  tasks.o
    0x24000850        -       0x00000004   Zero   RW         2292    .bss.pxOverflowTimerList  timers.o
    0x24000854        -       0x00000460   Zero   RW         2209    .bss.pxReadyTasksLists  tasks.o
    0x24000cb4        -       0x00000001   Zero   RW         2605    .bss.ready_target_initialized  helm_chassis.o
    0x24000cb5        -       0x00000013   Zero   RW         2576    .bss.receive_dt35   mymain.o
    0x24000cc8        -       0x00000013   Zero   RW         2574    .bss.receive_handle  mymain.o
    0x24000cdb        -       0x00000007   Zero   RW         2575    .bss.receive_imu    mymain.o
    0x24000ce2        -       0x00000004   Zero   RW         2577    .bss.test           mymain.o
    0x24000ce6        -       0x00003c00   Zero   RW         2514    .bss.ucHeap         heap_4.o
    0x240048e6        -       0x00000001   Zero   RW         2548    .bss.ucMaxSysCallPriority  port.o
    0x240048e7   0x08012964   0x00000001   PAD
    0x240048e8        -       0x00000004   Zero   RW         2549    .bss.ulMaxPRIGROUPValue  port.o
    0x240048ec        -       0x00000004   Zero   RW         2218    .bss.ulTaskSwitchedInTime  tasks.o
    0x240048f0        -       0x00000004   Zero   RW         2217    .bss.ulTotalRunTime  tasks.o
    0x240048f4        -       0x00000004   Zero   RW         1212    .bss.uwTick         stm32h7xx_hal.o
    0x240048f8        -       0x00000004   Zero   RW         2201    .bss.uxCurrentNumberOfTasks  tasks.o
    0x240048fc        -       0x00000004   Zero   RW         2200    .bss.uxDeletedTasksWaitingCleanUp  tasks.o
    0x24004900        -       0x00000004   Zero   RW         2203    .bss.uxSchedulerSuspended  tasks.o
    0x24004904        -       0x00000004   Zero   RW         2198    .bss.uxTaskNumber   tasks.o
    0x24004908        -       0x00000004   Zero   RW         2210    .bss.uxTopReadyPriority  tasks.o
    0x2400490c        -       0x00000200   Zero   RW         2480    .bss.vApplicationGetIdleTaskMemory.Idle_Stack  cmsis_os2.o
    0x24004b0c        -       0x00000064   Zero   RW         2479    .bss.vApplicationGetIdleTaskMemory.Idle_TCB  cmsis_os2.o
    0x24004b70        -       0x00000400   Zero   RW         2482    .bss.vApplicationGetTimerTaskMemory.Timer_Stack  cmsis_os2.o
    0x24004f70        -       0x00000064   Zero   RW         2481    .bss.vApplicationGetTimerTaskMemory.Timer_TCB  cmsis_os2.o
    0x24004fd4        -       0x000000e0   Zero   RW         2581    .bss.vesc_motor     mymain.o
    0x240050b4        -       0x00000014   Zero   RW         2294    .bss.xActiveTimerList1  timers.o
    0x240050c8        -       0x00000014   Zero   RW         2295    .bss.xActiveTimerList2  timers.o
    0x240050dc        -       0x00000014   Zero   RW         2219    .bss.xDelayedTaskList1  tasks.o
    0x240050f0        -       0x00000014   Zero   RW         2220    .bss.xDelayedTaskList2  tasks.o
    0x24005104        -       0x00000004   Zero   RW         2509    .bss.xFreeBytesRemaining  heap_4.o
    0x24005108        -       0x00000004   Zero   RW         2213    .bss.xIdleTaskHandle  tasks.o
    0x2400510c        -       0x00000004   Zero   RW         2511    .bss.xMinimumEverFreeBytesRemaining  heap_4.o
    0x24005110        -       0x00000004   Zero   RW         2214    .bss.xNextTaskUnblockTime  tasks.o
    0x24005114        -       0x00000004   Zero   RW         2216    .bss.xNumOfOverflows  tasks.o
    0x24005118        -       0x00000004   Zero   RW         2512    .bss.xNumberOfSuccessfulAllocations  heap_4.o
    0x2400511c        -       0x00000004   Zero   RW         2513    .bss.xNumberOfSuccessfulFrees  heap_4.o
    0x24005120        -       0x00000004   Zero   RW         2215    .bss.xPendedTicks   tasks.o
    0x24005124        -       0x00000014   Zero   RW         2207    .bss.xPendingReadyList  tasks.o
    0x24005138        -       0x00000040   Zero   RW         1995    .bss.xQueueRegistry  queue.o
    0x24005178        -       0x00000004   Zero   RW         2202    .bss.xSchedulerRunning  tasks.o
    0x2400517c        -       0x00000008   Zero   RW         2510    .bss.xStart         heap_4.o
    0x24005184        -       0x00000014   Zero   RW         2208    .bss.xSuspendedTaskList  tasks.o
    0x24005198        -       0x00000014   Zero   RW         2199    .bss.xTasksWaitingTermination  tasks.o
    0x240051ac        -       0x00000004   Zero   RW         2204    .bss.xTickCount     tasks.o
    0x240051b0        -       0x00000004   Zero   RW         2288    .bss.xTimerQueue    timers.o
    0x240051b4        -       0x00000004   Zero   RW         2290    .bss.xTimerTaskHandle  timers.o
    0x240051b8        -       0x00000004   Zero   RW         2211    .bss.xYieldPending  tasks.o
    0x240051bc   0x08012964   0x00000004   PAD
    0x240051c0        -       0x00000200   Zero   RW            2    HEAP                startup_stm32h723xx.o
    0x240053c0        -       0x00000400   Zero   RW            1    STACK               startup_stm32h723xx.o


==============================================================================

Image component sizes


      Code (inc. data)   RO Data    RW Data    ZI Data      Debug   Object Name

      1476          0          0          0       1740      35372   cmsis_os2.o
       522          0          0          0          4       6202   dji_2006.o
       150          0          0          0          0       5221   dma.o
       212          0          0          0         48       1241   dt35.o
       328          0          0          0        160      10940   fdcan.o
       178          0        199          0         20       3792   freertos.o
       194          0          0          0          0       2859   gpio.o
      1066          0          0          0      15388       4631   heap_4.o
      2392        104          0          0         23       4623   helm_chassis.o
       174          0          0          0          8       1031   imu_100a.o
       238          0          0          0          0       2206   list.o
       390          0          0          0          0       6404   main.o
      5870          0          0          0        505      11583   mymain.o
      1182         16          0          4          5       3929   port.o
      3252          0          0          0         64      18385   queue.o
        72         30        716          0       1536        840   startup_stm32h723xx.o
       160          0          0          5          4      14587   stm32h7xx_hal.o
       590          0          0          0          0      11475   stm32h7xx_hal_cortex.o
     15542          8          8          0          0      12434   stm32h7xx_hal_dma.o
      4950          0         92          0          0      33355   stm32h7xx_hal_fdcan.o
      1006          0          0          0          0       7016   stm32h7xx_hal_gpio.o
        50          0          0          0          0       5242   stm32h7xx_hal_msp.o
       162          0          0          0          0       9307   stm32h7xx_hal_pwr_ex.o
      4850         66          0          0          0      11392   stm32h7xx_hal_rcc.o
      6398         96          0          0          0      18667   stm32h7xx_hal_rcc_ex.o
      1548          0          0          0          0      37570   stm32h7xx_hal_tim.o
        24          0          0          0          0      18033   stm32h7xx_hal_tim_ex.o
       220          0          0          0         76       9576   stm32h7xx_hal_timebase_tim.o
      7292        342         24          0          0      29355   stm32h7xx_hal_uart.o
       738          0         16          0          0       8839   stm32h7xx_hal_uart_ex.o
       198          0          0          0          0       1825   stm32h7xx_it.o
       398          0         16          8          0       5577   system_stm32h7xx.o
      4998          0          9          0       1288      27104   tasks.o
      1362         10         13          0        300      11757   timers.o
      1424          0          0          0       1164      12446   usart.o
       876         16          0          0          0       9970   vesc.o

    ----------------------------------------------------------------------
     71180        720       1128         20      22348     414786   Object Totals
         0          0         32          0          0          0   (incl. Generated)
       698         32          3          3         15          0   (incl. Padding)

    ----------------------------------------------------------------------

      Code (inc. data)   RO Data    RW Data    ZI Data      Debug   Library Member Name

         8          0          0          0          0         68   __main.o
         0          0          0          0          0          0   __rtentry.o
        12          0          0          0          0          0   __rtentry2.o
         6          0          0          0          0          0   __rtentry4.o
        52          8          0          0          0          0   __scatter.o
        26          0          0          0          0          0   __scatter_copy.o
        28          0          0          0          0          0   __scatter_zi.o
        22          0          0          0          0        100   _rserrno.o
        16          0          0          0          0         68   aeabi_memset4.o
        18          0          0          0          0         80   exit.o
         6          0          0          0          0        152   heapauxi.o
         0          0          0          0          0          0   indicate_semi.o
         2          0          0          0          0          0   libinit.o
         6          0          0          0          0          0   libinit2.o
         2          0          0          0          0          0   libshutdown.o
         2          0          0          0          0          0   libshutdown2.o
         8          4          0          0         96         68   libspace.o
       240          0          0          0          0        100   lludivv7m.o
         8          4          0          0          0         68   rt_errno_addr_intlibspace.o
        68          0          0          0          0         68   rt_memclr.o
        78          0          0          0          0         80   rt_memclr_w.o
       138          0          0          0          0         68   rt_memcpy_v6.o
       100          0          0          0          0         80   rt_memcpy_w.o
         2          0          0          0          0          0   rtexit.o
        10          0          0          0          0          0   rtexit2.o
        12          4          0          0          0         68   sys_exit.o
        74          0          0          0          0         80   sys_stackheap_outer.o
         2          0          0          0          0         68   use_no_semi.o
        26          0          0          0          0        116   fpinit.o
         0          0          0          0          0          0   usenofp.o
       684         90          0          0          0        208   atan2f.o
        38          0          0          0          0        116   fpclassifyf.o
        74         24          0          0          0        580   funder.o
      1636        110        320          0          0        372   powf.o
        58          0          0          0          0        136   sqrtf.o

    ----------------------------------------------------------------------
      3480        244        320          0         96       2744   Library Totals
        18          0          0          0          0          0   (incl. Padding)

    ----------------------------------------------------------------------

      Code (inc. data)   RO Data    RW Data    ZI Data      Debug   Library Name

       946         20          0          0         96       1216   c_w.l
        26          0          0          0          0        116   fz_wv.l
      2490        224        320          0          0       1412   m_wv.l

    ----------------------------------------------------------------------
      3480        244        320          0         96       2744   Library Totals

    ----------------------------------------------------------------------

==============================================================================


      Code (inc. data)   RO Data    RW Data    ZI Data      Debug   

     74660        964       1448         20      22444     415478   Grand Totals
     74660        964       1448         20      22444     415478   ELF Image Totals
     74660        964       1448         20          0          0   ROM Totals

==============================================================================

    Total RO  Size (Code + RO Data)                76108 (  74.32kB)
    Total RW  Size (RW Data + ZI Data)             22464 (  21.94kB)
    Total ROM Size (Code + RO Data + RW Data)      76128 (  74.34kB)

==============================================================================

