Component: Arm Compiler for Embedded 6.18 Tool: armlink [5e4cc100]

==============================================================================

Section Cross References

    startup_stm32h723xx.o(STACK) refers (Special) to heapauxi.o(.text) for __use_two_region_memory
    startup_stm32h723xx.o(HEAP) refers (Special) to heapauxi.o(.text) for __use_two_region_memory
    startup_stm32h723xx.o(RESET) refers (Special) to heapauxi.o(.text) for __use_two_region_memory
    startup_stm32h723xx.o(RESET) refers to startup_stm32h723xx.o(STACK) for __initial_sp
    startup_stm32h723xx.o(RESET) refers to startup_stm32h723xx.o(.text) for Reset_Handler
    startup_stm32h723xx.o(RESET) refers to stm32h7xx_it.o(.text.NMI_Handler) for NMI_Handler
    startup_stm32h723xx.o(RESET) refers to stm32h7xx_it.o(.text.HardFault_Handler) for HardFault_Handler
    startup_stm32h723xx.o(RESET) refers to stm32h7xx_it.o(.text.MemManage_Handler) for MemManage_Handler
    startup_stm32h723xx.o(RESET) refers to stm32h7xx_it.o(.text.BusFault_Handler) for BusFault_Handler
    startup_stm32h723xx.o(RESET) refers to stm32h7xx_it.o(.text.UsageFault_Handler) for UsageFault_Handler
    startup_stm32h723xx.o(RESET) refers to port.o(.text.SVC_Handler) for SVC_Handler
    startup_stm32h723xx.o(RESET) refers to stm32h7xx_it.o(.text.DebugMon_Handler) for DebugMon_Handler
    startup_stm32h723xx.o(RESET) refers to port.o(.text.PendSV_Handler) for PendSV_Handler
    startup_stm32h723xx.o(RESET) refers to cmsis_os2.o(.text.SysTick_Handler) for SysTick_Handler
    startup_stm32h723xx.o(RESET) refers to stm32h7xx_it.o(.text.DMA1_Stream0_IRQHandler) for DMA1_Stream0_IRQHandler
    startup_stm32h723xx.o(RESET) refers to stm32h7xx_it.o(.text.DMA1_Stream1_IRQHandler) for DMA1_Stream1_IRQHandler
    startup_stm32h723xx.o(RESET) refers to stm32h7xx_it.o(.text.DMA1_Stream2_IRQHandler) for DMA1_Stream2_IRQHandler
    startup_stm32h723xx.o(RESET) refers to stm32h7xx_it.o(.text.DMA1_Stream3_IRQHandler) for DMA1_Stream3_IRQHandler
    startup_stm32h723xx.o(RESET) refers to stm32h7xx_it.o(.text.FDCAN1_IT0_IRQHandler) for FDCAN1_IT0_IRQHandler
    startup_stm32h723xx.o(RESET) refers to stm32h7xx_it.o(.text.TIM4_IRQHandler) for TIM4_IRQHandler
    startup_stm32h723xx.o(RESET) refers to stm32h7xx_it.o(.text.USART1_IRQHandler) for USART1_IRQHandler
    startup_stm32h723xx.o(RESET) refers to stm32h7xx_it.o(.text.UART7_IRQHandler) for UART7_IRQHandler
    startup_stm32h723xx.o(.text) refers (Special) to heapauxi.o(.text) for __use_two_region_memory
    startup_stm32h723xx.o(.text) refers to system_stm32h7xx.o(.text.ExitRun0Mode) for ExitRun0Mode
    startup_stm32h723xx.o(.text) refers to system_stm32h7xx.o(.text.SystemInit) for SystemInit
    startup_stm32h723xx.o(.text) refers to __main.o(!!!main) for __main
    startup_stm32h723xx.o(.text) refers to startup_stm32h723xx.o(HEAP) for Heap_Mem
    startup_stm32h723xx.o(.text) refers to startup_stm32h723xx.o(STACK) for Stack_Mem
    main.o(.text.main) refers to stm32h7xx_hal_cortex.o(.text.HAL_MPU_Disable) for HAL_MPU_Disable
    main.o(.text.main) refers to stm32h7xx_hal_cortex.o(.text.HAL_MPU_ConfigRegion) for HAL_MPU_ConfigRegion
    main.o(.text.main) refers to stm32h7xx_hal_cortex.o(.text.HAL_MPU_Enable) for HAL_MPU_Enable
    main.o(.text.main) refers to stm32h7xx_hal.o(.text.HAL_Init) for HAL_Init
    main.o(.text.main) refers to main.o(.text.SystemClock_Config) for SystemClock_Config
    main.o(.text.main) refers to gpio.o(.text.MX_GPIO_Init) for MX_GPIO_Init
    main.o(.text.main) refers to dma.o(.text.MX_DMA_Init) for MX_DMA_Init
    main.o(.text.main) refers to fdcan.o(.text.MX_FDCAN1_Init) for MX_FDCAN1_Init
    main.o(.text.main) refers to usart.o(.text.MX_UART7_Init) for MX_UART7_Init
    main.o(.text.main) refers to usart.o(.text.MX_USART1_UART_Init) for MX_USART1_UART_Init
    main.o(.text.main) refers to cmsis_os2.o(.text.osKernelInitialize) for osKernelInitialize
    main.o(.text.main) refers to freertos.o(.text.MX_FREERTOS_Init) for MX_FREERTOS_Init
    main.o(.text.main) refers to cmsis_os2.o(.text.osKernelStart) for osKernelStart
    main.o(.ARM.exidx.text.main) refers to main.o(.text.main) for [Anonymous Symbol]
    main.o(.text.SystemClock_Config) refers to stm32h7xx_hal_pwr_ex.o(.text.HAL_PWREx_ConfigSupply) for HAL_PWREx_ConfigSupply
    main.o(.text.SystemClock_Config) refers to stm32h7xx_hal_rcc.o(.text.HAL_RCC_OscConfig) for HAL_RCC_OscConfig
    main.o(.text.SystemClock_Config) refers to stm32h7xx_hal_rcc.o(.text.HAL_RCC_ClockConfig) for HAL_RCC_ClockConfig
    main.o(.ARM.exidx.text.SystemClock_Config) refers to main.o(.text.SystemClock_Config) for [Anonymous Symbol]
    main.o(.ARM.exidx.text.Error_Handler) refers to main.o(.text.Error_Handler) for [Anonymous Symbol]
    main.o(.text.HAL_TIM_PeriodElapsedCallback) refers to stm32h7xx_hal.o(.text.HAL_IncTick) for HAL_IncTick
[...]
    __rt_lib_init_clock_1                    0x08000347   Thumb Code     0  libinit2.o(.ARM.Collect$$libinit$$00000023)
    __rt_lib_init_cpp_1                      0x08000347   Thumb Code     0  libinit2.o(.ARM.Collect$$libinit$$00000034)
    __rt_lib_init_exceptions_1               0x08000347   Thumb Code     0  libinit2.o(.ARM.Collect$$libinit$$00000032)
    __rt_lib_init_fp_trap_1                  0x08000347   Thumb Code     0  libinit2.o(.ARM.Collect$$libinit$$00000021)
    __rt_lib_init_getenv_1                   0x08000347   Thumb Code     0  libinit2.o(.ARM.Collect$$libinit$$00000025)
    __rt_lib_init_heap_1                     0x08000347   Thumb Code     0  libinit2.o(.ARM.Collect$$libinit$$0000000C)
    __rt_lib_init_lc_collate_1               0x08000347   Thumb Code     0  libinit2.o(.ARM.Collect$$libinit$$00000013)
    __rt_lib_init_lc_ctype_1                 0x08000347   Thumb Code     0  libinit2.o(.ARM.Collect$$libinit$$00000015)
    __rt_lib_init_lc_monetary_1              0x08000347   Thumb Code     0  libinit2.o(.ARM.Collect$$libinit$$00000017)
    __rt_lib_init_lc_numeric_1               0x08000347   Thumb Code     0  libinit2.o(.ARM.Collect$$libinit$$00000019)
    __rt_lib_init_lc_time_1                  0x08000347   Thumb Code     0  libinit2.o(.ARM.Collect$$libinit$$0000001B)
    __rt_lib_init_preinit_1                  0x08000347   Thumb Code     0  libinit2.o(.ARM.Collect$$libinit$$00000006)
    __rt_lib_init_rand_1                     0x08000347   Thumb Code     0  libinit2.o(.ARM.Collect$$libinit$$00000010)
    __rt_lib_init_relocate_pie_1             0x08000347   Thumb Code     0  libinit2.o(.ARM.Collect$$libinit$$00000004)
    __rt_lib_init_return                     0x08000347   Thumb Code     0  libinit2.o(.ARM.Collect$$libinit$$00000035)
    __rt_lib_init_signal_1                   0x08000347   Thumb Code     0  libinit2.o(.ARM.Collect$$libinit$$0000001F)
    __rt_lib_init_stdio_1                    0x08000347   Thumb Code     0  libinit2.o(.ARM.Collect$$libinit$$00000027)
    __rt_lib_init_user_alloc_1               0x08000347   Thumb Code     0  libinit2.o(.ARM.Collect$$libinit$$0000000E)
    __rt_lib_shutdown                        0x08000349   Thumb Code     0  libshutdown.o(.ARM.Collect$$libshutdown$$00000000)
    __rt_lib_shutdown_cpp_1                  0x0800034b   Thumb Code     0  libshutdown2.o(.ARM.Collect$$libshutdown$$00000002)
    __rt_lib_shutdown_fp_trap_1              0x0800034b   Thumb Code     0  libshutdown2.o(.ARM.Collect$$libshutdown$$00000007)
    __rt_lib_shutdown_heap_1                 0x0800034b   Thumb Code     0  libshutdown2.o(.ARM.Collect$$libshutdown$$0000000F)
    __rt_lib_shutdown_return                 0x0800034b   Thumb Code     0  libshutdown2.o(.ARM.Collect$$libshutdown$$00000010)
    __rt_lib_shutdown_signal_1               0x0800034b   Thumb Code     0  libshutdown2.o(.ARM.Collect$$libshutdown$$0000000A)
    __rt_lib_shutdown_stdio_1                0x0800034b   Thumb Code     0  libshutdown2.o(.ARM.Collect$$libshutdown$$00000004)
    __rt_lib_shutdown_user_alloc_1           0x0800034b   Thumb Code     0  libshutdown2.o(.ARM.Collect$$libshutdown$$0000000C)
    __rt_entry                               0x0800034d   Thumb Code     0  __rtentry.o(.ARM.Collect$$rtentry$$00000000)
    __rt_entry_presh_1                       0x0800034d   Thumb Code     0  __rtentry2.o(.ARM.Collect$$rtentry$$00000002)
    __rt_entry_sh                            0x0800034d   Thumb Code     0  __rtentry4.o(.ARM.Collect$$rtentry$$00000004)
    __rt_entry_li                            0x08000353   Thumb Code     0  __rtentry2.o(.ARM.Collect$$rtentry$$0000000A)
    __rt_entry_postsh_1                      0x08000353   Thumb Code     0  __rtentry2.o(.ARM.Collect$$rtentry$$00000009)
    __rt_entry_main                          0x08000357   Thumb Code     0  __rtentry2.o(.ARM.Collect$$rtentry$$0000000D)
    __rt_entry_postli_1                      0x08000357   Thumb Code     0  __rtentry2.o(.ARM.Collect$$rtentry$$0000000C)
    __rt_exit                                0x0800035f   Thumb Code     0  rtexit.o(.ARM.Collect$$rtexit$$00000000)
    __rt_exit_ls                             0x08000361   Thumb Code     0  rtexit2.o(.ARM.Collect$$rtexit$$00000003)
    __rt_exit_prels_1                        0x08000361   Thumb Code     0  rtexit2.o(.ARM.Collect$$rtexit$$00000002)
    __rt_exit_exit                           0x08000365   Thumb Code     0  rtexit2.o(.ARM.Collect$$rtexit$$00000004)
    Reset_Handler                            0x0800036d   Thumb Code    12  startup_stm32h723xx.o(.text)
    ADC3_IRQHandler                          0x0800038b   Thumb Code     0  startup_stm32h723xx.o(.text)
    ADC_IRQHandler                           0x0800038b   Thumb Code     0  startup_stm32h723xx.o(.text)
    BDMA_Channel0_IRQHandler                 0x0800038b   Thumb Code     0  startup_stm32h723xx.o(.text)
    BDMA_Channel1_IRQHandler                 0x0800038b   Thumb Code     0  startup_stm32h723xx.o(.text)
    BDMA_Channel2_IRQHandler                 0x0800038b   Thumb Code     0  startup_stm32h723xx.o(.text)
    BDMA_Channel3_IRQHandler                 0x0800038b   Thumb Code     0  startup_stm32h723xx.o(.text)
    BDMA_Channel4_IRQHandler                 0x0800038b   Thumb Code     0  startup_stm32h723xx.o(.text)
    BDMA_Channel5_IRQHandler                 0x0800038b   Thumb Code     0  startup_stm32h723xx.o(.text)
    BDMA_Channel6_IRQHandler                 0x0800038b   Thumb Code     0  startup_stm32h723xx.o(.text)
    BDMA_Channel7_IRQHandler                 0x0800038b   Thumb Code     0  startup_stm32h723xx.o(.text)
    CEC_IRQHandler                           0x0800038b   Thumb Code     0  startup_stm32h723xx.o(.text)
    COMP1_IRQHandler                         0x0800038b   Thumb Code     0  startup_stm32h723xx.o(.text)
    CORDIC_IRQHandler                        0x0800038b   Thumb Code     0  startup_stm32h723xx.o(.text)
    CRS_IRQHandler                           0x0800038b   Thumb Code     0  startup_stm32h723xx.o(.text)
    DCMI_PSSI_IRQHandler                     0x0800038b   Thumb Code     0  startup_stm32h723xx.o(.text)
    DFSDM1_FLT0_IRQHandler                   0x0800038b   Thumb Code     0  startup_stm32h723xx.o(.text)
    DFSDM1_FLT1_IRQHandler                   0x0800038b   Thumb Code     0  startup_stm32h723xx.o(.text)
    DFSDM1_FLT2_IRQHandler                   0x0800038b   Thumb Code     0  startup_stm32h723xx.o(.text)
    DFSDM1_FLT3_IRQHandler                   0x0800038b   Thumb Code     0  startup_stm32h723xx.o(.text)
    DMA1_Stream4_IRQHandler                  0x0800038b   Thumb Code     0  startup_stm32h723xx.o(.text)
    DMA1_Stream5_IRQHandler                  0x0800038b   Thumb Code     0  startup_stm32h723xx.o(.text)
    DMA1_Stream6_IRQHandler                  0x0800038b   Thumb Code     0  startup_stm32h723xx.o(.text)
    DMA1_Stream7_IRQHandler                  0x0800038b   Thumb Code     0  startup_stm32h723xx.o(.text)
    DMA2D_IRQHandler                         0x0800038b   Thumb Code     0  startup_stm32h723xx.o(.text)
    DMA2_Stream0_IRQHandler                  0x0800038b   Thumb Code     0  startup_stm32h723xx.o(.text)
    DMA2_Stream1_IRQHandler                  0x0800038b   Thumb Code     0  startup_stm32h723xx.o(.text)
    DMA2_Stream2_IRQHandler                  0x0800038b   Thumb Code     0  startup_stm32h723xx.o(.text)
    DMA2_Stream3_IRQHandler                  0x0800038b   Thumb Code     0  startup_stm32h723xx.o(.text)
    DMA2_Stream4_IRQHandler                  0x0800038b   Thumb Code     0  startup_stm32h723xx.o(.text)
    DMA2_Stream5_IRQHandler                  0x0800038b   Thumb Code     0  startup_stm32h723xx.o(.text)
    DMA2_Stream6_IRQHandler                  0x0800038b   Thumb Code     0  startup_stm32h723xx.o(.text)
    DMA2_Stream7_IRQHandler                  0x0800038b   Thumb Code     0  startup_stm32h723xx.o(.text)
    DMAMUX1_OVR_IRQHandler                   0x0800038b   Thumb Code     0  startup_stm32h723xx.o(.text)
    DMAMUX2_OVR_IRQHandler                   0x0800038b   Thumb Code     0  startup_stm32h723xx.o(.text)
    DTS_IRQHandler                           0x0800038b   Thumb Code     0  startup_stm32h723xx.o(.text)
    ECC_IRQHandler                           0x0800038b   Thumb Code     0  startup_stm32h723xx.o(.text)
    ETH_IRQHandler                           0x0800038b   Thumb Code     0  startup_stm32h723xx.o(.text)
    ETH_WKUP_IRQHandler                      0x0800038b   Thumb Code     0  startup_stm32h723xx.o(.text)
    EXTI0_IRQHandler                         0x0800038b   Thumb Code     0  startup_stm32h723xx.o(.text)
    EXTI15_10_IRQHandler                     0x0800038b   Thumb Code     0  startup_stm32h723xx.o(.text)
    EXTI1_IRQHandler                         0x0800038b   Thumb Code     0  startup_stm32h723xx.o(.text)
    EXTI2_IRQHandler                         0x0800038b   Thumb Code     0  startup_stm32h723xx.o(.text)
    EXTI3_IRQHandler                         0x0800038b   Thumb Code     0  startup_stm32h723xx.o(.text)
    EXTI4_IRQHandler                         0x0800038b   Thumb Code     0  startup_stm32h723xx.o(.text)
    EXTI9_5_IRQHandler                       0x0800038b   Thumb Code     0  startup_stm32h723xx.o(.text)
    FDCAN1_IT1_IRQHandler                    0x0800038b   Thumb Code     0  startup_stm32h723xx.o(.text)
    FDCAN2_IT0_IRQHandler                    0x0800038b   Thumb Code     0  startup_stm32h723xx.o(.text)
    FDCAN2_IT1_IRQHandler                    0x0800038b   Thumb Code     0  startup_stm32h723xx.o(.text)
    FDCAN3_IT0_IRQHandler                    0x0800038b   Thumb Code     0  startup_stm32h723xx.o(.text)
    FDCAN3_IT1_IRQHandler                    0x0800038b   Thumb Code     0  startup_stm32h723xx.o(.text)
    FDCAN_CAL_IRQHandler                     0x0800038b   Thumb Code     0  startup_stm32h723xx.o(.text)
    FLASH_IRQHandler                         0x0800038b   Thumb Code     0  startup_stm32h723xx.o(.text)
    FMAC_IRQHandler                          0x0800038b   Thumb Code     0  startup_stm32h723xx.o(.text)
    FMC_IRQHandler                           0x0800038b   Thumb Code     0  startup_stm32h723xx.o(.text)
    FPU_IRQHandler                           0x0800038b   Thumb Code     0  startup_stm32h723xx.o(.text)
    HSEM1_IRQHandler                         0x0800038b   Thumb Code     0  startup_stm32h723xx.o(.text)
    I2C1_ER_IRQHandler                       0x0800038b   Thumb Code     0  startup_stm32h723xx.o(.text)
    I2C1_EV_IRQHandler                       0x0800038b   Thumb Code     0  startup_stm32h723xx.o(.text)
    I2C2_ER_IRQHandler                       0x0800038b   Thumb Code     0  startup_stm32h723xx.o(.text)
    I2C2_EV_IRQHandler                       0x0800038b   Thumb Code     0  startup_stm32h723xx.o(.text)
    I2C3_ER_IRQHandler                       0x0800038b   Thumb Code     0  startup_stm32h723xx.o(.text)
    I2C3_EV_IRQHandler                       0x0800038b   Thumb Code     0  startup_stm32h723xx.o(.text)
    I2C4_ER_IRQHandler                       0x0800038b   Thumb Code     0  startup_stm32h723xx.o(.text)
    I2C4_EV_IRQHandler                       0x0800038b   Thumb Code     0  startup_stm32h723xx.o(.text)
    I2C5_ER_IRQHandler                       0x0800038b   Thumb Code     0  startup_stm32h723xx.o(.text)
    I2C5_EV_IRQHandler                       0x0800038b   Thumb Code     0  startup_stm32h723xx.o(.text)
    LPTIM1_IRQHandler                        0x0800038b   Thumb Code     0  startup_stm32h723xx.o(.text)
    LPTIM2_IRQHandler                        0x0800038b   Thumb Code     0  startup_stm32h723xx.o(.text)
    LPTIM3_IRQHandler                        0x0800038b   Thumb Code     0  startup_stm32h723xx.o(.text)
    LPTIM4_IRQHandler                        0x0800038b   Thumb Code     0  startup_stm32h723xx.o(.text)
    LPTIM5_IRQHandler                        0x0800038b   Thumb Code     0  startup_stm32h723xx.o(.text)
    LPUART1_IRQHandler                       0x0800038b   Thumb Code     0  startup_stm32h723xx.o(.text)
    LTDC_ER_IRQHandler                       0x0800038b   Thumb Code     0  startup_stm32h723xx.o(.text)
    LTDC_IRQHandler                          0x0800038b   Thumb Code     0  startup_stm32h723xx.o(.text)
    MDIOS_IRQHandler                         0x0800038b   Thumb Code     0  startup_stm32h723xx.o(.text)
    MDIOS_WKUP_IRQHandler                    0x0800038b   Thumb Code     0  startup_stm32h723xx.o(.text)
    MDMA_IRQHandler                          0x0800038b   Thumb Code     0  startup_stm32h723xx.o(.text)
    OCTOSPI1_IRQHandler                      0x0800038b   Thumb Code     0  startup_stm32h723xx.o(.text)
    OCTOSPI2_IRQHandler                      0x0800038b   Thumb Code     0  startup_stm32h723xx.o(.text)
    OTG_HS_EP1_IN_IRQHandler                 0x0800038b   Thumb Code     0  startup_stm32h723xx.o(.text)
    OTG_HS_EP1_OUT_IRQHandler                0x0800038b   Thumb Code     0  startup_stm32h723xx.o(.text)
    OTG_HS_IRQHandler                        0x0800038b   Thumb Code     0  startup_stm32h723xx.o(.text)
    OTG_HS_WKUP_IRQHandler                   0x0800038b   Thumb Code     0  startup_stm32h723xx.o(.text)
    PVD_AVD_IRQHandler                       0x0800038b   Thumb Code     0  startup_stm32h723xx.o(.text)
    RCC_IRQHandler                           0x0800038b   Thumb Code     0  startup_stm32h723xx.o(.text)
    RNG_IRQHandler                           0x0800038b   Thumb Code     0  startup_stm32h723xx.o(.text)
    RTC_Alarm_IRQHandler                     0x0800038b   Thumb Code     0  startup_stm32h723xx.o(.text)
    RTC_WKUP_IRQHandler                      0x0800038b   Thumb Code     0  startup_stm32h723xx.o(.text)
    SAI1_IRQHandler                          0x0800038b   Thumb Code     0  startup_stm32h723xx.o(.text)
    SAI4_IRQHandler                          0x0800038b   Thumb Code     0  startup_stm32h723xx.o(.text)
    SDMMC1_IRQHandler                        0x0800038b   Thumb Code     0  startup_stm32h723xx.o(.text)
    SDMMC2_IRQHandler                        0x0800038b   Thumb Code     0  startup_stm32h723xx.o(.text)
    SPDIF_RX_IRQHandler                      0x0800038b   Thumb Code     0  startup_stm32h723xx.o(.text)
    SPI1_IRQHandler                          0x0800038b   Thumb Code     0  startup_stm32h723xx.o(.text)
    SPI2_IRQHandler                          0x0800038b   Thumb Code     0  startup_stm32h723xx.o(.text)
    SPI3_IRQHandler                          0x0800038b   Thumb Code     0  startup_stm32h723xx.o(.text)
    SPI4_IRQHandler                          0x0800038b   Thumb Code     0  startup_stm32h723xx.o(.text)
    SPI5_IRQHandler                          0x0800038b   Thumb Code     0  startup_stm32h723xx.o(.text)
    SPI6_IRQHandler                          0x0800038b   Thumb Code     0  startup_stm32h723xx.o(.text)
    SWPMI1_IRQHandler                        0x0800038b   Thumb Code     0  startup_stm32h723xx.o(.text)
    TAMP_STAMP_IRQHandler                    0x0800038b   Thumb Code     0  startup_stm32h723xx.o(.text)
    TIM15_IRQHandler                         0x0800038b   Thumb Code     0  startup_stm32h723xx.o(.text)
    TIM16_IRQHandler                         0x0800038b   Thumb Code     0  startup_stm32h723xx.o(.text)
    TIM17_IRQHandler                         0x0800038b   Thumb Code     0  startup_stm32h723xx.o(.text)
    TIM1_BRK_IRQHandler                      0x0800038b   Thumb Code     0  startup_stm32h723xx.o(.text)
    TIM1_CC_IRQHandler                       0x0800038b   Thumb Code     0  startup_stm32h723xx.o(.text)
    TIM1_TRG_COM_IRQHandler                  0x0800038b   Thumb Code     0  startup_stm32h723xx.o(.text)
    TIM1_UP_IRQHandler                       0x0800038b   Thumb Code     0  startup_stm32h723xx.o(.text)
    TIM23_IRQHandler                         0x0800038b   Thumb Code     0  startup_stm32h723xx.o(.text)
    TIM24_IRQHandler                         0x0800038b   Thumb Code     0  startup_stm32h723xx.o(.text)
    TIM2_IRQHandler                          0x0800038b   Thumb Code     0  startup_stm32h723xx.o(.text)
    TIM3_IRQHandler                          0x0800038b   Thumb Code     0  startup_stm32h723xx.o(.text)
    TIM5_IRQHandler                          0x0800038b   Thumb Code     0  startup_stm32h723xx.o(.text)
    TIM6_DAC_IRQHandler                      0x0800038b   Thumb Code     0  startup_stm32h723xx.o(.text)
    TIM7_IRQHandler                          0x0800038b   Thumb Code     0  startup_stm32h723xx.o(.text)
    TIM8_BRK_TIM12_IRQHandler                0x0800038b   Thumb Code     0  startup_stm32h723xx.o(.text)
    TIM8_CC_IRQHandler                       0x0800038b   Thumb Code     0  startup_stm32h723xx.o(.text)
    TIM8_TRG_COM_TIM14_IRQHandler            0x0800038b   Thumb Code     0  startup_stm32h723xx.o(.text)
    TIM8_UP_TIM13_IRQHandler                 0x0800038b   Thumb Code     0  startup_stm32h723xx.o(.text)
    UART4_IRQHandler                         0x0800038b   Thumb Code     0  startup_stm32h723xx.o(.text)
    UART5_IRQHandler                         0x0800038b   Thumb Code     0  startup_stm32h723xx.o(.text)
    UART8_IRQHandler                         0x0800038b   Thumb Code     0  startup_stm32h723xx.o(.text)
    UART9_IRQHandler                         0x0800038b   Thumb Code     0  startup_stm32h723xx.o(.text)
    USART10_IRQHandler                       0x0800038b   Thumb Code     0  startup_stm32h723xx.o(.text)
    USART2_IRQHandler                        0x0800038b   Thumb Code     0  startup_stm32h723xx.o(.text)
    USART3_IRQHandler                        0x0800038b   Thumb Code     0  startup_stm32h723xx.o(.text)
    USART6_IRQHandler                        0x0800038b   Thumb Code     0  startup_stm32h723xx.o(.text)
    WAKEUP_PIN_IRQHandler                    0x0800038b   Thumb Code     0  startup_stm32h723xx.o(.text)
    WWDG_IRQHandler                          0x0800038b   Thumb Code     0  startup_stm32h723xx.o(.text)
    __user_initial_stackheap                 0x0800038d   Thumb Code     0  startup_stm32h723xx.o(.text)
    __aeabi_uldivmod                         0x080003b5   Thumb Code     0  lludivv7m.o(.text)
    _ll_udiv                                 0x080003b5   Thumb Code   240  lludivv7m.o(.text)
    __aeabi_memcpy                           0x080004a5   Thumb Code     0  rt_memcpy_v6.o(.text)
    __rt_memcpy                              0x080004a5   Thumb Code   138  rt_memcpy_v6.o(.text)
    _memcpy_lastbytes                        0x0800050b   Thumb Code     0  rt_memcpy_v6.o(.text)
    __aeabi_memset4                          0x0800052f   Thumb Code    16  aeabi_memset4.o(.text)
    __aeabi_memset8                          0x0800052f   Thumb Code     0  aeabi_memset4.o(.text)
    __aeabi_memclr                           0x0800053f   Thumb Code     0  rt_memclr.o(.text)
    __rt_memclr                              0x0800053f   Thumb Code     0  rt_memclr.o(.text)
    _memset                                  0x08000543   Thumb Code    64  rt_memclr.o(.text)
    __aeabi_memclr4                          0x08000583   Thumb Code     0  rt_memclr_w.o(.text)
    __aeabi_memclr8                          0x08000583   Thumb Code     0  rt_memclr_w.o(.text)
    __rt_memclr_w                            0x08000583   Thumb Code     0  rt_memclr_w.o(.text)
    _memset_w                                0x08000587   Thumb Code    74  rt_memclr_w.o(.text)
    __use_two_region_memory                  0x080005d1   Thumb Code     2  heapauxi.o(.text)
    __rt_heap_escrow$2region                 0x080005d3   Thumb Code     2  heapauxi.o(.text)
    __rt_heap_expand$2region                 0x080005d5   Thumb Code     2  heapauxi.o(.text)
    __aeabi_memcpy4                          0x080005d7   Thumb Code     0  rt_memcpy_w.o(.text)
    __aeabi_memcpy8                          0x080005d7   Thumb Code     0  rt_memcpy_w.o(.text)
    __rt_memcpy_w                            0x080005d7   Thumb Code   100  rt_memcpy_w.o(.text)
    _memcpy_lastbytes_aligned                0x0800061f   Thumb Code     0  rt_memcpy_w.o(.text)
    __user_setup_stackheap                   0x0800063b   Thumb Code    74  sys_stackheap_outer.o(.text)
    exit                                     0x08000685   Thumb Code    18  exit.o(.text)
    __user_libspace                          0x08000699   Thumb Code     8  libspace.o(.text)
    __user_perproc_libspace                  0x08000699   Thumb Code     0  libspace.o(.text)
    __user_perthread_libspace                0x08000699   Thumb Code     0  libspace.o(.text)
    _sys_exit                                0x080006a1   Thumb Code     8  sys_exit.o(.text)
    __I$use$semihosting                      0x080006ad   Thumb Code     0  use_no_semi.o(.text)
    __use_no_semihosting_swi                 0x080006ad   Thumb Code     2  use_no_semi.o(.text)
    __semihosting_library_function           0x080006af   Thumb Code     0  indicate_semi.o(.text)
    BusFault_Handler                         0x080006b1   Thumb Code     2  stm32h7xx_it.o(.text.BusFault_Handler)
    DJI2006_Analysisdata                     0x080006b9   Thumb Code    78  dji_2006.o(.text.DJI2006_Analysisdata)
    DJI2006_Init                             0x08000709   Thumb Code    24  dji_2006.o(.text.DJI2006_Init)
    DMA1_Stream0_IRQHandler                  0x08000721   Thumb Code    12  stm32h7xx_it.o(.text.DMA1_Stream0_IRQHandler)
    DMA1_Stream1_IRQHandler                  0x08000731   Thumb Code    12  stm32h7xx_it.o(.text.DMA1_Stream1_IRQHandler)
    DMA1_Stream2_IRQHandler                  0x08000741   Thumb Code    12  stm32h7xx_it.o(.text.DMA1_Stream2_IRQHandler)
    DMA1_Stream3_IRQHandler                  0x08000751   Thumb Code    12  stm32h7xx_it.o(.text.DMA1_Stream3_IRQHandler)
    DebugMon_Handler                         0x08000b99   Thumb Code     2  stm32h7xx_it.o(.text.DebugMon_Handler)
    Error_Handler                            0x08000ba1   Thumb Code     6  main.o(.text.Error_Handler)
    ExitRun0Mode                             0x08000ba9   Thumb Code    44  system_stm32h7xx.o(.text.ExitRun0Mode)
    FDCAN1_IT0_IRQHandler                    0x08000bd9   Thumb Code    12  stm32h7xx_it.o(.text.FDCAN1_IT0_IRQHandler)
    HAL_DMA_Abort                            0x08000be9   Thumb Code  1326  stm32h7xx_hal_dma.o(.text.HAL_DMA_Abort)
    HAL_DMA_Abort_IT                         0x08001119   Thumb Code   698  stm32h7xx_hal_dma.o(.text.HAL_DMA_Abort_IT)
    HAL_DMA_IRQHandler                       0x080013d9   Thumb Code  2104  stm32h7xx_hal_dma.o(.text.HAL_DMA_IRQHandler)
    HAL_DMA_Init                             0x08001c11   Thumb Code  1662  stm32h7xx_hal_dma.o(.text.HAL_DMA_Init)
    HAL_DMA_Start_IT                         0x08002291   Thumb Code   930  stm32h7xx_hal_dma.o(.text.HAL_DMA_Start_IT)
    HAL_FDCAN_ActivateNotification           0x08002639   Thumb Code   140  stm32h7xx_hal_fdcan.o(.text.HAL_FDCAN_ActivateNotification)
    HAL_FDCAN_ClockCalibrationCallback       0x080026c9   Thumb Code     2  stm32h7xx_hal_fdcan.o(.text.HAL_FDCAN_ClockCalibrationCallback)
    HAL_FDCAN_ConfigGlobalFilter             0x080026d1   Thumb Code    56  stm32h7xx_hal_fdcan.o(.text.HAL_FDCAN_ConfigGlobalFilter)
    HAL_FDCAN_ErrorCallback                  0x08002709   Thumb Code     2  stm32h7xx_hal_fdcan.o(.text.HAL_FDCAN_ErrorCallback)
    HAL_FDCAN_ErrorStatusCallback            0x08002711   Thumb Code     2  stm32h7xx_hal_fdcan.o(.text.HAL_FDCAN_ErrorStatusCallback)
    HAL_FDCAN_GetRxMessage                   0x08002719   Thumb Code   530  stm32h7xx_hal_fdcan.o(.text.HAL_FDCAN_GetRxMessage)
    HAL_FDCAN_HighPriorityMessageCallback    0x08002931   Thumb Code     2  stm32h7xx_hal_fdcan.o(.text.HAL_FDCAN_HighPriorityMessageCallback)
    HAL_FDCAN_IRQHandler                     0x08002939   Thumb Code   790  stm32h7xx_hal_fdcan.o(.text.HAL_FDCAN_IRQHandler)
    HAL_FDCAN_Init                           0x08002c51   Thumb Code  1024  stm32h7xx_hal_fdcan.o(.text.HAL_FDCAN_Init)
    HAL_FDCAN_MspInit                        0x08003051   Thumb Code   178  fdcan.o(.text.HAL_FDCAN_MspInit)
    HAL_FDCAN_RxBufferNewMessageCallback     0x08003109   Thumb Code     2  stm32h7xx_hal_fdcan.o(.text.HAL_FDCAN_RxBufferNewMessageCallback)
    HAL_FDCAN_RxFifo0Callback                0x08003111   Thumb Code   170  mymain.o(.text.HAL_FDCAN_RxFifo0Callback)
    HAL_FDCAN_RxFifo1Callback                0x080031c1   Thumb Code     2  stm32h7xx_hal_fdcan.o(.text.HAL_FDCAN_RxFifo1Callback)
    HAL_FDCAN_Start                          0x080031c9   Thumb Code    52  stm32h7xx_hal_fdcan.o(.text.HAL_FDCAN_Start)
    HAL_FDCAN_TT_GlobalTimeCallback          0x08003201   Thumb Code     2  stm32h7xx_hal_fdcan.o(.text.HAL_FDCAN_TT_GlobalTimeCallback)
    HAL_FDCAN_TT_ScheduleSyncCallback        0x08003209   Thumb Code     2  stm32h7xx_hal_fdcan.o(.text.HAL_FDCAN_TT_ScheduleSyncCallback)
    HAL_FDCAN_TT_StopWatchCallback           0x08003211   Thumb Code     2  stm32h7xx_hal_fdcan.o(.text.HAL_FDCAN_TT_StopWatchCallback)
    HAL_FDCAN_TT_TimeMarkCallback            0x08003219   Thumb Code     2  stm32h7xx_hal_fdcan.o(.text.HAL_FDCAN_TT_TimeMarkCallback)
    HAL_FDCAN_TimeoutOccurredCallback        0x08003221   Thumb Code     2  stm32h7xx_hal_fdcan.o(.text.HAL_FDCAN_TimeoutOccurredCallback)
    HAL_FDCAN_TimestampWraparoundCallback    0x08003229   Thumb Code     2  stm32h7xx_hal_fdcan.o(.text.HAL_FDCAN_TimestampWraparoundCallback)
    HAL_FDCAN_TxBufferAbortCallback          0x08003231   Thumb Code     2  stm32h7xx_hal_fdcan.o(.text.HAL_FDCAN_TxBufferAbortCallback)
    HAL_FDCAN_TxBufferCompleteCallback       0x08003239   Thumb Code     2  stm32h7xx_hal_fdcan.o(.text.HAL_FDCAN_TxBufferCompleteCallback)
    HAL_FDCAN_TxEventFifoCallback            0x08003241   Thumb Code     2  stm32h7xx_hal_fdcan.o(.text.HAL_FDCAN_TxEventFifoCallback)
    HAL_FDCAN_TxFifoEmptyCallback            0x08003249   Thumb Code     2  stm32h7xx_hal_fdcan.o(.text.HAL_FDCAN_TxFifoEmptyCallback)
    HAL_GPIO_Init                            0x08003251   Thumb Code   502  stm32h7xx_hal_gpio.o(.text.HAL_GPIO_Init)
    HAL_GetTick                              0x08003449   Thumb Code    12  stm32h7xx_hal.o(.text.HAL_GetTick)
    HAL_IncTick                              0x08003459   Thumb Code    26  stm32h7xx_hal.o(.text.HAL_IncTick)
    HAL_Init                                 0x08003479   Thumb Code   100  stm32h7xx_hal.o(.text.HAL_Init)
    HAL_InitTick                             0x080034e1   Thumb Code   164  stm32h7xx_hal_timebase_tim.o(.text.HAL_InitTick)
    HAL_MPU_ConfigRegion                     0x08003589   Thumb Code    94  stm32h7xx_hal_cortex.o(.text.HAL_MPU_ConfigRegion)
    HAL_MPU_Disable                          0x080035e9   Thumb Code    26  stm32h7xx_hal_cortex.o(.text.HAL_MPU_Disable)
    HAL_MPU_Enable                           0x08003609   Thumb Code    32  stm32h7xx_hal_cortex.o(.text.HAL_MPU_Enable)
    HAL_MspInit                              0x08003629   Thumb Code    42  stm32h7xx_hal_msp.o(.text.HAL_MspInit)
    HAL_NVIC_EnableIRQ                       0x08003659   Thumb Code    32  stm32h7xx_hal_cortex.o(.text.HAL_NVIC_EnableIRQ)
    HAL_NVIC_SetPriority                     0x08003679   Thumb Code    92  stm32h7xx_hal_cortex.o(.text.HAL_NVIC_SetPriority)
    HAL_NVIC_SetPriorityGrouping             0x080036d9   Thumb Code    32  stm32h7xx_hal_cortex.o(.text.HAL_NVIC_SetPriorityGrouping)
    HAL_PWREx_ConfigSupply                   0x080036f9   Thumb Code    76  stm32h7xx_hal_pwr_ex.o(.text.HAL_PWREx_ConfigSupply)
    HAL_RCCEx_GetD3PCLK1Freq                 0x08003749   Thumb Code    38  stm32h7xx_hal_rcc_ex.o(.text.HAL_RCCEx_GetD3PCLK1Freq)
    HAL_RCCEx_GetPLL2ClockFreq               0x08003771   Thumb Code   300  stm32h7xx_hal_rcc_ex.o(.text.HAL_RCCEx_GetPLL2ClockFreq)
    HAL_RCCEx_GetPLL3ClockFreq               0x080038a1   Thumb Code   300  stm32h7xx_hal_rcc_ex.o(.text.HAL_RCCEx_GetPLL3ClockFreq)
    HAL_RCCEx_PeriphCLKConfig                0x080039d1   Thumb Code  2728  stm32h7xx_hal_rcc_ex.o(.text.HAL_RCCEx_PeriphCLKConfig)
    HAL_RCC_ClockConfig                      0x08004479   Thumb Code   616  stm32h7xx_hal_rcc.o(.text.HAL_RCC_ClockConfig)
    HAL_RCC_GetClockConfig                   0x080046e1   Thumb Code    88  stm32h7xx_hal_rcc.o(.text.HAL_RCC_GetClockConfig)
    HAL_RCC_GetHCLKFreq                      0x08004739   Thumb Code    76  stm32h7xx_hal_rcc.o(.text.HAL_RCC_GetHCLKFreq)
    HAL_RCC_GetPCLK1Freq                     0x08004789   Thumb Code    96  stm32h7xx_hal_rcc.o(.text.HAL_RCC_GetPCLK1Freq)
    HAL_RCC_GetPCLK2Freq                     0x080047e9   Thumb Code    96  stm32h7xx_hal_rcc.o(.text.HAL_RCC_GetPCLK2Freq)
    HAL_RCC_GetSysClockFreq                  0x08004849   Thumb Code   276  stm32h7xx_hal_rcc.o(.text.HAL_RCC_GetSysClockFreq)
    HAL_RCC_OscConfig                        0x08004961   Thumb Code  1304  stm32h7xx_hal_rcc.o(.text.HAL_RCC_OscConfig)
    HAL_TIMEx_Break2Callback                 0x08004e79   Thumb Code     2  stm32h7xx_hal_tim_ex.o(.text.HAL_TIMEx_Break2Callback)
    HAL_TIMEx_BreakCallback                  0x08004e81   Thumb Code     2  stm32h7xx_hal_tim_ex.o(.text.HAL_TIMEx_BreakCallback)
    HAL_TIMEx_CommutCallback                 0x08004e89   Thumb Code     2  stm32h7xx_hal_tim_ex.o(.text.HAL_TIMEx_CommutCallback)
    HAL_TIM_Base_Init                        0x08004e91   Thumb Code    96  stm32h7xx_hal_tim.o(.text.HAL_TIM_Base_Init)
    HAL_TIM_Base_MspInit                     0x08004ef1   Thumb Code     2  stm32h7xx_hal_tim.o(.text.HAL_TIM_Base_MspInit)
    HAL_TIM_Base_Start_IT                    0x08004ef9   Thumb Code   220  stm32h7xx_hal_tim.o(.text.HAL_TIM_Base_Start_IT)
    HAL_TIM_IC_CaptureCallback               0x08004fd9   Thumb Code     2  stm32h7xx_hal_tim.o(.text.HAL_TIM_IC_CaptureCallback)
    HAL_TIM_IRQHandler                       0x08004fe1   Thumb Code   364  stm32h7xx_hal_tim.o(.text.HAL_TIM_IRQHandler)
    HAL_TIM_OC_DelayElapsedCallback          0x08005151   Thumb Code     2  stm32h7xx_hal_tim.o(.text.HAL_TIM_OC_DelayElapsedCallback)
    HAL_TIM_PWM_PulseFinishedCallback        0x08005159   Thumb Code     2  stm32h7xx_hal_tim.o(.text.HAL_TIM_PWM_PulseFinishedCallback)
    HAL_TIM_PeriodElapsedCallback            0x08005161   Thumb Code    20  main.o(.text.HAL_TIM_PeriodElapsedCallback)
    HAL_TIM_TriggerCallback                  0x08005179   Thumb Code     2  stm32h7xx_hal_tim.o(.text.HAL_TIM_TriggerCallback)
    HAL_UARTEx_DisableFifoMode               0x08005181   Thumb Code    54  stm32h7xx_hal_uart_ex.o(.text.HAL_UARTEx_DisableFifoMode)
    HAL_UARTEx_ReceiveToIdle_DMA             0x080051b9   Thumb Code   168  stm32h7xx_hal_uart_ex.o(.text.HAL_UARTEx_ReceiveToIdle_DMA)
    HAL_UARTEx_RxEventCallback               0x08005261   Thumb Code   646  mymain.o(.text.HAL_UARTEx_RxEventCallback)
    HAL_UARTEx_RxFifoFullCallback            0x080054e9   Thumb Code     2  stm32h7xx_hal_uart_ex.o(.text.HAL_UARTEx_RxFifoFullCallback)
    HAL_UARTEx_SetRxFifoThreshold            0x080054f1   Thumb Code   144  stm32h7xx_hal_uart_ex.o(.text.HAL_UARTEx_SetRxFifoThreshold)
    HAL_UARTEx_SetTxFifoThreshold            0x08005581   Thumb Code   144  stm32h7xx_hal_uart_ex.o(.text.HAL_UARTEx_SetTxFifoThreshold)
    HAL_UARTEx_TxFifoEmptyCallback           0x08005611   Thumb Code     2  stm32h7xx_hal_uart_ex.o(.text.HAL_UARTEx_TxFifoEmptyCallback)
    HAL_UARTEx_WakeupCallback                0x08005619   Thumb Code     2  stm32h7xx_hal_uart_ex.o(.text.HAL_UARTEx_WakeupCallback)
    HAL_UART_ErrorCallback                   0x08005621   Thumb Code   572  mymain.o(.text.HAL_UART_ErrorCallback)
    HAL_UART_IRQHandler                      0x08005861   Thumb Code  1670  stm32h7xx_hal_uart.o(.text.HAL_UART_IRQHandler)
    HAL_UART_Init                            0x08005ee9   Thumb Code   104  stm32h7xx_hal_uart.o(.text.HAL_UART_Init)
    HAL_UART_MspInit                         0x08005f51   Thumb Code   506  usart.o(.text.HAL_UART_MspInit)
    HAL_UART_RxCpltCallback                  0x08006151   Thumb Code     2  stm32h7xx_hal_uart.o(.text.HAL_UART_RxCpltCallback)
    HAL_UART_RxHalfCpltCallback              0x08006159   Thumb Code     2  stm32h7xx_hal_uart.o(.text.HAL_UART_RxHalfCpltCallback)
    HAL_UART_TxCpltCallback                  0x08006161   Thumb Code     2  stm32h7xx_hal_uart.o(.text.HAL_UART_TxCpltCallback)
    HardFault_Handler                        0x08006169   Thumb Code     2  stm32h7xx_it.o(.text.HardFault_Handler)
    MX_DMA_Init                              0x08006171   Thumb Code   100  dma.o(.text.MX_DMA_Init)
    MX_FDCAN1_Init                           0x080061d9   Thumb Code   104  fdcan.o(.text.MX_FDCAN1_Init)
    MX_FREERTOS_Init                         0x08006241   Thumb Code    96  freertos.o(.text.MX_FREERTOS_Init)
    MX_GPIO_Init                             0x080062a1   Thumb Code   116  gpio.o(.text.MX_GPIO_Init)
    MX_UART7_Init                            0x08006319   Thumb Code   124  usart.o(.text.MX_UART7_Init)
    MX_USART1_UART_Init                      0x08006399   Thumb Code   124  usart.o(.text.MX_USART1_UART_Init)
    MemManage_Handler                        0x08006419   Thumb Code     2  stm32h7xx_it.o(.text.MemManage_Handler)
    My_init                                  0x08006421   Thumb Code   666  mymain.o(.text.My_init)
    NMI_Handler                              0x080066c1   Thumb Code     2  stm32h7xx_it.o(.text.NMI_Handler)
    PendSV_Handler                           0x080066d1   Thumb Code   100  port.o(.text.PendSV_Handler)
    SVC_Handler                              0x08006991   Thumb Code    36  port.o(.text.SVC_Handler)
    StartchassisTask                         0x080069b9   Thumb Code    12  mymain.o(.text.StartchassisTask)
    Startchassis_can                         0x080069c9   Thumb Code     8  mymain.o(.text.Startchassis_can)
    SysTick_Handler                          0x080069d1   Thumb Code    30  cmsis_os2.o(.text.SysTick_Handler)
    SystemClock_Config                       0x080069f1   Thumb Code   200  main.o(.text.SystemClock_Config)
    SystemInit                               0x08006ab9   Thumb Code   210  system_stm32h7xx.o(.text.SystemInit)
    TIM4_IRQHandler                          0x08006b91   Thumb Code    12  stm32h7xx_it.o(.text.TIM4_IRQHandler)
    TIM_Base_SetConfig                       0x08006ba1   Thumb Code   376  stm32h7xx_hal_tim.o(.text.TIM_Base_SetConfig)
    UART7_IRQHandler                         0x08006d19   Thumb Code    12  stm32h7xx_it.o(.text.UART7_IRQHandler)
    UART_AdvFeatureConfig                    0x08006d29   Thumb Code   224  stm32h7xx_hal_uart.o(.text.UART_AdvFeatureConfig)
    UART_CheckIdleState                      0x08006e09   Thumb Code   374  stm32h7xx_hal_uart.o(.text.UART_CheckIdleState)
    UART_SetConfig                           0x08007349   Thumb Code  1228  stm32h7xx_hal_uart.o(.text.UART_SetConfig)
    UART_Start_Receive_DMA                   0x08007821   Thumb Code   344  stm32h7xx_hal_uart.o(.text.UART_Start_Receive_DMA)
    UART_WaitOnFlagUntilTimeout              0x08007979   Thumb Code   856  stm32h7xx_hal_uart.o(.text.UART_WaitOnFlagUntilTimeout)
    USART1_IRQHandler                        0x08007cd1   Thumb Code    12  stm32h7xx_it.o(.text.USART1_IRQHandler)
    UsageFault_Handler                       0x08007ce1   Thumb Code     2  stm32h7xx_it.o(.text.UsageFault_Handler)
    VESC_Analysisdata                        0x08007ce9   Thumb Code   280  vesc.o(.text.VESC_Analysisdata)
    Vesc_Init                                0x08007e01   Thumb Code    32  vesc.o(.text.Vesc_Init)
    configureTimerForRunTimeStats            0x08007e21   Thumb Code     2  freertos.o(.text.configureTimerForRunTimeStats)
    getRunTimeCounterValue                   0x08007e29   Thumb Code     4  freertos.o(.text.getRunTimeCounterValue)
    main                                     0x08007e31   Thumb Code    82  main.o(.text.main)
    osDelay                                  0x08007e89   Thumb Code    64  cmsis_os2.o(.text.osDelay)
    osKernelInitialize                       0x08007ec9   Thumb Code    78  cmsis_os2.o(.text.osKernelInitialize)
    osKernelStart                            0x08007f19   Thumb Code    94  cmsis_os2.o(.text.osKernelStart)
    osMessageQueueNew                        0x08007f79   Thumb Code   162  cmsis_os2.o(.text.osMessageQueueNew)
    osMessageQueuePut                        0x08008021   Thumb Code   192  cmsis_os2.o(.text.osMessageQueuePut)
    osThreadNew                              0x080080e1   Thumb Code   204  cmsis_os2.o(.text.osThreadNew)
    pvPortMalloc                             0x08008ab9   Thumb Code   478  heap_4.o(.text.pvPortMalloc)
    pxPortInitialiseStack                    0x08008c99   Thumb Code    44  port.o(.text.pxPortInitialiseStack)
    uxListRemove                             0x08008cc9   Thumb Code    42  list.o(.text.uxListRemove)
    uxTaskGetNumberOfTasks                   0x08008cf9   Thumb Code    12  tasks.o(.text.uxTaskGetNumberOfTasks)
    vApplicationGetIdleTaskMemory            0x08008d09   Thumb Code    26  cmsis_os2.o(.text.vApplicationGetIdleTaskMemory)
    vApplicationGetTimerTaskMemory           0x08008d29   Thumb Code    28  cmsis_os2.o(.text.vApplicationGetTimerTaskMemory)
    vApplicationMallocFailedHook             0x08008d49   Thumb Code     2  freertos.o(.text.vApplicationMallocFailedHook)
    vApplicationStackOverflowHook            0x08008d51   Thumb Code     2  freertos.o(.text.vApplicationStackOverflowHook)
    vListInitialise                          0x08008d59   Thumb Code    22  list.o(.text.vListInitialise)
    vListInitialiseItem                      0x08008d71   Thumb Code     6  list.o(.text.vListInitialiseItem)
    vListInsert                              0x08008d79   Thumb Code    98  list.o(.text.vListInsert)
    vPortEnterCritical                       0x08008df9   Thumb Code    74  port.o(.text.vPortEnterCritical)
    vPortExitCritical                        0x08008e49   Thumb Code    46  port.o(.text.vPortExitCritical)
    vPortFree                                0x08008e79   Thumb Code   216  heap_4.o(.text.vPortFree)
    vPortSetupTimerInterrupt                 0x08008f51   Thumb Code    52  port.o(.text.vPortSetupTimerInterrupt)
    vPortValidateInterruptPriority           0x08008f89   Thumb Code    94  port.o(.text.vPortValidateInterruptPriority)
    vQueueAddToRegistry                      0x08008fe9   Thumb Code   298  queue.o(.text.vQueueAddToRegistry)
    vQueueWaitForMessageRestricted           0x08009119   Thumb Code   100  queue.o(.text.vQueueWaitForMessageRestricted)
    vTaskDelay                               0x08009181   Thumb Code   150  tasks.o(.text.vTaskDelay)
    vTaskInternalSetTimeOutState             0x08009219   Thumb Code    18  tasks.o(.text.vTaskInternalSetTimeOutState)
    vTaskMissedYield                         0x08009231   Thumb Code    14  tasks.o(.text.vTaskMissedYield)
    vTaskPlaceOnEventList                    0x08009241   Thumb Code    54  tasks.o(.text.vTaskPlaceOnEventList)
    vTaskPlaceOnEventListRestricted          0x08009279   Thumb Code   162  tasks.o(.text.vTaskPlaceOnEventListRestricted)
    vTaskStartScheduler                      0x08009321   Thumb Code   256  tasks.o(.text.vTaskStartScheduler)
    vTaskSuspendAll                          0x08009429   Thumb Code    16  tasks.o(.text.vTaskSuspendAll)
    vTaskSwitchContext                       0x08009439   Thumb Code   256  tasks.o(.text.vTaskSwitchContext)
    xPortStartScheduler                      0x08009539   Thumb Code   442  port.o(.text.xPortStartScheduler)
    xPortSysTickHandler                      0x080096f9   Thumb Code    46  port.o(.text.xPortSysTickHandler)
    xQueueGenericCreate                      0x08009729   Thumb Code   150  queue.o(.text.xQueueGenericCreate)
    xQueueGenericCreateStatic                0x080097c1   Thumb Code   212  queue.o(.text.xQueueGenericCreateStatic)
    xQueueGenericSend                        0x08009899   Thumb Code   570  queue.o(.text.xQueueGenericSend)
    xQueueGenericSendFromISR                 0x08009ad9   Thumb Code   392  queue.o(.text.xQueueGenericSendFromISR)
    xQueueReceive                            0x08009c61   Thumb Code   446  queue.o(.text.xQueueReceive)
    xTaskCheckForTimeOut                     0x08009e21   Thumb Code   166  tasks.o(.text.xTaskCheckForTimeOut)
    xTaskCreate                              0x08009ec9   Thumb Code    96  tasks.o(.text.xTaskCreate)
    xTaskCreateStatic                        0x08009f29   Thumb Code   158  tasks.o(.text.xTaskCreateStatic)
    xTaskGetSchedulerState                   0x08009fc9   Thumb Code    28  tasks.o(.text.xTaskGetSchedulerState)
    xTaskGetTickCount                        0x08009fe9   Thumb Code    12  tasks.o(.text.xTaskGetTickCount)
    xTaskIncrementTick                       0x08009ff9   Thumb Code   382  tasks.o(.text.xTaskIncrementTick)
    xTaskPriorityDisinherit                  0x0800a179   Thumb Code   170  tasks.o(.text.xTaskPriorityDisinherit)
    xTaskRemoveFromEventList                 0x0800a229   Thumb Code   240  tasks.o(.text.xTaskRemoveFromEventList)
    xTaskResumeAll                           0x0800a319   Thumb Code   322  tasks.o(.text.xTaskResumeAll)
    xTimerCreateTimerTask                    0x0800a461   Thumb Code   172  timers.o(.text.xTimerCreateTimerTask)
    _fp_init                                 0x0800a515   Thumb Code    26  fpinit.o(x$fpl$fpinit)
    __fplib_config_fpu_vfp                   0x0800a52d   Thumb Code     0  fpinit.o(x$fpl$fpinit)
    __fplib_config_pureend_doubles           0x0800a52d   Thumb Code     0  fpinit.o(x$fpl$fpinit)
    D1CorePrescTable                         0x0800a588   Data          16  system_stm32h7xx.o(.rodata.D1CorePrescTable)
    UARTPrescTable                           0x0800a598   Data          24  stm32h7xx_hal_uart.o(.rodata.UARTPrescTable)
    chassisTask_attributes                   0x0800a5b0   Data          36  freertos.o(.rodata.chassisTask_attributes)
    chassis_can_attributes                   0x0800a5d4   Data          36  freertos.o(.rodata.chassis_can_attributes)
    handleQueue_attributes                   0x0800a618   Data          24  freertos.o(.rodata.handleQueue_attributes)
    imuQueue_attributes                      0x0800a630   Data          24  freertos.o(.rodata.imuQueue_attributes)
    uxTopUsedPriority                        0x0800a67c   Data           4  tasks.o(.rodata.uxTopUsedPriority)
    Region$$Table$$Base                      0x0800a680   Number         0  anon$$obj.o(Region$$Table)
    Region$$Table$$Limit                     0x0800a6a0   Number         0  anon$$obj.o(Region$$Table)
    uwTickFreq                               0x24000000   Data           1  stm32h7xx_hal.o(.data..L_MergedGlobals)
    uwTickPrio                               0x24000004   Data           4  stm32h7xx_hal.o(.data..L_MergedGlobals)
    SystemCoreClock                          0x24000008   Data           4  system_stm32h7xx.o(.data..L_MergedGlobals)
    SystemD2Clock                            0x2400000c   Data           4  system_stm32h7xx.o(.data..L_MergedGlobals)
    __libspace_start                         0x24000018   Data          96  libspace.o(.bss)
    __temporary_stack_top$libspace           0x24000078   Data           0  libspace.o(.bss)
    handleQueueHandle                        0x24000078   Data           4  freertos.o(.bss..L_MergedGlobals)
    imuQueueHandle                           0x2400007c   Data           4  freertos.o(.bss..L_MergedGlobals)
    chassisTaskHandle                        0x24000080   Data           4  freertos.o(.bss..L_MergedGlobals)
    chassis_canHandle                        0x24000084   Data           4  freertos.o(.bss..L_MergedGlobals)
    receive_handle                           0x24000164   Data           8  mymain.o(.bss..L_MergedGlobals)
    receive_imu                              0x2400016c   Data           8  mymain.o(.bss..L_MergedGlobals)
    dji_motor                                0x240001a0   Data         128  mymain.o(.bss.dji_motor)
    hdma_uart7_rx                            0x24000220   Data         120  usart.o(.bss.hdma_uart7_rx)
    hdma_uart7_tx                            0x24000298   Data         120  usart.o(.bss.hdma_uart7_tx)
    hdma_usart1_rx                           0x24000310   Data         120  usart.o(.bss.hdma_usart1_rx)
    hdma_usart1_tx                           0x24000388   Data         120  usart.o(.bss.hdma_usart1_tx)
    hfdcan1                                  0x24000400   Data         160  fdcan.o(.bss.hfdcan1)
    htim4                                    0x240004a0   Data          76  stm32h7xx_hal_timebase_tim.o(.bss.htim4)
    huart1                                   0x240004ec   Data         148  usart.o(.bss.huart1)
    huart7                                   0x24000580   Data         148  usart.o(.bss.huart7)
    pxCurrentTCB                             0x24000704   Data           4  tasks.o(.bss.pxCurrentTCB)
    uwTick                                   0x24004768   Data           4  stm32h7xx_hal.o(.bss.uwTick)
    vesc_motor                               0x24004e34   Data         224  mymain.o(.bss.vesc_motor)
    xQueueRegistry                           0x24004f14   Data          64  queue.o(.bss.xQueueRegistry)



==============================================================================

Memory Map of the image

  Image Entry point : 0x080002cd

  Load Region LR_IROM1 (Base: 0x08000000, Size: 0x0000a6b8, Max: 0x00100000, ABSOLUTE)

    Execution Region ER_IROM1 (Exec base: 0x08000000, Load base: 0x08000000, Size: 0x0000a6a0, Max: 0x00100000, ABSOLUTE)

    Exec Addr    Load Addr    Size         Type   Attr      Idx    E Section Name        Object

    0x08000000   0x08000000   0x000002cc   Data   RO            3    RESET               startup_stm32h723xx.o
    0x080002cc   0x080002cc   0x00000008   Code   RO         2454  * !!!main             c_w.l(__main.o)
    0x080002d4   0x080002d4   0x00000034   Code   RO         2631    !!!scatter          c_w.l(__scatter.o)
    0x08000308   0x08000308   0x0000001a   Code   RO         2633    !!handler_copy      c_w.l(__scatter_copy.o)
    0x08000322   0x08000322   0x00000002   PAD
    0x08000324   0x08000324   0x0000001c   Code   RO         2635    !!handler_zi        c_w.l(__scatter_zi.o)
    0x08000340   0x08000340   0x00000002   Code   RO         2493    .ARM.Collect$$libinit$$00000000  c_w.l(libinit.o)
    0x08000342   0x08000342   0x00000004   Code   RO         2505    .ARM.Collect$$libinit$$00000001  c_w.l(libinit2.o)
    0x08000346   0x08000346   0x00000000   Code   RO         2508    .ARM.Collect$$libinit$$00000004  c_w.l(libinit2.o)
    0x08000346   0x08000346   0x00000000   Code   RO         2510    .ARM.Collect$$libinit$$00000006  c_w.l(libinit2.o)
    0x08000346   0x08000346   0x00000000   Code   RO         2513    .ARM.Collect$$libinit$$0000000C  c_w.l(libinit2.o)
    0x08000346   0x08000346   0x00000000   Code   RO         2515    .ARM.Collect$$libinit$$0000000E  c_w.l(libinit2.o)
    0x08000346   0x08000346   0x00000000   Code   RO         2517    .ARM.Collect$$libinit$$00000010  c_w.l(libinit2.o)
    0x08000346   0x08000346   0x00000000   Code   RO         2520    .ARM.Collect$$libinit$$00000013  c_w.l(libinit2.o)
    0x08000346   0x08000346   0x00000000   Code   RO         2522    .ARM.Collect$$libinit$$00000015  c_w.l(libinit2.o)
    0x08000346   0x08000346   0x00000000   Code   RO         2524    .ARM.Collect$$libinit$$00000017  c_w.l(libinit2.o)
    0x08000346   0x08000346   0x00000000   Code   RO         2526    .ARM.Collect$$libinit$$00000019  c_w.l(libinit2.o)
    0x08000346   0x08000346   0x00000000   Code   RO         2528    .ARM.Collect$$libinit$$0000001B  c_w.l(libinit2.o)
    0x08000346   0x08000346   0x00000000   Code   RO         2530    .ARM.Collect$$libinit$$0000001D  c_w.l(libinit2.o)
    0x08000346   0x08000346   0x00000000   Code   RO         2532    .ARM.Collect$$libinit$$0000001F  c_w.l(libinit2.o)
    0x08000346   0x08000346   0x00000000   Code   RO         2534    .ARM.Collect$$libinit$$00000021  c_w.l(libinit2.o)
    0x08000346   0x08000346   0x00000000   Code   RO         2536    .ARM.Collect$$libinit$$00000023  c_w.l(libinit2.o)
    0x08000346   0x08000346   0x00000000   Code   RO         2538    .ARM.Collect$$libinit$$00000025  c_w.l(libinit2.o)
    0x08000346   0x08000346   0x00000000   Code   RO         2540    .ARM.Collect$$libinit$$00000027  c_w.l(libinit2.o)
    0x08000346   0x08000346   0x00000000   Code   RO         2544    .ARM.Collect$$libinit$$0000002E  c_w.l(libinit2.o)
    0x08000346   0x08000346   0x00000000   Code   RO         2546    .ARM.Collect$$libinit$$00000030  c_w.l(libinit2.o)
    0x08000346   0x08000346   0x00000000   Code   RO         2548    .ARM.Collect$$libinit$$00000032  c_w.l(libinit2.o)
    0x08000346   0x08000346   0x00000000   Code   RO         2550    .ARM.Collect$$libinit$$00000034  c_w.l(libinit2.o)
    0x08000346   0x08000346   0x00000002   Code   RO         2551    .ARM.Collect$$libinit$$00000035  c_w.l(libinit2.o)
    0x08000348   0x08000348   0x00000002   Code   RO         2586    .ARM.Collect$$libshutdown$$00000000  c_w.l(libshutdown.o)
    0x0800034a   0x0800034a   0x00000000   Code   RO         2614    .ARM.Collect$$libshutdown$$00000002  c_w.l(libshutdown2.o)
    0x0800034a   0x0800034a   0x00000000   Code   RO         2616    .ARM.Collect$$libshutdown$$00000004  c_w.l(libshutdown2.o)
    0x0800034a   0x0800034a   0x00000000   Code   RO         2619    .ARM.Collect$$libshutdown$$00000007  c_w.l(libshutdown2.o)
    0x0800034a   0x0800034a   0x00000000   Code   RO         2622    .ARM.Collect$$libshutdown$$0000000A  c_w.l(libshutdown2.o)
    0x0800034a   0x0800034a   0x00000000   Code   RO         2624    .ARM.Collect$$libshutdown$$0000000C  c_w.l(libshutdown2.o)
    0x0800034a   0x0800034a   0x00000000   Code   RO         2627    .ARM.Collect$$libshutdown$$0000000F  c_w.l(libshutdown2.o)
    0x0800034a   0x0800034a   0x00000002   Code   RO         2628    .ARM.Collect$$libshutdown$$00000010  c_w.l(libshutdown2.o)
    0x0800034c   0x0800034c   0x00000000   Code   RO         2456    .ARM.Collect$$rtentry$$00000000  c_w.l(__rtentry.o)
    0x0800034c   0x0800034c   0x00000000   Code   RO         2464    .ARM.Collect$$rtentry$$00000002  c_w.l(__rtentry2.o)
    0x0800034c   0x0800034c   0x00000006   Code   RO         2476    .ARM.Collect$$rtentry$$00000004  c_w.l(__rtentry4.o)
    0x08000352   0x08000352   0x00000000   Code   RO         2466    .ARM.Collect$$rtentry$$00000009  c_w.l(__rtentry2.o)
    0x08000352   0x08000352   0x00000004   Code   RO         2467    .ARM.Collect$$rtentry$$0000000A  c_w.l(__rtentry2.o)
    0x08000356   0x08000356   0x00000000   Code   RO         2469    .ARM.Collect$$rtentry$$0000000C  c_w.l(__rtentry2.o)
    0x08000356   0x08000356   0x00000008   Code   RO         2470    .ARM.Collect$$rtentry$$0000000D  c_w.l(__rtentry2.o)
    0x0800035e   0x0800035e   0x00000002   Code   RO         2497    .ARM.Collect$$rtexit$$00000000  c_w.l(rtexit.o)
    0x08000360   0x08000360   0x00000000   Code   RO         2557    .ARM.Collect$$rtexit$$00000002  c_w.l(rtexit2.o)
    0x08000360   0x08000360   0x00000004   Code   RO         2558    .ARM.Collect$$rtexit$$00000003  c_w.l(rtexit2.o)
    0x08000364   0x08000364   0x00000006   Code   RO         2559    .ARM.Collect$$rtexit$$00000004  c_w.l(rtexit2.o)
    0x0800036a   0x0800036a   0x00000002   PAD
    0x0800036c   0x0800036c   0x00000048   Code   RO            4    .text               startup_stm32h723xx.o
    0x080003b4   0x080003b4   0x000000f0   Code   RO         2440    .text               c_w.l(lludivv7m.o)
    0x080004a4   0x080004a4   0x0000008a   Code   RO         2442    .text               c_w.l(rt_memcpy_v6.o)
    0x0800052e   0x0800052e   0x00000010   Code   RO         2446    .text               c_w.l(aeabi_memset4.o)
    0x0800053e   0x0800053e   0x00000044   Code   RO         2448    .text               c_w.l(rt_memclr.o)
    0x08000582   0x08000582   0x0000004e   Code   RO         2450    .text               c_w.l(rt_memclr_w.o)
    0x080005d0   0x080005d0   0x00000006   Code   RO         2452    .text               c_w.l(heapauxi.o)
    0x080005d6   0x080005d6   0x00000064   Code   RO         2461    .text               c_w.l(rt_memcpy_w.o)
    0x0800063a   0x0800063a   0x0000004a   Code   RO         2480    .text               c_w.l(sys_stackheap_outer.o)
    0x08000684   0x08000684   0x00000012   Code   RO         2482    .text               c_w.l(exit.o)
    0x08000696   0x08000696   0x00000002   PAD
    0x08000698   0x08000698   0x00000008   Code   RO         2494    .text               c_w.l(libspace.o)
    0x080006a0   0x080006a0   0x0000000c   Code   RO         2552    .text               c_w.l(sys_exit.o)
    0x080006ac   0x080006ac   0x00000002   Code   RO         2575    .text               c_w.l(use_no_semi.o)
    0x080006ae   0x080006ae   0x00000000   Code   RO         2577    .text               c_w.l(indicate_semi.o)
    0x080006ae   0x080006ae   0x00000002   PAD
    0x080006b0   0x080006b0   0x00000002   Code   RO          116    .text.BusFault_Handler  stm32h7xx_it.o
    0x080006b2   0x080006b2   0x00000006   PAD
    0x080006b8   0x080006b8   0x0000004e   Code   RO         2415    .text.DJI2006_Analysisdata  dji_2006.o
    0x08000706   0x08000706   0x00000002   PAD
    0x08000708   0x08000708   0x00000018   Code   RO         2405    .text.DJI2006_Init  dji_2006.o
    0x08000720   0x08000720   0x0000000c   Code   RO          122    .text.DMA1_Stream0_IRQHandler  stm32h7xx_it.o
    0x0800072c   0x0800072c   0x00000004   PAD
    0x08000730   0x08000730   0x0000000c   Code   RO          124    .text.DMA1_Stream1_IRQHandler  stm32h7xx_it.o
    0x0800073c   0x0800073c   0x00000004   PAD
    0x08000740   0x08000740   0x0000000c   Code   RO          126    .text.DMA1_Stream2_IRQHandler  stm32h7xx_it.o
    0x0800074c   0x0800074c   0x00000004   PAD
    0x08000750   0x08000750   0x0000000c   Code   RO          128    .text.DMA1_Stream3_IRQHandler  stm32h7xx_it.o
    0x0800075c   0x0800075c   0x00000004   PAD
    0x08000760   0x08000760   0x0000012c   Code   RO          769    .text.DMA_CalcBaseAndBitshift  stm32h7xx_hal_dma.o
    0x0800088c   0x0800088c   0x00000004   PAD
    0x08000890   0x08000890   0x00000306   Code   RO          775    .text.DMA_SetConfig  stm32h7xx_hal_dma.o
    0x08000b96   0x08000b96   0x00000002   PAD
    0x08000b98   0x08000b98   0x00000002   Code   RO          120    .text.DebugMon_Handler  stm32h7xx_it.o
    0x08000b9a   0x08000b9a   0x00000006   PAD
    0x08000ba0   0x08000ba0   0x00000006   Code   RO           15    .text.Error_Handler  main.o
    0x08000ba6   0x08000ba6   0x00000002   PAD
    0x08000ba8   0x08000ba8   0x0000002c   Code   RO         1715    .text.ExitRun0Mode  system_stm32h7xx.o
    0x08000bd4   0x08000bd4   0x00000004   PAD
    0x08000bd8   0x08000bd8   0x0000000c   Code   RO          130    .text.FDCAN1_IT0_IRQHandler  stm32h7xx_it.o
    0x08000be4   0x08000be4   0x00000004   PAD
    0x08000be8   0x08000be8   0x0000052e   Code   RO          779    .text.HAL_DMA_Abort  stm32h7xx_hal_dma.o
    0x08001116   0x08001116   0x00000002   PAD
    0x08001118   0x08001118   0x000002ba   Code   RO          781    .text.HAL_DMA_Abort_IT  stm32h7xx_hal_dma.o
    0x080013d2   0x080013d2   0x00000006   PAD
    0x080013d8   0x080013d8   0x00000838   Code   RO          785    .text.HAL_DMA_IRQHandler  stm32h7xx_hal_dma.o
    0x08001c10   0x08001c10   0x0000067e   Code   RO          767    .text.HAL_DMA_Init  stm32h7xx_hal_dma.o
    0x0800228e   0x0800228e   0x00000002   PAD
    0x08002290   0x08002290   0x000003a2   Code   RO          777    .text.HAL_DMA_Start_IT  stm32h7xx_hal_dma.o
    0x08002632   0x08002632   0x00000006   PAD
    0x08002638   0x08002638   0x0000008c   Code   RO         1467    .text.HAL_FDCAN_ActivateNotification  stm32h7xx_hal_fdcan.o
    0x080026c4   0x080026c4   0x00000004   PAD
    0x080026c8   0x080026c8   0x00000002   Code   RO         1481    .text.HAL_FDCAN_ClockCalibrationCallback  stm32h7xx_hal_fdcan.o
    0x080026ca   0x080026ca   0x00000006   PAD
    0x080026d0   0x080026d0   0x00000038   Code   RO         1343    .text.HAL_FDCAN_ConfigGlobalFilter  stm32h7xx_hal_fdcan.o
    0x08002708   0x08002708   0x00000002   Code   RO         1509    .text.HAL_FDCAN_ErrorCallback  stm32h7xx_hal_fdcan.o
    0x0800270a   0x0800270a   0x00000006   PAD
    0x08002710   0x08002710   0x00000002   Code   RO         1499    .text.HAL_FDCAN_ErrorStatusCallback  stm32h7xx_hal_fdcan.o
    0x08002712   0x08002712   0x00000006   PAD
    0x08002718   0x08002718   0x00000212   Code   RO         1399    .text.HAL_FDCAN_GetRxMessage  stm32h7xx_hal_fdcan.o
    0x0800292a   0x0800292a   0x00000006   PAD
    0x08002930   0x08002930   0x00000002   Code   RO         1477    .text.HAL_FDCAN_HighPriorityMessageCallback  stm32h7xx_hal_fdcan.o
    0x08002932   0x08002932   0x00000006   PAD
    0x08002938   0x08002938   0x00000316   Code   RO         1475    .text.HAL_FDCAN_IRQHandler  stm32h7xx_hal_fdcan.o
    0x08002c4e   0x08002c4e   0x00000002   PAD
    0x08002c50   0x08002c50   0x00000400   Code   RO         1319    .text.HAL_FDCAN_Init  stm32h7xx_hal_fdcan.o
    0x08003050   0x08003050   0x000000b2   Code   RO           75    .text.HAL_FDCAN_MspInit  fdcan.o
    0x08003102   0x08003102   0x00000006   PAD
    0x08003108   0x08003108   0x00000002   Code   RO         1493    .text.HAL_FDCAN_RxBufferNewMessageCallback  stm32h7xx_hal_fdcan.o
    0x0800310a   0x0800310a   0x00000006   PAD
    0x08003110   0x08003110   0x000000aa   Code   RO         2340    .text.HAL_FDCAN_RxFifo0Callback  mymain.o
    0x080031ba   0x080031ba   0x00000006   PAD
    0x080031c0   0x080031c0   0x00000002   Code   RO         1487    .text.HAL_FDCAN_RxFifo1Callback  stm32h7xx_hal_fdcan.o
    0x080031c2   0x080031c2   0x00000006   PAD
    0x080031c8   0x080031c8   0x00000034   Code   RO         1387    .text.HAL_FDCAN_Start  stm32h7xx_hal_fdcan.o
    0x080031fc   0x080031fc   0x00000004   PAD
    0x08003200   0x08003200   0x00000002   Code   RO         1507    .text.HAL_FDCAN_TT_GlobalTimeCallback  stm32h7xx_hal_fdcan.o
    0x08003202   0x08003202   0x00000006   PAD
    0x08003208   0x08003208   0x00000002   Code   RO         1501    .text.HAL_FDCAN_TT_ScheduleSyncCallback  stm32h7xx_hal_fdcan.o
    0x0800320a   0x0800320a   0x00000006   PAD
    0x08003210   0x08003210   0x00000002   Code   RO         1505    .text.HAL_FDCAN_TT_StopWatchCallback  stm32h7xx_hal_fdcan.o
    0x08003212   0x08003212   0x00000006   PAD
    0x08003218   0x08003218   0x00000002   Code   RO         1503    .text.HAL_FDCAN_TT_TimeMarkCallback  stm32h7xx_hal_fdcan.o
    0x0800321a   0x0800321a   0x00000006   PAD
    0x08003220   0x08003220   0x00000002   Code   RO         1497    .text.HAL_FDCAN_TimeoutOccurredCallback  stm32h7xx_hal_fdcan.o
    0x08003222   0x08003222   0x00000006   PAD
    0x08003228   0x08003228   0x00000002   Code   RO         1495    .text.HAL_FDCAN_TimestampWraparoundCallback  stm32h7xx_hal_fdcan.o
    0x0800322a   0x0800322a   0x00000006   PAD
    0x08003230   0x08003230   0x00000002   Code   RO         1479    .text.HAL_FDCAN_TxBufferAbortCallback  stm32h7xx_hal_fdcan.o
    0x08003232   0x08003232   0x00000006   PAD
    0x08003238   0x08003238   0x00000002   Code   RO         1491    .text.HAL_FDCAN_TxBufferCompleteCallback  stm32h7xx_hal_fdcan.o
    0x0800323a   0x0800323a   0x00000006   PAD
    0x08003240   0x08003240   0x00000002   Code   RO         1483    .text.HAL_FDCAN_TxEventFifoCallback  stm32h7xx_hal_fdcan.o
    0x08003242   0x08003242   0x00000006   PAD
    0x08003248   0x08003248   0x00000002   Code   RO         1489    .text.HAL_FDCAN_TxFifoEmptyCallback  stm32h7xx_hal_fdcan.o
    0x0800324a   0x0800324a   0x00000006   PAD
    0x08003250   0x08003250   0x000001f6   Code   RO          713    .text.HAL_GPIO_Init  stm32h7xx_hal_gpio.o
    0x08003446   0x08003446   0x00000002   PAD
    0x08003448   0x08003448   0x0000000c   Code   RO         1013    .text.HAL_GetTick   stm32h7xx_hal.o
    0x08003454   0x08003454   0x00000004   PAD
    0x08003458   0x08003458   0x0000001a   Code   RO         1011    .text.HAL_IncTick   stm32h7xx_hal.o
    0x08003472   0x08003472   0x00000006   PAD
    0x08003478   0x08003478   0x00000064   Code   RO         1001    .text.HAL_Init      stm32h7xx_hal.o
    0x080034dc   0x080034dc   0x00000004   PAD
    0x080034e0   0x080034e0   0x000000a4   Code   RO          154    .text.HAL_InitTick  stm32h7xx_hal_timebase_tim.o
    0x08003584   0x08003584   0x00000004   PAD
    0x08003588   0x08003588   0x0000005e   Code   RO          522    .text.HAL_MPU_ConfigRegion  stm32h7xx_hal_cortex.o
    0x080035e6   0x080035e6   0x00000002   PAD
    0x080035e8   0x080035e8   0x0000001a   Code   RO          514    .text.HAL_MPU_Disable  stm32h7xx_hal_cortex.o
    0x08003602   0x08003602   0x00000006   PAD
    0x08003608   0x08003608   0x00000020   Code   RO          516    .text.HAL_MPU_Enable  stm32h7xx_hal_cortex.o
    0x08003628   0x08003628   0x0000002a   Code   RO          145    .text.HAL_MspInit   stm32h7xx_hal_msp.o
    0x08003652   0x08003652   0x00000006   PAD
    0x08003658   0x08003658   0x00000020   Code   RO          504    .text.HAL_NVIC_EnableIRQ  stm32h7xx_hal_cortex.o
    0x08003678   0x08003678   0x0000005c   Code   RO          502    .text.HAL_NVIC_SetPriority  stm32h7xx_hal_cortex.o
    0x080036d4   0x080036d4   0x00000004   PAD
    0x080036d8   0x080036d8   0x00000020   Code   RO          500    .text.HAL_NVIC_SetPriorityGrouping  stm32h7xx_hal_cortex.o
    0x080036f8   0x080036f8   0x0000004c   Code   RO          917    .text.HAL_PWREx_ConfigSupply  stm32h7xx_hal_pwr_ex.o
    0x08003744   0x08003744   0x00000004   PAD
    0x08003748   0x08003748   0x00000026   Code   RO          604    .text.HAL_RCCEx_GetD3PCLK1Freq  stm32h7xx_hal_rcc_ex.o
    0x0800376e   0x0800376e   0x00000002   PAD
    0x08003770   0x08003770   0x0000012c   Code   RO          600    .text.HAL_RCCEx_GetPLL2ClockFreq  stm32h7xx_hal_rcc_ex.o
    0x0800389c   0x0800389c   0x00000004   PAD
    0x080038a0   0x080038a0   0x0000012c   Code   RO          602    .text.HAL_RCCEx_GetPLL3ClockFreq  stm32h7xx_hal_rcc_ex.o
    0x080039cc   0x080039cc   0x00000004   PAD
    0x080039d0   0x080039d0   0x00000aa8   Code   RO          588    .text.HAL_RCCEx_PeriphCLKConfig  stm32h7xx_hal_rcc_ex.o
    0x08004478   0x08004478   0x00000268   Code   RO          556    .text.HAL_RCC_ClockConfig  stm32h7xx_hal_rcc.o
    0x080046e0   0x080046e0   0x00000058   Code   RO          574    .text.HAL_RCC_GetClockConfig  stm32h7xx_hal_rcc.o
    0x08004738   0x08004738   0x0000004c   Code   RO          566    .text.HAL_RCC_GetHCLKFreq  stm32h7xx_hal_rcc.o
    0x08004784   0x08004784   0x00000004   PAD
    0x08004788   0x08004788   0x00000060   Code   RO          568    .text.HAL_RCC_GetPCLK1Freq  stm32h7xx_hal_rcc.o
    0x080047e8   0x080047e8   0x00000060   Code   RO          570    .text.HAL_RCC_GetPCLK2Freq  stm32h7xx_hal_rcc.o
    0x08004848   0x08004848   0x00000114   Code   RO          558    .text.HAL_RCC_GetSysClockFreq  stm32h7xx_hal_rcc.o
    0x0800495c   0x0800495c   0x00000004   PAD
    0x08004960   0x08004960   0x00000518   Code   RO          554    .text.HAL_RCC_OscConfig  stm32h7xx_hal_rcc.o
    0x08004e78   0x08004e78   0x00000002   Code   RO          486    .text.HAL_TIMEx_Break2Callback  stm32h7xx_hal_tim_ex.o
    0x08004e7a   0x08004e7a   0x00000006   PAD
    0x08004e80   0x08004e80   0x00000002   Code   RO          484    .text.HAL_TIMEx_BreakCallback  stm32h7xx_hal_tim_ex.o
    0x08004e82   0x08004e82   0x00000006   PAD
    0x08004e88   0x08004e88   0x00000002   Code   RO          480    .text.HAL_TIMEx_CommutCallback  stm32h7xx_hal_tim_ex.o
    0x08004e8a   0x08004e8a   0x00000006   PAD
    0x08004e90   0x08004e90   0x00000060   Code   RO          169    .text.HAL_TIM_Base_Init  stm32h7xx_hal_tim.o
    0x08004ef0   0x08004ef0   0x00000002   Code   RO          171    .text.HAL_TIM_Base_MspInit  stm32h7xx_hal_tim.o
    0x08004ef2   0x08004ef2   0x00000006   PAD
    0x08004ef8   0x08004ef8   0x000000dc   Code   RO          183    .text.HAL_TIM_Base_Start_IT  stm32h7xx_hal_tim.o
    0x08004fd4   0x08004fd4   0x00000004   PAD
    0x08004fd8   0x08004fd8   0x00000002   Code   RO          305    .text.HAL_TIM_IC_CaptureCallback  stm32h7xx_hal_tim.o
    0x08004fda   0x08004fda   0x00000006   PAD
    0x08004fe0   0x08004fe0   0x0000016c   Code   RO          303    .text.HAL_TIM_IRQHandler  stm32h7xx_hal_tim.o
    0x0800514c   0x0800514c   0x00000004   PAD
    0x08005150   0x08005150   0x00000002   Code   RO          307    .text.HAL_TIM_OC_DelayElapsedCallback  stm32h7xx_hal_tim.o
    0x08005152   0x08005152   0x00000006   PAD
    0x08005158   0x08005158   0x00000002   Code   RO          309    .text.HAL_TIM_PWM_PulseFinishedCallback  stm32h7xx_hal_tim.o
    0x0800515a   0x0800515a   0x00000006   PAD
    0x08005160   0x08005160   0x00000014   Code   RO           17    .text.HAL_TIM_PeriodElapsedCallback  main.o
    0x08005174   0x08005174   0x00000004   PAD
    0x08005178   0x08005178   0x00000002   Code   RO          313    .text.HAL_TIM_TriggerCallback  stm32h7xx_hal_tim.o
    0x0800517a   0x0800517a   0x00000006   PAD
    0x08005180   0x08005180   0x00000036   Code   RO         1688    .text.HAL_UARTEx_DisableFifoMode  stm32h7xx_hal_uart_ex.o
    0x080051b6   0x080051b6   0x00000002   PAD
    0x080051b8   0x080051b8   0x000000a8   Code   RO         1698    .text.HAL_UARTEx_ReceiveToIdle_DMA  stm32h7xx_hal_uart_ex.o
    0x08005260   0x08005260   0x00000286   Code   RO         2336    .text.HAL_UARTEx_RxEventCallback  mymain.o
    0x080054e6   0x080054e6   0x00000002   PAD
    0x080054e8   0x080054e8   0x00000002   Code   RO         1674    .text.HAL_UARTEx_RxFifoFullCallback  stm32h7xx_hal_uart_ex.o
    0x080054ea   0x080054ea   0x00000006   PAD
    0x080054f0   0x080054f0   0x00000090   Code   RO         1692    .text.HAL_UARTEx_SetRxFifoThreshold  stm32h7xx_hal_uart_ex.o
    0x08005580   0x08005580   0x00000090   Code   RO         1690    .text.HAL_UARTEx_SetTxFifoThreshold  stm32h7xx_hal_uart_ex.o
    0x08005610   0x08005610   0x00000002   Code   RO         1676    .text.HAL_UARTEx_TxFifoEmptyCallback  stm32h7xx_hal_uart_ex.o
    0x08005612   0x08005612   0x00000006   PAD
    0x08005618   0x08005618   0x00000002   Code   RO         1672    .text.HAL_UARTEx_WakeupCallback  stm32h7xx_hal_uart_ex.o
    0x0800561a   0x0800561a   0x00000006   PAD
    0x08005620   0x08005620   0x0000023c   Code   RO         2338    .text.HAL_UART_ErrorCallback  mymain.o
    0x0800585c   0x0800585c   0x00000004   PAD
    0x08005860   0x08005860   0x00000686   Code   RO         1609    .text.HAL_UART_IRQHandler  stm32h7xx_hal_uart.o
    0x08005ee6   0x08005ee6   0x00000002   PAD
    0x08005ee8   0x08005ee8   0x00000068   Code   RO         1525    .text.HAL_UART_Init  stm32h7xx_hal_uart.o
    0x08005f50   0x08005f50   0x000001fa   Code   RO           92    .text.HAL_UART_MspInit  usart.o
    0x0800614a   0x0800614a   0x00000006   PAD
    0x08006150   0x08006150   0x00000002   Code   RO         1621    .text.HAL_UART_RxCpltCallback  stm32h7xx_hal_uart.o
    0x08006152   0x08006152   0x00000006   PAD
    0x08006158   0x08006158   0x00000002   Code   RO         1623    .text.HAL_UART_RxHalfCpltCallback  stm32h7xx_hal_uart.o
    0x0800615a   0x0800615a   0x00000006   PAD
    0x08006160   0x08006160   0x00000002   Code   RO         1617    .text.HAL_UART_TxCpltCallback  stm32h7xx_hal_uart.o
    0x08006162   0x08006162   0x00000006   PAD
    0x08006168   0x08006168   0x00000002   Code   RO          112    .text.HardFault_Handler  stm32h7xx_it.o
    0x0800616a   0x0800616a   0x00000006   PAD
    0x08006170   0x08006170   0x00000064   Code   RO           64    .text.MX_DMA_Init   dma.o
    0x080061d4   0x080061d4   0x00000004   PAD
    0x080061d8   0x080061d8   0x00000068   Code   RO           73    .text.MX_FDCAN1_Init  fdcan.o
    0x08006240   0x08006240   0x00000060   Code   RO           44    .text.MX_FREERTOS_Init  freertos.o
    0x080062a0   0x080062a0   0x00000074   Code   RO           28    .text.MX_GPIO_Init  gpio.o
    0x08006314   0x08006314   0x00000004   PAD
    0x08006318   0x08006318   0x0000007c   Code   RO           88    .text.MX_UART7_Init  usart.o
    0x08006394   0x08006394   0x00000004   PAD
    0x08006398   0x08006398   0x0000007c   Code   RO           90    .text.MX_USART1_UART_Init  usart.o
    0x08006414   0x08006414   0x00000004   PAD
    0x08006418   0x08006418   0x00000002   Code   RO          114    .text.MemManage_Handler  stm32h7xx_it.o
    0x0800641a   0x0800641a   0x00000006   PAD
    0x08006420   0x08006420   0x0000029a   Code   RO         2332    .text.My_init       mymain.o
    0x080066ba   0x080066ba   0x00000006   PAD
    0x080066c0   0x080066c0   0x00000002   Code   RO          110    .text.NMI_Handler   stm32h7xx_it.o
    0x080066c2   0x080066c2   0x0000000e   PAD
    0x080066d0   0x080066d0   0x00000064   Code   RO         2314    .text.PendSV_Handler  port.o
    0x08006734   0x08006734   0x00000004   PAD
    0x08006738   0x08006738   0x00000122   Code   RO          590    .text.RCCEx_PLL2_Config  stm32h7xx_hal_rcc_ex.o
    0x0800685a   0x0800685a   0x00000006   PAD
    0x08006860   0x08006860   0x00000122   Code   RO          592    .text.RCCEx_PLL3_Config  stm32h7xx_hal_rcc_ex.o
    0x08006982   0x08006982   0x0000000e   PAD
    0x08006990   0x08006990   0x00000024   Code   RO         2298    .text.SVC_Handler   port.o
    0x080069b4   0x080069b4   0x00000004   PAD
    0x080069b8   0x080069b8   0x0000000c   Code   RO         2330    .text.StartchassisTask  mymain.o
    0x080069c4   0x080069c4   0x00000004   PAD
    0x080069c8   0x080069c8   0x00000008   Code   RO         2334    .text.Startchassis_can  mymain.o
    0x080069d0   0x080069d0   0x0000001e   Code   RO         2103    .text.SysTick_Handler  cmsis_os2.o
    0x080069ee   0x080069ee   0x00000002   PAD
    0x080069f0   0x080069f0   0x000000c8   Code   RO           13    .text.SystemClock_Config  main.o
    0x08006ab8   0x08006ab8   0x000000d2   Code   RO         1711    .text.SystemInit    system_stm32h7xx.o
    0x08006b8a   0x08006b8a   0x00000006   PAD
    0x08006b90   0x08006b90   0x0000000c   Code   RO          132    .text.TIM4_IRQHandler  stm32h7xx_it.o
    0x08006b9c   0x08006b9c   0x00000004   PAD
    0x08006ba0   0x08006ba0   0x00000178   Code   RO          173    .text.TIM_Base_SetConfig  stm32h7xx_hal_tim.o
    0x08006d18   0x08006d18   0x0000000c   Code   RO          136    .text.UART7_IRQHandler  stm32h7xx_it.o
    0x08006d24   0x08006d24   0x00000004   PAD
    0x08006d28   0x08006d28   0x000000e0   Code   RO         1529    .text.UART_AdvFeatureConfig  stm32h7xx_hal_uart.o
    0x08006e08   0x08006e08   0x00000176   Code   RO         1533    .text.UART_CheckIdleState  stm32h7xx_hal_uart.o
    0x08006f7e   0x08006f7e   0x00000002   PAD
    0x08006f80   0x08006f80   0x00000006   Code   RO         1611    .text.UART_DMAAbortOnError  stm32h7xx_hal_uart.o
    0x08006f86   0x08006f86   0x00000002   PAD
    0x08006f88   0x08006f88   0x000001f0   Code   RO         1571    .text.UART_DMAError  stm32h7xx_hal_uart.o
    0x08007178   0x08007178   0x00000198   Code   RO         1655    .text.UART_DMAReceiveCplt  stm32h7xx_hal_uart.o
    0x08007310   0x08007310   0x00000038   Code   RO         1657    .text.UART_DMARxHalfCplt  stm32h7xx_hal_uart.o
    0x08007348   0x08007348   0x000004d4   Code   RO         1531    .text.UART_SetConfig  stm32h7xx_hal_uart.o
    0x0800781c   0x0800781c   0x00000004   PAD
    0x08007820   0x08007820   0x00000158   Code   RO         1575    .text.UART_Start_Receive_DMA  stm32h7xx_hal_uart.o
    0x08007978   0x08007978   0x00000358   Code   RO         1547    .text.UART_WaitOnFlagUntilTimeout  stm32h7xx_hal_uart.o
    0x08007cd0   0x08007cd0   0x0000000c   Code   RO          134    .text.USART1_IRQHandler  stm32h7xx_it.o
    0x08007cdc   0x08007cdc   0x00000004   PAD
    0x08007ce0   0x08007ce0   0x00000002   Code   RO          118    .text.UsageFault_Handler  stm32h7xx_it.o
    0x08007ce2   0x08007ce2   0x00000006   PAD
    0x08007ce8   0x08007ce8   0x00000118   Code   RO         2395    .text.VESC_Analysisdata  vesc.o
    0x08007e00   0x08007e00   0x00000020   Code   RO         2361    .text.Vesc_Init     vesc.o
    0x08007e20   0x08007e20   0x00000002   Code   RO           36    .text.configureTimerForRunTimeStats  freertos.o
    0x08007e22   0x08007e22   0x00000006   PAD
    0x08007e28   0x08007e28   0x00000004   Code   RO           38    .text.getRunTimeCounterValue  freertos.o
    0x08007e2c   0x08007e2c   0x00000004   PAD
    0x08007e30   0x08007e30   0x00000052   Code   RO           11    .text.main          main.o
    0x08007e82   0x08007e82   0x00000006   PAD
    0x08007e88   0x08007e88   0x00000040   Code   RO         2163    .text.osDelay       cmsis_os2.o
    0x08007ec8   0x08007ec8   0x0000004e   Code   RO         2105    .text.osKernelInitialize  cmsis_os2.o
    0x08007f16   0x08007f16   0x00000002   PAD
    0x08007f18   0x08007f18   0x0000005e   Code   RO         2111    .text.osKernelStart  cmsis_os2.o
    0x08007f76   0x08007f76   0x00000002   PAD
    0x08007f78   0x08007f78   0x000000a2   Code   RO         2213    .text.osMessageQueueNew  cmsis_os2.o
    0x0800801a   0x0800801a   0x00000006   PAD
    0x08008020   0x08008020   0x000000c0   Code   RO         2215    .text.osMessageQueuePut  cmsis_os2.o
    0x080080e0   0x080080e0   0x000000cc   Code   RO         2127    .text.osThreadNew   cmsis_os2.o
    0x080081ac   0x080081ac   0x00000004   PAD
    0x080081b0   0x080081b0   0x00000086   Code   RO         1930    .text.prvAddCurrentTaskToDelayedList  tasks.o
    0x08008236   0x08008236   0x00000002   PAD
    0x08008238   0x08008238   0x000002b2   Code   RO         1920    .text.prvAddNewTaskToReadyList  tasks.o
    0x080084ea   0x080084ea   0x00000006   PAD
    0x080084f0   0x080084f0   0x00000086   Code   RO         1954    .text.prvIdleTask   tasks.o
    0x08008576   0x08008576   0x00000002   PAD
    0x08008578   0x08008578   0x00000126   Code   RO         1918    .text.prvInitialiseNewTask  tasks.o
    0x0800869e   0x0800869e   0x00000002   PAD
    0x080086a0   0x080086a0   0x00000028   Code   RO         2306    .text.prvPortStartFirstTask  port.o
    0x080086c8   0x080086c8   0x00000040   Code   RO         2296    .text.prvTaskExitError  port.o
    0x08008708   0x08008708   0x0000032e   Code   RO         2051    .text.prvTimerTask  timers.o
    0x08008a36   0x08008a36   0x00000002   PAD
    0x08008a38   0x08008a38   0x0000007a   Code   RO         1813    .text.prvUnlockQueue  queue.o
    0x08008ab2   0x08008ab2   0x00000006   PAD
    0x08008ab8   0x08008ab8   0x000001de   Code   RO         2270    .text.pvPortMalloc  heap_4.o
    0x08008c96   0x08008c96   0x00000002   PAD
    0x08008c98   0x08008c98   0x0000002c   Code   RO         2294    .text.pxPortInitialiseStack  port.o
    0x08008cc4   0x08008cc4   0x00000004   PAD
    0x08008cc8   0x08008cc8   0x0000002a   Code   RO         1775    .text.uxListRemove  list.o
    0x08008cf2   0x08008cf2   0x00000006   PAD
    0x08008cf8   0x08008cf8   0x0000000c   Code   RO         1964    .text.uxTaskGetNumberOfTasks  tasks.o
    0x08008d04   0x08008d04   0x00000004   PAD
    0x08008d08   0x08008d08   0x0000001a   Code   RO         2253    .text.vApplicationGetIdleTaskMemory  cmsis_os2.o
    0x08008d22   0x08008d22   0x00000006   PAD
    0x08008d28   0x08008d28   0x0000001c   Code   RO         2255    .text.vApplicationGetTimerTaskMemory  cmsis_os2.o
    0x08008d44   0x08008d44   0x00000004   PAD
    0x08008d48   0x08008d48   0x00000002   Code   RO           42    .text.vApplicationMallocFailedHook  freertos.o
    0x08008d4a   0x08008d4a   0x00000006   PAD
    0x08008d50   0x08008d50   0x00000002   Code   RO           40    .text.vApplicationStackOverflowHook  freertos.o
    0x08008d52   0x08008d52   0x00000006   PAD
    0x08008d58   0x08008d58   0x00000016   Code   RO         1767    .text.vListInitialise  list.o
    0x08008d6e   0x08008d6e   0x00000002   PAD
    0x08008d70   0x08008d70   0x00000006   Code   RO         1769    .text.vListInitialiseItem  list.o
    0x08008d76   0x08008d76   0x00000002   PAD
    0x08008d78   0x08008d78   0x00000062   Code   RO         1773    .text.vListInsert   list.o
    0x08008dda   0x08008dda   0x00000006   PAD
    0x08008de0   0x08008de0   0x00000014   Code   RO         2304    .text.vPortEnableVFP  port.o
    0x08008df4   0x08008df4   0x00000004   PAD
    0x08008df8   0x08008df8   0x0000004a   Code   RO         2310    .text.vPortEnterCritical  port.o
    0x08008e42   0x08008e42   0x00000006   PAD
    0x08008e48   0x08008e48   0x0000002e   Code   RO         2312    .text.vPortExitCritical  port.o
    0x08008e76   0x08008e76   0x00000002   PAD
    0x08008e78   0x08008e78   0x000000d8   Code   RO         2272    .text.vPortFree     heap_4.o
    0x08008f50   0x08008f50   0x00000034   Code   RO         2302    .text.vPortSetupTimerInterrupt  port.o
    0x08008f84   0x08008f84   0x00000004   PAD
    0x08008f88   0x08008f88   0x0000005e   Code   RO         2318    .text.vPortValidateInterruptPriority  port.o
    0x08008fe6   0x08008fe6   0x00000002   PAD
    0x08008fe8   0x08008fe8   0x0000012a   Code   RO         1851    .text.vQueueAddToRegistry  queue.o
    0x08009112   0x08009112   0x00000006   PAD
    0x08009118   0x08009118   0x00000064   Code   RO         1855    .text.vQueueWaitForMessageRestricted  queue.o
    0x0800917c   0x0800917c   0x00000004   PAD
    0x08009180   0x08009180   0x00000096   Code   RO         1934    .text.vTaskDelay    tasks.o
    0x08009216   0x08009216   0x00000002   PAD
    0x08009218   0x08009218   0x00000012   Code   RO         1986    .text.vTaskInternalSetTimeOutState  tasks.o
    0x0800922a   0x0800922a   0x00000006   PAD
    0x08009230   0x08009230   0x0000000e   Code   RO         1990    .text.vTaskMissedYield  tasks.o
    0x0800923e   0x0800923e   0x00000002   PAD
    0x08009240   0x08009240   0x00000036   Code   RO         1974    .text.vTaskPlaceOnEventList  tasks.o
    0x08009276   0x08009276   0x00000002   PAD
    0x08009278   0x08009278   0x000000a2   Code   RO         1978    .text.vTaskPlaceOnEventListRestricted  tasks.o
    0x0800931a   0x0800931a   0x00000006   PAD
    0x08009320   0x08009320   0x00000108   Code   RO         1952    .text.vTaskStartScheduler  tasks.o
    0x08009428   0x08009428   0x00000010   Code   RO         1928    .text.vTaskSuspendAll  tasks.o
    0x08009438   0x08009438   0x00000100   Code   RO         1946    .text.vTaskSwitchContext  tasks.o
    0x08009538   0x08009538   0x000001ba   Code   RO         2300    .text.xPortStartScheduler  port.o
    0x080096f2   0x080096f2   0x00000006   PAD
    0x080096f8   0x080096f8   0x0000002e   Code   RO         2316    .text.xPortSysTickHandler  port.o
    0x08009726   0x08009726   0x00000002   PAD
    0x08009728   0x08009728   0x00000096   Code   RO         1791    .text.xQueueGenericCreate  queue.o
    0x080097be   0x080097be   0x00000002   PAD
    0x080097c0   0x080097c0   0x000000d4   Code   RO         1787    .text.xQueueGenericCreateStatic  queue.o
    0x08009894   0x08009894   0x00000004   PAD
    0x08009898   0x08009898   0x0000023a   Code   RO         1803    .text.xQueueGenericSend  queue.o
    0x08009ad2   0x08009ad2   0x00000006   PAD
    0x08009ad8   0x08009ad8   0x00000188   Code   RO         1815    .text.xQueueGenericSendFromISR  queue.o
    0x08009c60   0x08009c60   0x000001be   Code   RO         1819    .text.xQueueReceive  queue.o
    0x08009e1e   0x08009e1e   0x00000002   PAD
    0x08009e20   0x08009e20   0x000000a6   Code   RO         1988    .text.xTaskCheckForTimeOut  tasks.o
    0x08009ec6   0x08009ec6   0x00000002   PAD
    0x08009ec8   0x08009ec8   0x00000060   Code   RO         1922    .text.xTaskCreate   tasks.o
    0x08009f28   0x08009f28   0x0000009e   Code   RO         1916    .text.xTaskCreateStatic  tasks.o
    0x08009fc6   0x08009fc6   0x00000002   PAD
    0x08009fc8   0x08009fc8   0x0000001c   Code   RO         2002    .text.xTaskGetSchedulerState  tasks.o
    0x08009fe4   0x08009fe4   0x00000004   PAD
    0x08009fe8   0x08009fe8   0x0000000c   Code   RO         1960    .text.xTaskGetTickCount  tasks.o
    0x08009ff4   0x08009ff4   0x00000004   PAD
    0x08009ff8   0x08009ff8   0x0000017e   Code   RO         1958    .text.xTaskIncrementTick  tasks.o
    0x0800a176   0x0800a176   0x00000002   PAD
    0x0800a178   0x0800a178   0x000000aa   Code   RO         2006    .text.xTaskPriorityDisinherit  tasks.o
    0x0800a222   0x0800a222   0x00000006   PAD
    0x0800a228   0x0800a228   0x000000f0   Code   RO         1980    .text.xTaskRemoveFromEventList  tasks.o
    0x0800a318   0x0800a318   0x00000142   Code   RO         1932    .text.xTaskResumeAll  tasks.o
    0x0800a45a   0x0800a45a   0x00000006   PAD
    0x0800a460   0x0800a460   0x000000b4   Code   RO         2049    .text.xTimerCreateTimerTask  timers.o
    0x0800a514   0x0800a514   0x0000001a   Code   RO         2569    x$fpl$fpinit        fz_wv.l(fpinit.o)
    0x0800a52e   0x0800a52e   0x00000002   PAD
    0x0800a530   0x0800a530   0x0000004c   Data   RO         1515    .rodata..L__const.HAL_FDCAN_Init.CvtEltSize  stm32h7xx_hal_fdcan.o
    0x0800a57c   0x0800a57c   0x00000006   Data   RO         1660    .rodata..Lswitch.table.UART_SetConfig.7  stm32h7xx_hal_uart.o
    0x0800a582   0x0800a582   0x00000006   Data   RO         1661    .rodata..Lswitch.table.UART_SetConfig.9  stm32h7xx_hal_uart.o
    0x0800a588   0x0800a588   0x00000010   Data   RO         1717    .rodata.D1CorePrescTable  system_stm32h7xx.o
    0x0800a598   0x0800a598   0x00000018   Data   RO         1659    .rodata.UARTPrescTable  stm32h7xx_hal_uart.o
    0x0800a5b0   0x0800a5b0   0x00000024   Data   RO           51    .rodata.chassisTask_attributes  freertos.o
    0x0800a5d4   0x0800a5d4   0x00000024   Data   RO           52    .rodata.chassis_can_attributes  freertos.o
    0x0800a5f8   0x0800a5f8   0x00000010   Data   RO         1516    .rodata.cst16       stm32h7xx_hal_fdcan.o
    0x0800a608   0x0800a608   0x00000010   Data   RO         1702    .rodata.cst8        stm32h7xx_hal_uart_ex.o
    0x0800a618   0x0800a618   0x00000018   Data   RO           53    .rodata.handleQueue_attributes  freertos.o
    0x0800a630   0x0800a630   0x00000018   Data   RO           54    .rodata.imuQueue_attributes  freertos.o
    0x0800a648   0x0800a648   0x0000002d   Data   RO           50    .rodata.str1.1      freertos.o
    0x0800a675   0x0800a675   0x00000005   Data   RO         2093    .rodata.str1.1      timers.o
    0x0800a67a   0x0800a67a   0x00000002   PAD
    0x0800a67c   0x0800a67c   0x00000004   Data   RO         2037    .rodata.uxTopUsedPriority  tasks.o
    0x0800a680   0x0800a680   0x00000020   Data   RO         2630    Region$$Table       anon$$obj.o


    Execution Region RW_IRAM1 (Exec base: 0x20000000, Load base: 0x0800a6a0, Size: 0x00000000, Max: 0x00020000, ABSOLUTE)

    **** No section assigned to this execution region ****


    Execution Region RW_IRAM2 (Exec base: 0x24000000, Load base: 0x0800a6a0, Size: 0x00005558, Max: 0x00050000, ABSOLUTE)

    Exec Addr    Load Addr    Size         Type   Attr      Idx    E Section Name        Object

    0x24000000   0x0800a6a0   0x00000008   Data   RW         1110    .data..L_MergedGlobals  stm32h7xx_hal.o
    0x24000008   0x0800a6a8   0x00000008   Data   RW         1718    .data..L_MergedGlobals  system_stm32h7xx.o
    0x24000010   0x0800a6b0   0x00000004   Data   RW         2320    .data.uxCriticalNesting  port.o
    0x24000014   0x0800a6b4   0x00000004   PAD
    0x24000018        -       0x00000060   Zero   RW         2495    .bss                c_w.l(libspace.o)
    0x24000078        -       0x00000010   Zero   RW           55    .bss..L_MergedGlobals  freertos.o
    0x24000088        -       0x0000007c   Zero   RW         2039    .bss..L_MergedGlobals  tasks.o
    0x24000104        -       0x0000003c   Zero   RW         2094    .bss..L_MergedGlobals  timers.o
    0x24000140        -       0x0000001c   Zero   RW         2285    .bss..L_MergedGlobals  heap_4.o
    0x2400015c        -       0x00000008   Zero   RW         2321    .bss..L_MergedGlobals  port.o
    0x24000164        -       0x00000010   Zero   RW         2344    .bss..L_MergedGlobals  mymain.o
    0x24000174        -       0x00000028   Zero   RW         2040    .bss..L_MergedGlobals.1  tasks.o
    0x2400019c        -       0x00000004   Zero   RW         2257    .bss.KernelState    cmsis_os2.o
    0x240001a0        -       0x00000080   Zero   RW         2343    .bss.dji_motor      mymain.o
    0x24000220        -       0x00000078   Zero   RW           99    .bss.hdma_uart7_rx  usart.o
    0x24000298        -       0x00000078   Zero   RW           98    .bss.hdma_uart7_tx  usart.o
    0x24000310        -       0x00000078   Zero   RW          101    .bss.hdma_usart1_rx  usart.o
    0x24000388        -       0x00000078   Zero   RW          100    .bss.hdma_usart1_tx  usart.o
    0x24000400        -       0x000000a0   Zero   RW           79    .bss.hfdcan1        fdcan.o
    0x240004a0        -       0x0000004c   Zero   RW          160    .bss.htim4          stm32h7xx_hal_timebase_tim.o
    0x240004ec        -       0x00000094   Zero   RW           97    .bss.huart1         usart.o
    0x24000580        -       0x00000094   Zero   RW           96    .bss.huart7         usart.o
    0x24000614        -       0x000000a0   Zero   RW         2092    .bss.prvCheckForValidListAndQueue.ucStaticTimerQueueStorage  timers.o
    0x240006b4        -       0x00000050   Zero   RW         2091    .bss.prvCheckForValidListAndQueue.xStaticTimerQueue  timers.o
    0x24000704        -       0x00000004   Zero   RW         2036    .bss.pxCurrentTCB   tasks.o
    0x24000708        -       0x00000460   Zero   RW         2038    .bss.pxReadyTasksLists  tasks.o
    0x24000b68        -       0x00003c00   Zero   RW         2284    .bss.ucHeap         heap_4.o
    0x24004768        -       0x00000004   Zero   RW         1109    .bss.uwTick         stm32h7xx_hal.o
    0x2400476c        -       0x00000200   Zero   RW         2259    .bss.vApplicationGetIdleTaskMemory.Idle_Stack  cmsis_os2.o
    0x2400496c        -       0x00000064   Zero   RW         2258    .bss.vApplicationGetIdleTaskMemory.Idle_TCB  cmsis_os2.o
    0x240049d0        -       0x00000400   Zero   RW         2261    .bss.vApplicationGetTimerTaskMemory.Timer_Stack  cmsis_os2.o
    0x24004dd0        -       0x00000064   Zero   RW         2260    .bss.vApplicationGetTimerTaskMemory.Timer_TCB  cmsis_os2.o
    0x24004e34        -       0x000000e0   Zero   RW         2342    .bss.vesc_motor     mymain.o
    0x24004f14        -       0x00000040   Zero   RW         1857    .bss.xQueueRegistry  queue.o
    0x24004f54   0x0800a6b4   0x00000004   PAD
    0x24004f58        -       0x00000200   Zero   RW            2    HEAP                startup_stm32h723xx.o
    0x24005158        -       0x00000400   Zero   RW            1    STACK               startup_stm32h723xx.o


==============================================================================

Image component sizes


      Code (inc. data)   RO Data    RW Data    ZI Data      Debug   Object Name

       878          0          0          0       1740      62646   cmsis_os2.o
       102          0          0          0          0       6736   dji_2006.o
       100          0          0          0          0       5387   dma.o
       282          0          0          0        160      11168   fdcan.o
       106          0        165          0         16       3961   freertos.o
       116          0          0          0          0       2790   gpio.o
       694          0          0          0      15388       6035   heap_4.o
       168          0          0          0          0       2329   list.o
       308          0          0          0          0       6837   main.o
      2074          0          0          0        368      11168   mymain.o
      1058         16          0          4          8       4108   port.o
      2290          0          0          0         64      30383   queue.o
        72         30        716          0       1536        840   startup_stm32h723xx.o
       138          0          0          8          4      15881   stm32h7xx_hal.o
       308          0          0          0          0      12477   stm32h7xx_hal_cortex.o
      7794         12          0          0          0      17989   stm32h7xx_hal_dma.o
      2624          0         92          0          0      63337   stm32h7xx_hal_fdcan.o
       502          0          0          0          0       7108   stm32h7xx_hal_gpio.o
        42          0          0          0          0       5424   stm32h7xx_hal_msp.o
        76          0          0          0          0       9639   stm32h7xx_hal_pwr_ex.o
      2552         16          0          0          0      11351   stm32h7xx_hal_rcc.o
      3946        138          0          0          0      19825   stm32h7xx_hal_rcc_ex.o
      1066          0          0          0          0      65314   stm32h7xx_hal_tim.o
         6          0          0          0          0      26683   stm32h7xx_hal_tim_ex.o
       164          0          0          0         76       9740   stm32h7xx_hal_timebase_tim.o
      5780        330         36          0          0      43704   stm32h7xx_hal_uart.o
       516          0         16          0          0      11522   stm32h7xx_hal_uart_ex.o
       108          0          0          0          0      10040   stm32h7xx_it.o
       254          0         16          8          0       5669   system_stm32h7xx.o
      3772          8          4          0       1288      45549   tasks.o
       994         20          5          0        300      17246   timers.o
       754          0          0          0        776      11992   usart.o
       312          8          0          0          0      15278   vesc.o

    ----------------------------------------------------------------------
     40620        610       1084         20      21732     580156   Object Totals
         0          0         32          0          0          0   (incl. Generated)
       664         32          2          0          8          0   (incl. Padding)

    ----------------------------------------------------------------------

      Code (inc. data)   RO Data    RW Data    ZI Data      Debug   Library Member Name

         8          0          0          0          0         68   __main.o
         0          0          0          0          0          0   __rtentry.o
        12          0          0          0          0          0   __rtentry2.o
         6          0          0          0          0          0   __rtentry4.o
        52          8          0          0          0          0   __scatter.o
        26          0          0          0          0          0   __scatter_copy.o
        28          0          0          0          0          0   __scatter_zi.o
        16          0          0          0          0         68   aeabi_memset4.o
        18          0          0          0          0         80   exit.o
         6          0          0          0          0        152   heapauxi.o
         0          0          0          0          0          0   indicate_semi.o
         2          0          0          0          0          0   libinit.o
         6          0          0          0          0          0   libinit2.o
         2          0          0          0          0          0   libshutdown.o
         2          0          0          0          0          0   libshutdown2.o
         8          4          0          0         96         68   libspace.o
       240          0          0          0          0        100   lludivv7m.o
        68          0          0          0          0         68   rt_memclr.o
        78          0          0          0          0         80   rt_memclr_w.o
       138          0          0          0          0         68   rt_memcpy_v6.o
       100          0          0          0          0         80   rt_memcpy_w.o
         2          0          0          0          0          0   rtexit.o
        10          0          0          0          0          0   rtexit2.o
        12          4          0          0          0         68   sys_exit.o
        74          0          0          0          0         80   sys_stackheap_outer.o
         2          0          0          0          0         68   use_no_semi.o
        26          0          0          0          0        116   fpinit.o

    ----------------------------------------------------------------------
       952         16          0          0         96       1164   Library Totals
        10          0          0          0          0          0   (incl. Padding)

    ----------------------------------------------------------------------

      Code (inc. data)   RO Data    RW Data    ZI Data      Debug   Library Name

       916         16          0          0         96       1048   c_w.l
        26          0          0          0          0        116   fz_wv.l

    ----------------------------------------------------------------------
       952         16          0          0         96       1164   Library Totals

    ----------------------------------------------------------------------

==============================================================================


      Code (inc. data)   RO Data    RW Data    ZI Data      Debug   

     41572        626       1084         20      21828     580232   Grand Totals
     41572        626       1084         20      21828     580232   ELF Image Totals
     41572        626       1084         20          0          0   ROM Totals

==============================================================================

    Total RO  Size (Code + RO Data)                42656 (  41.66kB)
    Total RW  Size (RW Data + ZI Data)             21848 (  21.34kB)
    Total ROM Size (Code + RO Data + RW Data)      42676 (  41.68kB)

==============================================================================

